Component: ARM Compiler 5.06 update 6 (build 750) Tool: armlink [4d35ed]

==============================================================================

Section Cross References

    main.o(.text) refers to menu.o(.text) for init
    main.o(.text) refers to delay.o(.text) for delay_ms
    system_stm32f4xx.o(.text) refers to system_stm32f4xx.o(.data) for SystemCoreClock
    led.o(.text) refers to stm32f4xx_rcc.o(.text) for RCC_AHB1PeriphClockCmd
    led.o(.text) refers to stm32f4xx_gpio.o(.text) for GPIO_Init
    key.o(.text) refers to stm32f4xx_rcc.o(.text) for RCC_AHB1PeriphClockCmd
    key.o(.text) refers to stm32f4xx_gpio.o(.text) for GPIO_Init
    key.o(.text) refers to delay.o(.text) for delay_ms
    key.o(.text) refers to key.o(.data) for key_up
    timer.o(.text) refers to stm32f4xx_tim.o(.text) for TIM_GetITStatus
    timer.o(.text) refers to stm32f4xx_rcc.o(.text) for RCC_APB1PeriphClockCmd
    timer.o(.text) refers to misc.o(.text) for NVIC_Init
    timer.o(.text) refers to usart3.o(.data) for USART3_RX_STA
    usart3.o(.text) refers to stm32f4xx_usart.o(.text) for USART_GetITStatus
    usart3.o(.text) refers to stm32f4xx_rcc.o(.text) for RCC_AHB1PeriphClockCmd
    usart3.o(.text) refers to stm32f4xx_gpio.o(.text) for GPIO_Init
    usart3.o(.text) refers to misc.o(.text) for NVIC_Init
    usart3.o(.text) refers to c89vsprintf.o(.text) for __c89vsprintf
    usart3.o(.text) refers to strlen.o(.text) for strlen
    usart3.o(.text) refers to usart3.o(.data) for connected
    usart3.o(.text) refers to usart3.o(.bss) for ad_BUF
    hc05.o(.text) refers to _printf_percent.o(.ARM.Collect$$_printf_percent$$00000000) for _printf_percent
    hc05.o(.text) refers to _printf_s.o(.ARM.Collect$$_printf_percent$$00000014) for _printf_s
    hc05.o(.text) refers to _printf_str.o(.text) for _printf_str
    hc05.o(.text) refers to stm32f4xx_rcc.o(.text) for RCC_AHB1PeriphClockCmd
    hc05.o(.text) refers to stm32f4xx_gpio.o(.text) for GPIO_Init
    hc05.o(.text) refers to usart3.o(.text) for usart3_init
    hc05.o(.text) refers to delay.o(.text) for delay_ms
    hc05.o(.text) refers to __2printf.o(.text) for __2printf
    hc05.o(.text) refers to usart3.o(.data) for USART3_RX_STA
    hc05.o(.text) refers to usart3.o(.bss) for USART3_RX_BUF
    oled.o(.text) refers to stm32f4xx_gpio.o(.text) for GPIO_SetBits
    oled.o(.text) refers to oled.o(.bss) for OLED_GRAM
    oled.o(.text) refers to oled.o(.constdata) for asc2_1206
    oled.o(.text) refers to stm32f4xx_rcc.o(.text) for RCC_AHB1PeriphClockCmd
    oled.o(.text) refers to delay.o(.text) for delay_ms
    oled.o(.text) refers to oled.o(.data) for Hzk1
    menu.o(.text) refers to delay.o(.text) for delay_init
    menu.o(.text) refers to misc.o(.text) for NVIC_PriorityGroupConfig
    menu.o(.text) refers to usart.o(.text) for uart_init
    menu.o(.text) refers to oled.o(.text) for OLED_Init
    menu.o(.text) refers to hc05.o(.text) for HC05_Init
    menu.o(.text) refers to led.o(.text) for LED_Init
    menu.o(.text) refers to stm32f4xx_gpio.o(.text) for GPIO_SetBits
    menu.o(.text) refers to stm32f4xx_usart.o(.text) for USART_Cmd
    menu.o(.text) refers to f2d.o(x$fpl$f2d) for __aeabi_f2d
    menu.o(.text) refers to dleqf.o(x$fpl$dleqf) for __aeabi_cdcmple
    menu.o(.text) refers to usmart_config.o(.data) for usmart_dev
    menu.o(.text) refers to usart3.o(.data) for ad_RX_BUF
    menu.o(.text) refers to usart3.o(.bss) for ad_BUF
    delay.o(.text) refers to misc.o(.text) for SysTick_CLKSourceConfig
    delay.o(.text) refers to delay.o(.data) for fac_us
    usart.o(.rev16_text) refers (Special) to use_no_semi_2.o(.text) for __use_no_semihosting
    usart.o(.revsh_text) refers (Special) to use_no_semi_2.o(.text) for __use_no_semihosting
    usart.o(.rrx_text) refers (Special) to use_no_semi_2.o(.text) for __use_no_semihosting
    usart.o(.text) refers (Special) to use_no_semi_2.o(.text) for __use_no_semihosting
    usart.o(.text) refers to stm32f4xx_rcc.o(.text) for RCC_AHB1PeriphClockCmd
    usart.o(.text) refers to stm32f4xx_gpio.o(.text) for GPIO_PinAFConfig
    usart.o(.text) refers to stm32f4xx_usart.o(.text) for USART_Init
    usart.o(.text) refers to misc.o(.text) for NVIC_Init
    usart.o(.text) refers to usart.o(.data) for USART_RX_STA
    usart.o(.text) refers to usart.o(.bss) for USART_RX_BUF
    usart.o(.bss) refers (Special) to use_no_semi_2.o(.text) for __use_no_semihosting
    usart.o(.data) refers (Special) to use_no_semi_2.o(.text) for __use_no_semihosting
    startup_stm32f40_41xxx.o(STACK) refers (Special) to heapauxi.o(.text) for __use_two_region_memory
    startup_stm32f40_41xxx.o(HEAP) refers (Special) to heapauxi.o(.text) for __use_two_region_memory
    startup_stm32f40_41xxx.o(RESET) refers (Special) to heapauxi.o(.text) for __use_two_region_memory
    startup_stm32f40_41xxx.o(RESET) refers to startup_stm32f40_41xxx.o(STACK) for __initial_sp
    startup_stm32f40_41xxx.o(RESET) refers to startup_stm32f40_41xxx.o(.text) for Reset_Handler
[...]
    x$fpl$f2d                                0x08005e74   Section       86  f2d.o(x$fpl$f2d)
    $v0                                      0x08005e74   Number         0  f2d.o(x$fpl$f2d)
    x$fpl$fnaninf                            0x08005eca   Section      140  fnaninf.o(x$fpl$fnaninf)
    $v0                                      0x08005eca   Number         0  fnaninf.o(x$fpl$fnaninf)
    x$fpl$fpinit                             0x08005f56   Section       10  fpinit.o(x$fpl$fpinit)
    $v0                                      0x08005f56   Number         0  fpinit.o(x$fpl$fpinit)
    x$fpl$printf1                            0x08005f60   Section        4  printf1.o(x$fpl$printf1)
    $v0                                      0x08005f60   Number         0  printf1.o(x$fpl$printf1)
    .constdata                               0x08005f64   Section     6080  oled.o(.constdata)
    x$fpl$usenofp                            0x08005f64   Section        0  usenofp.o(x$fpl$usenofp)
    .constdata                               0x08007724   Section       40  _printf_hex_int_ll_ptr.o(.constdata)
    uc_hextab                                0x08007724   Data          20  _printf_hex_int_ll_ptr.o(.constdata)
    lc_hextab                                0x08007738   Data          20  _printf_hex_int_ll_ptr.o(.constdata)
    .constdata                               0x0800774c   Section       17  __printf_flags_ss_wp.o(.constdata)
    maptable                                 0x0800774c   Data          17  __printf_flags_ss_wp.o(.constdata)
    .constdata                               0x08007760   Section        8  _printf_wctomb.o(.constdata)
    initial_mbstate                          0x08007760   Data           8  _printf_wctomb.o(.constdata)
    .constdata                               0x08007768   Section      148  bigflt0.o(.constdata)
    tenpwrs_x                                0x08007768   Data          60  bigflt0.o(.constdata)
    tenpwrs_i                                0x080077a4   Data          64  bigflt0.o(.constdata)
    .conststring                             0x080077fc   Section       40  usmart.o(.conststring)
    .conststring                             0x08007824   Section      111  usmart_config.o(.conststring)
    locale$$data                             0x080078b4   Section       28  lc_numeric_c.o(locale$$data)
    __lcnum_c_name                           0x080078b8   Data           2  lc_numeric_c.o(locale$$data)
    __lcnum_c_start                          0x080078c0   Data           0  lc_numeric_c.o(locale$$data)
    __lcnum_c_point                          0x080078cc   Data           0  lc_numeric_c.o(locale$$data)
    __lcnum_c_thousands                      0x080078ce   Data           0  lc_numeric_c.o(locale$$data)
    __lcnum_c_grouping                       0x080078cf   Data           0  lc_numeric_c.o(locale$$data)
    locale$$data                             0x080078d0   Section      272  lc_ctype_c.o(locale$$data)
    __lcnum_c_end                            0x080078d0   Data           0  lc_numeric_c.o(locale$$data)
    __lcctype_c_name                         0x080078d4   Data           2  lc_ctype_c.o(locale$$data)
    __lcctype_c_start                        0x080078dc   Data           0  lc_ctype_c.o(locale$$data)
    __lcctype_c_end                          0x080079e0   Data           0  lc_ctype_c.o(locale$$data)
    .data                                    0x20000000   Section       20  system_stm32f4xx.o(.data)
    .data                                    0x20000014   Section       24  usart3.o(.data)
    .data                                    0x2000002c   Section     7224  oled.o(.data)
    .data                                    0x20001c64   Section        4  delay.o(.data)
    fac_us                                   0x20001c64   Data           1  delay.o(.data)
    fac_ms                                   0x20001c66   Data           2  delay.o(.data)
    .data                                    0x20001c68   Section        6  usart.o(.data)
    .data                                    0x20001c6e   Section       16  stm32f4xx_rcc.o(.data)
    APBAHBPrescTable                         0x20001c6e   Data          16  stm32f4xx_rcc.o(.data)
    .data                                    0x20001c80   Section       28  usmart.o(.data)
    .data                                    0x20001c9c   Section      276  usmart_config.o(.data)
    .bss                                     0x20001db0   Section      821  usart3.o(.bss)
    .bss                                     0x200020e5   Section     1152  oled.o(.bss)
    .bss                                     0x20002565   Section      200  usart.o(.bss)
    .bss                                     0x20002630   Section       96  libspace.o(.bss)
    HEAP                                     0x20002690   Section      512  startup_stm32f40_41xxx.o(HEAP)
    Heap_Mem                                 0x20002690   Data         512  startup_stm32f40_41xxx.o(HEAP)
    STACK                                    0x20002890   Section     1024  startup_stm32f40_41xxx.o(STACK)
    Stack_Mem                                0x20002890   Data        1024  startup_stm32f40_41xxx.o(STACK)
    __initial_sp                             0x20002c90   Data           0  startup_stm32f40_41xxx.o(STACK)

    Global Symbols

    Symbol Name                              Value     Ov Type        Size  Object(Section)

    BuildAttributes$$THM_ISAv4$E$P$D$K$B$S$7EM$VFPi3$EXTD16$VFPS$VFMA$PE$A:L22UL41UL21$X:L11$S22US41US21$IEEE1$IW$USESV6$~STKCKD$USESV7$~SHL$OTIME$ROPI$IEEEJ$EBA8$UX$STANDARDLIB$REQ8$PRES8$EABIv2 0x00000000   Number         0  anon$$obj.o ABSOLUTE
    __ARM_use_no_argv                        0x00000000   Number         0  main.o ABSOLUTE
    _printf_flags                            0x00000000   Number         0  printf_stubs.o ABSOLUTE
    _printf_return_value                     0x00000000   Number         0  printf_stubs.o ABSOLUTE
    _printf_sizespec                         0x00000000   Number         0  printf_stubs.o ABSOLUTE
    _printf_widthprec                        0x00000000   Number         0  printf_stubs.o ABSOLUTE
    __ARM_exceptions_init                     - Undefined Weak Reference
    __alloca_initialize                       - Undefined Weak Reference
    __arm_preinit_                            - Undefined Weak Reference
    __cpp_initialize__aeabi_                  - Undefined Weak Reference
    __cxa_finalize                            - Undefined Weak Reference
    __sigvec_lookup                           - Undefined Weak Reference
    _atexit_init                              - Undefined Weak Reference
    _call_atexit_fns                          - Undefined Weak Reference
    _clock_init                               - Undefined Weak Reference
    _fp_trap_init                             - Undefined Weak Reference
    _fp_trap_shutdown                         - Undefined Weak Reference
    _get_lc_collate                           - Undefined Weak Reference
    _get_lc_monetary                          - Undefined Weak Reference
    _get_lc_time                              - Undefined Weak Reference
    _getenv_init                              - Undefined Weak Reference
    _handle_redirection                       - Undefined Weak Reference
    _init_alloc                               - Undefined Weak Reference
    _init_user_alloc                          - Undefined Weak Reference
    _initio                                   - Undefined Weak Reference
    _mutex_acquire                            - Undefined Weak Reference
    _mutex_release                            - Undefined Weak Reference
    _printf_fp_hex                            - Undefined Weak Reference
    _printf_mbtowc                            - Undefined Weak Reference
    _printf_wc                                - Undefined Weak Reference
    _rand_init                                - Undefined Weak Reference
    _signal_finish                            - Undefined Weak Reference
    _signal_init                              - Undefined Weak Reference
    _terminate_alloc                          - Undefined Weak Reference
    _terminate_user_alloc                     - Undefined Weak Reference
    _terminateio                              - Undefined Weak Reference
    __Vectors_Size                           0x00000188   Number         0  startup_stm32f40_41xxx.o ABSOLUTE
    __Vectors                                0x08000000   Data           4  startup_stm32f40_41xxx.o(RESET)
    __Vectors_End                            0x08000188   Data           0  startup_stm32f40_41xxx.o(RESET)
    __main                                   0x08000189   Thumb Code     8  __main.o(!!!main)
    __scatterload                            0x08000191   Thumb Code     0  __scatter.o(!!!scatter)
    __scatterload_rt2                        0x08000191   Thumb Code    44  __scatter.o(!!!scatter)
    __scatterload_rt2_thumb_only             0x08000191   Thumb Code     0  __scatter.o(!!!scatter)
    __scatterload_null                       0x0800019f   Thumb Code     0  __scatter.o(!!!scatter)
    __decompress                             0x080001c5   Thumb Code    90  __dczerorl2.o(!!dczerorl2)
    __decompress1                            0x080001c5   Thumb Code     0  __dczerorl2.o(!!dczerorl2)
    __scatterload_zeroinit                   0x08000221   Thumb Code    28  __scatter_zi.o(!!handler_zi)
    _printf_n                                0x0800023d   Thumb Code     0  _printf_n.o(.ARM.Collect$$_printf_percent$$00000001)
    _printf_percent                          0x0800023d   Thumb Code     0  _printf_percent.o(.ARM.Collect$$_printf_percent$$00000000)
    _printf_p                                0x08000243   Thumb Code     0  _printf_p.o(.ARM.Collect$$_printf_percent$$00000002)
    _printf_f                                0x08000249   Thumb Code     0  _printf_f.o(.ARM.Collect$$_printf_percent$$00000003)
    _printf_e                                0x0800024f   Thumb Code     0  _printf_e.o(.ARM.Collect$$_printf_percent$$00000004)
    _printf_g                                0x08000255   Thumb Code     0  _printf_g.o(.ARM.Collect$$_printf_percent$$00000005)
    _printf_a                                0x0800025b   Thumb Code     0  _printf_a.o(.ARM.Collect$$_printf_percent$$00000006)
    _printf_ll                               0x08000261   Thumb Code     0  _printf_ll.o(.ARM.Collect$$_printf_percent$$00000007)
    _printf_i                                0x0800026b   Thumb Code     0  _printf_i.o(.ARM.Collect$$_printf_percent$$00000008)
    _printf_d                                0x08000271   Thumb Code     0  _printf_d.o(.ARM.Collect$$_printf_percent$$00000009)
    _printf_u                                0x08000277   Thumb Code     0  _printf_u.o(.ARM.Collect$$_printf_percent$$0000000A)
    _printf_o                                0x0800027d   Thumb Code     0  _printf_o.o(.ARM.Collect$$_printf_percent$$0000000B)
    _printf_x                                0x08000283   Thumb Code     0  _printf_x.o(.ARM.Collect$$_printf_percent$$0000000C)
    _printf_lli                              0x08000289   Thumb Code     0  _printf_lli.o(.ARM.Collect$$_printf_percent$$0000000D)
    _printf_lld                              0x0800028f   Thumb Code     0  _printf_lld.o(.ARM.Collect$$_printf_percent$$0000000E)
    _printf_llu                              0x08000295   Thumb Code     0  _printf_llu.o(.ARM.Collect$$_printf_percent$$0000000F)
    _printf_llo                              0x0800029b   Thumb Code     0  _printf_llo.o(.ARM.Collect$$_printf_percent$$00000010)
    _printf_llx                              0x080002a1   Thumb Code     0  _printf_llx.o(.ARM.Collect$$_printf_percent$$00000011)
    _printf_l                                0x080002a7   Thumb Code     0  _printf_l.o(.ARM.Collect$$_printf_percent$$00000012)
    _printf_c                                0x080002b1   Thumb Code     0  _printf_c.o(.ARM.Collect$$_printf_percent$$00000013)
    _printf_s                                0x080002b7   Thumb Code     0  _printf_s.o(.ARM.Collect$$_printf_percent$$00000014)
    _printf_lc                               0x080002bd   Thumb Code     0  _printf_lc.o(.ARM.Collect$$_printf_percent$$00000015)
    _printf_ls                               0x080002c3   Thumb Code     0  _printf_ls.o(.ARM.Collect$$_printf_percent$$00000016)
    _printf_percent_end                      0x080002c9   Thumb Code     0  _printf_percent_end.o(.ARM.Collect$$_printf_percent$$00000017)
    __rt_lib_init                            0x080002cd   Thumb Code     0  libinit.o(.ARM.Collect$$libinit$$00000000)
    __rt_lib_init_fp_1                       0x080002cf   Thumb Code     0  libinit2.o(.ARM.Collect$$libinit$$00000001)
    __rt_lib_init_heap_1                     0x080002d3   Thumb Code     0  libinit2.o(.ARM.Collect$$libinit$$0000000A)
    __rt_lib_init_lc_common                  0x080002d3   Thumb Code     0  libinit2.o(.ARM.Collect$$libinit$$0000000F)
    __rt_lib_init_preinit_1                  0x080002d3   Thumb Code     0  libinit2.o(.ARM.Collect$$libinit$$00000004)
    __rt_lib_init_rand_1                     0x080002d3   Thumb Code     0  libinit2.o(.ARM.Collect$$libinit$$0000000E)
    __rt_lib_init_user_alloc_1               0x080002d3   Thumb Code     0  libinit2.o(.ARM.Collect$$libinit$$0000000C)
    __rt_lib_init_lc_collate_1               0x080002d9   Thumb Code     0  libinit2.o(.ARM.Collect$$libinit$$00000011)
    __rt_lib_init_lc_ctype_2                 0x080002d9   Thumb Code     0  libinit2.o(.ARM.Collect$$libinit$$00000012)
    __rt_lib_init_lc_ctype_1                 0x080002e5   Thumb Code     0  libinit2.o(.ARM.Collect$$libinit$$00000013)
    __rt_lib_init_lc_monetary_1              0x080002e5   Thumb Code     0  libinit2.o(.ARM.Collect$$libinit$$00000015)
    __rt_lib_init_lc_numeric_2               0x080002e5   Thumb Code     0  libinit2.o(.ARM.Collect$$libinit$$00000016)
    __rt_lib_init_alloca_1                   0x080002ef   Thumb Code     0  libinit2.o(.ARM.Collect$$libinit$$0000002E)
    __rt_lib_init_argv_1                     0x080002ef   Thumb Code     0  libinit2.o(.ARM.Collect$$libinit$$0000002C)
    __rt_lib_init_atexit_1                   0x080002ef   Thumb Code     0  libinit2.o(.ARM.Collect$$libinit$$0000001B)
    __rt_lib_init_clock_1                    0x080002ef   Thumb Code     0  libinit2.o(.ARM.Collect$$libinit$$00000021)
    __rt_lib_init_cpp_1                      0x080002ef   Thumb Code     0  libinit2.o(.ARM.Collect$$libinit$$00000032)
    __rt_lib_init_exceptions_1               0x080002ef   Thumb Code     0  libinit2.o(.ARM.Collect$$libinit$$00000030)
    __rt_lib_init_fp_trap_1                  0x080002ef   Thumb Code     0  libinit2.o(.ARM.Collect$$libinit$$0000001F)
    __rt_lib_init_getenv_1                   0x080002ef   Thumb Code     0  libinit2.o(.ARM.Collect$$libinit$$00000023)
    __rt_lib_init_lc_numeric_1               0x080002ef   Thumb Code     0  libinit2.o(.ARM.Collect$$libinit$$00000017)
    __rt_lib_init_lc_time_1                  0x080002ef   Thumb Code     0  libinit2.o(.ARM.Collect$$libinit$$00000019)
    __rt_lib_init_return                     0x080002ef   Thumb Code     0  libinit2.o(.ARM.Collect$$libinit$$00000033)
    __rt_lib_init_signal_1                   0x080002ef   Thumb Code     0  libinit2.o(.ARM.Collect$$libinit$$0000001D)
    __rt_lib_init_stdio_1                    0x080002ef   Thumb Code     0  libinit2.o(.ARM.Collect$$libinit$$00000025)
    __rt_lib_shutdown                        0x080002f1   Thumb Code     0  libshutdown.o(.ARM.Collect$$libshutdown$$00000000)
    __rt_lib_shutdown_cpp_1                  0x080002f3   Thumb Code     0  libshutdown2.o(.ARM.Collect$$libshutdown$$00000002)
    __rt_lib_shutdown_fp_trap_1              0x080002f3   Thumb Code     0  libshutdown2.o(.ARM.Collect$$libshutdown$$00000007)
    __rt_lib_shutdown_heap_1                 0x080002f3   Thumb Code     0  libshutdown2.o(.ARM.Collect$$libshutdown$$0000000F)
    __rt_lib_shutdown_return                 0x080002f3   Thumb Code     0  libshutdown2.o(.ARM.Collect$$libshutdown$$00000010)
    __rt_lib_shutdown_signal_1               0x080002f3   Thumb Code     0  libshutdown2.o(.ARM.Collect$$libshutdown$$0000000A)
    __rt_lib_shutdown_stdio_1                0x080002f3   Thumb Code     0  libshutdown2.o(.ARM.Collect$$libshutdown$$00000004)
    __rt_lib_shutdown_user_alloc_1           0x080002f3   Thumb Code     0  libshutdown2.o(.ARM.Collect$$libshutdown$$0000000C)
    __rt_entry                               0x080002f5   Thumb Code     0  __rtentry.o(.ARM.Collect$$rtentry$$00000000)
    __rt_entry_presh_1                       0x080002f5   Thumb Code     0  __rtentry2.o(.ARM.Collect$$rtentry$$00000002)
    __rt_entry_sh                            0x080002f5   Thumb Code     0  __rtentry4.o(.ARM.Collect$$rtentry$$00000004)
    __rt_entry_li                            0x080002fb   Thumb Code     0  __rtentry2.o(.ARM.Collect$$rtentry$$0000000A)
    __rt_entry_postsh_1                      0x080002fb   Thumb Code     0  __rtentry2.o(.ARM.Collect$$rtentry$$00000009)
    __rt_entry_main                          0x080002ff   Thumb Code     0  __rtentry2.o(.ARM.Collect$$rtentry$$0000000D)
    __rt_entry_postli_1                      0x080002ff   Thumb Code     0  __rtentry2.o(.ARM.Collect$$rtentry$$0000000C)
    __rt_exit                                0x08000307   Thumb Code     0  rtexit.o(.ARM.Collect$$rtexit$$00000000)
    __rt_exit_ls                             0x08000309   Thumb Code     0  rtexit2.o(.ARM.Collect$$rtexit$$00000003)
    __rt_exit_prels_1                        0x08000309   Thumb Code     0  rtexit2.o(.ARM.Collect$$rtexit$$00000002)
    __rt_exit_exit                           0x0800030d   Thumb Code     0  rtexit2.o(.ARM.Collect$$rtexit$$00000004)
    main                                     0x08000313   Thumb Code    20  main.o(.text)
    NMI_Handler                              0x08000327   Thumb Code     2  stm32f4xx_it.o(.text)
    HardFault_Handler                        0x08000329   Thumb Code     4  stm32f4xx_it.o(.text)
    MemManage_Handler                        0x0800032d   Thumb Code     4  stm32f4xx_it.o(.text)
    BusFault_Handler                         0x08000331   Thumb Code     4  stm32f4xx_it.o(.text)
    UsageFault_Handler                       0x08000335   Thumb Code     4  stm32f4xx_it.o(.text)
    SVC_Handler                              0x08000339   Thumb Code     2  stm32f4xx_it.o(.text)
    DebugMon_Handler                         0x0800033b   Thumb Code     2  stm32f4xx_it.o(.text)
    PendSV_Handler                           0x0800033d   Thumb Code     2  stm32f4xx_it.o(.text)
    SysTick_Handler                          0x0800033f   Thumb Code     2  stm32f4xx_it.o(.text)
    SystemInit                               0x0800041d   Thumb Code    88  system_stm32f4xx.o(.text)
    SystemCoreClockUpdate                    0x08000475   Thumb Code   174  system_stm32f4xx.o(.text)
    LED_Init                                 0x08000551   Thumb Code   108  led.o(.text)
    TIM7_IRQHandler                          0x080005c5   Thumb Code    42  timer.o(.text)
    TIM7_Int_Init                            0x080005ef   Thumb Code    86  timer.o(.text)
    USART3_IRQHandler                        0x0800064d   Thumb Code   266  usart3.o(.text)
    usart3_init                              0x08000757   Thumb Code   172  usart3.o(.text)
    u3_printf                                0x08000803   Thumb Code    72  usart3.o(.text)
    HC05_Init                                0x08000879   Thumb Code   100  hc05.o(.text)
    HC05_Get_Role                            0x080008dd   Thumb Code   130  hc05.o(.text)
    HC05_Set_Cmd                             0x0800095f   Thumb Code   128  hc05.o(.text)
    HC05_CFG_CMD                             0x080009df   Thumb Code    94  hc05.o(.text)
    OLED_WR_Byte                             0x08000a71   Thumb Code   108  oled.o(.text)
    OLED_ColorTurn                           0x08000add   Thumb Code    28  oled.o(.text)
    OLED_DisplayTurn                         0x08000af9   Thumb Code    44  oled.o(.text)
    OLED_DisPlay_On                          0x08000b25   Thumb Code    28  oled.o(.text)
    OLED_DisPlay_Off                         0x08000b41   Thumb Code    28  oled.o(.text)
    OLED_Refresh                             0x08000b5d   Thumb Code    70  oled.o(.text)
    OLED_Clear                               0x08000ba3   Thumb Code    42  oled.o(.text)
    OLED_DrawPoint                           0x08000bcd   Thumb Code    54  oled.o(.text)
    OLED_ClearPoint                          0x08000c03   Thumb Code    90  oled.o(.text)
    OLED_DrawLine                            0x08000c5d   Thumb Code   176  oled.o(.text)
    OLED_DrawCircle                          0x08000d0d   Thumb Code   152  oled.o(.text)
    OLED_ShowChar                            0x08000da5   Thumb Code   262  oled.o(.text)
    OLED_ShowString                          0x08000eab   Thumb Code    66  oled.o(.text)
    OLED_Pow                                 0x08000eed   Thumb Code    22  oled.o(.text)
    OLED_ShowNum                             0x08000f03   Thumb Code   116  oled.o(.text)
    OLED_ShowChinese                         0x08000f77   Thumb Code   248  oled.o(.text)
    OLED_ScrollDisplay                       0x0800106f   Thumb Code   160  oled.o(.text)
    OLED_WR_BP                               0x0800110f   Thumb Code    42  oled.o(.text)
    OLED_ShowPicture                         0x08001139   Thumb Code    98  oled.o(.text)
    OLED_Init                                0x0800119b   Thumb Code   336  oled.o(.text)
    init                                     0x08001309   Thumb Code   184  menu.o(.text)
    menu                                     0x080013c1   Thumb Code   696  menu.o(.text)
    HC05_Role_Show                           0x08001679   Thumb Code    46  menu.o(.text)
    HC05_Sta_Show                            0x080016a7   Thumb Code    44  menu.o(.text)
    delay_init                               0x080017ed   Thumb Code    52  delay.o(.text)
    delay_us                                 0x08001821   Thumb Code    72  delay.o(.text)
    delay_xms                                0x08001869   Thumb Code    72  delay.o(.text)
    delay_ms                                 0x080018b1   Thumb Code    56  delay.o(.text)
    _sys_exit                                0x080018f1   Thumb Code     6  usart.o(.text)
    fputc                                    0x080018f7   Thumb Code    22  usart.o(.text)
    uart_init                                0x0800190d   Thumb Code   172  usart.o(.text)
    USART1_IRQHandler                        0x080019b9   Thumb Code   122  usart.o(.text)
    Reset_Handler                            0x08001a45   Thumb Code     8  startup_stm32f40_41xxx.o(.text)
    ADC_IRQHandler                           0x08001a5f   Thumb Code     0  startup_stm32f40_41xxx.o(.text)
    CAN1_RX0_IRQHandler                      0x08001a5f   Thumb Code     0  startup_stm32f40_41xxx.o(.text)
    CAN1_RX1_IRQHandler                      0x08001a5f   Thumb Code     0  startup_stm32f40_41xxx.o(.text)
    CAN1_SCE_IRQHandler                      0x08001a5f   Thumb Code     0  startup_stm32f40_41xxx.o(.text)
    CAN1_TX_IRQHandler                       0x08001a5f   Thumb Code     0  startup_stm32f40_41xxx.o(.text)
    CAN2_RX0_IRQHandler                      0x08001a5f   Thumb Code     0  startup_stm32f40_41xxx.o(.text)
    CAN2_RX1_IRQHandler                      0x08001a5f   Thumb Code     0  startup_stm32f40_41xxx.o(.text)
    CAN2_SCE_IRQHandler                      0x08001a5f   Thumb Code     0  startup_stm32f40_41xxx.o(.text)
    CAN2_TX_IRQHandler                       0x08001a5f   Thumb Code     0  startup_stm32f40_41xxx.o(.text)
    CRYP_IRQHandler                          0x08001a5f   Thumb Code     0  startup_stm32f40_41xxx.o(.text)
    DCMI_IRQHandler                          0x08001a5f   Thumb Code     0  startup_stm32f40_41xxx.o(.text)
    DMA1_Stream0_IRQHandler                  0x08001a5f   Thumb Code     0  startup_stm32f40_41xxx.o(.text)
    DMA1_Stream1_IRQHandler                  0x08001a5f   Thumb Code     0  startup_stm32f40_41xxx.o(.text)
    DMA1_Stream2_IRQHandler                  0x08001a5f   Thumb Code     0  startup_stm32f40_41xxx.o(.text)
    DMA1_Stream3_IRQHandler                  0x08001a5f   Thumb Code     0  startup_stm32f40_41xxx.o(.text)
    DMA1_Stream4_IRQHandler                  0x08001a5f   Thumb Code     0  startup_stm32f40_41xxx.o(.text)
    DMA1_Stream5_IRQHandler                  0x08001a5f   Thumb Code     0  startup_stm32f40_41xxx.o(.text)
    DMA1_Stream6_IRQHandler                  0x08001a5f   Thumb Code     0  startup_stm32f40_41xxx.o(.text)
    DMA1_Stream7_IRQHandler                  0x08001a5f   Thumb Code     0  startup_stm32f40_41xxx.o(.text)
    DMA2_Stream0_IRQHandler                  0x08001a5f   Thumb Code     0  startup_stm32f40_41xxx.o(.text)
    DMA2_Stream1_IRQHandler                  0x08001a5f   Thumb Code     0  startup_stm32f40_41xxx.o(.text)
    DMA2_Stream2_IRQHandler                  0x08001a5f   Thumb Code     0  startup_stm32f40_41xxx.o(.text)
    DMA2_Stream3_IRQHandler                  0x08001a5f   Thumb Code     0  startup_stm32f40_41xxx.o(.text)
    DMA2_Stream4_IRQHandler                  0x08001a5f   Thumb Code     0  startup_stm32f40_41xxx.o(.text)
    DMA2_Stream5_IRQHandler                  0x08001a5f   Thumb Code     0  startup_stm32f40_41xxx.o(.text)
    DMA2_Stream6_IRQHandler                  0x08001a5f   Thumb Code     0  startup_stm32f40_41xxx.o(.text)
    DMA2_Stream7_IRQHandler                  0x08001a5f   Thumb Code     0  startup_stm32f40_41xxx.o(.text)
    ETH_IRQHandler                           0x08001a5f   Thumb Code     0  startup_stm32f40_41xxx.o(.text)
    ETH_WKUP_IRQHandler                      0x08001a5f   Thumb Code     0  startup_stm32f40_41xxx.o(.text)
    EXTI0_IRQHandler                         0x08001a5f   Thumb Code     0  startup_stm32f40_41xxx.o(.text)
    EXTI15_10_IRQHandler                     0x08001a5f   Thumb Code     0  startup_stm32f40_41xxx.o(.text)
    EXTI1_IRQHandler                         0x08001a5f   Thumb Code     0  startup_stm32f40_41xxx.o(.text)
    EXTI2_IRQHandler                         0x08001a5f   Thumb Code     0  startup_stm32f40_41xxx.o(.text)
    EXTI3_IRQHandler                         0x08001a5f   Thumb Code     0  startup_stm32f40_41xxx.o(.text)
    EXTI4_IRQHandler                         0x08001a5f   Thumb Code     0  startup_stm32f40_41xxx.o(.text)
    EXTI9_5_IRQHandler                       0x08001a5f   Thumb Code     0  startup_stm32f40_41xxx.o(.text)
    FLASH_IRQHandler                         0x08001a5f   Thumb Code     0  startup_stm32f40_41xxx.o(.text)
    FPU_IRQHandler                           0x08001a5f   Thumb Code     0  startup_stm32f40_41xxx.o(.text)
    FSMC_IRQHandler                          0x08001a5f   Thumb Code     0  startup_stm32f40_41xxx.o(.text)
    HASH_RNG_IRQHandler                      0x08001a5f   Thumb Code     0  startup_stm32f40_41xxx.o(.text)
    I2C1_ER_IRQHandler                       0x08001a5f   Thumb Code     0  startup_stm32f40_41xxx.o(.text)
    I2C1_EV_IRQHandler                       0x08001a5f   Thumb Code     0  startup_stm32f40_41xxx.o(.text)
    I2C2_ER_IRQHandler                       0x08001a5f   Thumb Code     0  startup_stm32f40_41xxx.o(.text)
    I2C2_EV_IRQHandler                       0x08001a5f   Thumb Code     0  startup_stm32f40_41xxx.o(.text)
    I2C3_ER_IRQHandler                       0x08001a5f   Thumb Code     0  startup_stm32f40_41xxx.o(.text)
    I2C3_EV_IRQHandler                       0x08001a5f   Thumb Code     0  startup_stm32f40_41xxx.o(.text)
    OTG_FS_IRQHandler                        0x08001a5f   Thumb Code     0  startup_stm32f40_41xxx.o(.text)
    OTG_FS_WKUP_IRQHandler                   0x08001a5f   Thumb Code     0  startup_stm32f40_41xxx.o(.text)
    OTG_HS_EP1_IN_IRQHandler                 0x08001a5f   Thumb Code     0  startup_stm32f40_41xxx.o(.text)
    OTG_HS_EP1_OUT_IRQHandler                0x08001a5f   Thumb Code     0  startup_stm32f40_41xxx.o(.text)
    OTG_HS_IRQHandler                        0x08001a5f   Thumb Code     0  startup_stm32f40_41xxx.o(.text)
    OTG_HS_WKUP_IRQHandler                   0x08001a5f   Thumb Code     0  startup_stm32f40_41xxx.o(.text)
    PVD_IRQHandler                           0x08001a5f   Thumb Code     0  startup_stm32f40_41xxx.o(.text)
    RCC_IRQHandler                           0x08001a5f   Thumb Code     0  startup_stm32f40_41xxx.o(.text)
    RTC_Alarm_IRQHandler                     0x08001a5f   Thumb Code     0  startup_stm32f40_41xxx.o(.text)
    RTC_WKUP_IRQHandler                      0x08001a5f   Thumb Code     0  startup_stm32f40_41xxx.o(.text)
    SDIO_IRQHandler                          0x08001a5f   Thumb Code     0  startup_stm32f40_41xxx.o(.text)
    SPI1_IRQHandler                          0x08001a5f   Thumb Code     0  startup_stm32f40_41xxx.o(.text)
    SPI2_IRQHandler                          0x08001a5f   Thumb Code     0  startup_stm32f40_41xxx.o(.text)
    SPI3_IRQHandler                          0x08001a5f   Thumb Code     0  startup_stm32f40_41xxx.o(.text)
    TAMP_STAMP_IRQHandler                    0x08001a5f   Thumb Code     0  startup_stm32f40_41xxx.o(.text)
    TIM1_BRK_TIM9_IRQHandler                 0x08001a5f   Thumb Code     0  startup_stm32f40_41xxx.o(.text)
    TIM1_CC_IRQHandler                       0x08001a5f   Thumb Code     0  startup_stm32f40_41xxx.o(.text)
    TIM1_TRG_COM_TIM11_IRQHandler            0x08001a5f   Thumb Code     0  startup_stm32f40_41xxx.o(.text)
    TIM1_UP_TIM10_IRQHandler                 0x08001a5f   Thumb Code     0  startup_stm32f40_41xxx.o(.text)
    TIM2_IRQHandler                          0x08001a5f   Thumb Code     0  startup_stm32f40_41xxx.o(.text)
    TIM3_IRQHandler                          0x08001a5f   Thumb Code     0  startup_stm32f40_41xxx.o(.text)
    TIM5_IRQHandler                          0x08001a5f   Thumb Code     0  startup_stm32f40_41xxx.o(.text)
    TIM6_DAC_IRQHandler                      0x08001a5f   Thumb Code     0  startup_stm32f40_41xxx.o(.text)
    TIM8_BRK_TIM12_IRQHandler                0x08001a5f   Thumb Code     0  startup_stm32f40_41xxx.o(.text)
    TIM8_CC_IRQHandler                       0x08001a5f   Thumb Code     0  startup_stm32f40_41xxx.o(.text)
    TIM8_TRG_COM_TIM14_IRQHandler            0x08001a5f   Thumb Code     0  startup_stm32f40_41xxx.o(.text)
    TIM8_UP_TIM13_IRQHandler                 0x08001a5f   Thumb Code     0  startup_stm32f40_41xxx.o(.text)
    UART4_IRQHandler                         0x08001a5f   Thumb Code     0  startup_stm32f40_41xxx.o(.text)
    UART5_IRQHandler                         0x08001a5f   Thumb Code     0  startup_stm32f40_41xxx.o(.text)
    USART2_IRQHandler                        0x08001a5f   Thumb Code     0  startup_stm32f40_41xxx.o(.text)
    USART6_IRQHandler                        0x08001a5f   Thumb Code     0  startup_stm32f40_41xxx.o(.text)
    WWDG_IRQHandler                          0x08001a5f   Thumb Code     0  startup_stm32f40_41xxx.o(.text)
    __user_initial_stackheap                 0x08001a61   Thumb Code     0  startup_stm32f40_41xxx.o(.text)
    NVIC_PriorityGroupConfig                 0x08001a85   Thumb Code    10  misc.o(.text)
    NVIC_Init                                0x08001a8f   Thumb Code   106  misc.o(.text)
    NVIC_SetVectorTable                      0x08001af9   Thumb Code    14  misc.o(.text)
    NVIC_SystemLPConfig                      0x08001b07   Thumb Code    34  misc.o(.text)
    SysTick_CLKSourceConfig                  0x08001b29   Thumb Code    40  misc.o(.text)
    GPIO_DeInit                              0x08001b65   Thumb Code   268  stm32f4xx_gpio.o(.text)
    GPIO_Init                                0x08001c71   Thumb Code   144  stm32f4xx_gpio.o(.text)
    GPIO_StructInit                          0x08001d01   Thumb Code    18  stm32f4xx_gpio.o(.text)
    GPIO_PinLockConfig                       0x08001d13   Thumb Code    34  stm32f4xx_gpio.o(.text)
    GPIO_ReadInputDataBit                    0x08001d35   Thumb Code    18  stm32f4xx_gpio.o(.text)
    GPIO_ReadInputData                       0x08001d47   Thumb Code     8  stm32f4xx_gpio.o(.text)
    GPIO_ReadOutputDataBit                   0x08001d4f   Thumb Code    18  stm32f4xx_gpio.o(.text)
    GPIO_ReadOutputData                      0x08001d61   Thumb Code     8  stm32f4xx_gpio.o(.text)
    GPIO_SetBits                             0x08001d69   Thumb Code     4  stm32f4xx_gpio.o(.text)
    GPIO_ResetBits                           0x08001d6d   Thumb Code     4  stm32f4xx_gpio.o(.text)
    GPIO_WriteBit                            0x08001d71   Thumb Code    10  stm32f4xx_gpio.o(.text)
    GPIO_Write                               0x08001d7b   Thumb Code     4  stm32f4xx_gpio.o(.text)
    GPIO_ToggleBits                          0x08001d7f   Thumb Code     8  stm32f4xx_gpio.o(.text)
    GPIO_PinAFConfig                         0x08001d87   Thumb Code    70  stm32f4xx_gpio.o(.text)
    RCC_DeInit                               0x08001df9   Thumb Code    82  stm32f4xx_rcc.o(.text)
    RCC_HSEConfig                            0x08001e4b   Thumb Code    14  stm32f4xx_rcc.o(.text)
    RCC_GetFlagStatus                        0x08001e59   Thumb Code    60  stm32f4xx_rcc.o(.text)
    RCC_WaitForHSEStartUp                    0x08001e95   Thumb Code    56  stm32f4xx_rcc.o(.text)
    RCC_AdjustHSICalibrationValue            0x08001ecd   Thumb Code    20  stm32f4xx_rcc.o(.text)
    RCC_HSICmd                               0x08001ee1   Thumb Code     6  stm32f4xx_rcc.o(.text)
    RCC_LSEConfig                            0x08001ee7   Thumb Code    46  stm32f4xx_rcc.o(.text)
    RCC_LSICmd                               0x08001f15   Thumb Code     6  stm32f4xx_rcc.o(.text)
    RCC_PLLConfig                            0x08001f1b   Thumb Code    32  stm32f4xx_rcc.o(.text)
    RCC_PLLCmd                               0x08001f3b   Thumb Code     6  stm32f4xx_rcc.o(.text)
    RCC_PLLI2SConfig                         0x08001f41   Thumb Code    14  stm32f4xx_rcc.o(.text)
    RCC_PLLI2SCmd                            0x08001f4f   Thumb Code     6  stm32f4xx_rcc.o(.text)
    RCC_PLLSAIConfig                         0x08001f55   Thumb Code    20  stm32f4xx_rcc.o(.text)
    RCC_PLLSAICmd                            0x08001f69   Thumb Code     6  stm32f4xx_rcc.o(.text)
    RCC_ClockSecuritySystemCmd               0x08001f6f   Thumb Code     6  stm32f4xx_rcc.o(.text)
    RCC_MCO1Config                           0x08001f75   Thumb Code    28  stm32f4xx_rcc.o(.text)
    RCC_MCO2Config                           0x08001f91   Thumb Code    28  stm32f4xx_rcc.o(.text)
    RCC_SYSCLKConfig                         0x08001fad   Thumb Code    20  stm32f4xx_rcc.o(.text)
    RCC_GetSYSCLKSource                      0x08001fc1   Thumb Code    12  stm32f4xx_rcc.o(.text)
    RCC_HCLKConfig                           0x08001fcd   Thumb Code    20  stm32f4xx_rcc.o(.text)
    RCC_PCLK1Config                          0x08001fe1   Thumb Code    20  stm32f4xx_rcc.o(.text)
    RCC_PCLK2Config                          0x08001ff5   Thumb Code    22  stm32f4xx_rcc.o(.text)
    RCC_GetClocksFreq                        0x0800200b   Thumb Code   222  stm32f4xx_rcc.o(.text)
    RCC_RTCCLKConfig                         0x080020e9   Thumb Code    54  stm32f4xx_rcc.o(.text)
    RCC_RTCCLKCmd                            0x0800211f   Thumb Code     8  stm32f4xx_rcc.o(.text)
    RCC_BackupResetCmd                       0x08002127   Thumb Code     8  stm32f4xx_rcc.o(.text)
    RCC_I2SCLKConfig                         0x0800212f   Thumb Code     6  stm32f4xx_rcc.o(.text)
    RCC_SAIPLLI2SClkDivConfig                0x08002135   Thumb Code    26  stm32f4xx_rcc.o(.text)
    RCC_SAIPLLSAIClkDivConfig                0x0800214f   Thumb Code    28  stm32f4xx_rcc.o(.text)
    RCC_SAIBlockACLKConfig                   0x0800216b   Thumb Code    20  stm32f4xx_rcc.o(.text)
    RCC_SAIBlockBCLKConfig                   0x0800217f   Thumb Code    20  stm32f4xx_rcc.o(.text)
    RCC_LTDCCLKDivConfig                     0x08002193   Thumb Code    20  stm32f4xx_rcc.o(.text)
    RCC_TIMCLKPresConfig                     0x080021a7   Thumb Code     6  stm32f4xx_rcc.o(.text)
    RCC_AHB1PeriphClockCmd                   0x080021ad   Thumb Code    34  stm32f4xx_rcc.o(.text)
    RCC_AHB2PeriphClockCmd                   0x080021cf   Thumb Code    78  stm32f4xx_rcc.o(.text)
    RCC_AHB3PeriphClockCmd                   0x0800221d   Thumb Code    34  stm32f4xx_rcc.o(.text)
    RCC_APB1PeriphClockCmd                   0x0800223f   Thumb Code    34  stm32f4xx_rcc.o(.text)
    RCC_APB2PeriphClockCmd                   0x08002261   Thumb Code    34  stm32f4xx_rcc.o(.text)
    RCC_AHB1PeriphResetCmd                   0x08002283   Thumb Code    34  stm32f4xx_rcc.o(.text)
    RCC_AHB2PeriphResetCmd                   0x080022a5   Thumb Code    34  stm32f4xx_rcc.o(.text)
    RCC_AHB3PeriphResetCmd                   0x080022c7   Thumb Code    34  stm32f4xx_rcc.o(.text)
    RCC_APB1PeriphResetCmd                   0x080022e9   Thumb Code    34  stm32f4xx_rcc.o(.text)
    RCC_APB2PeriphResetCmd                   0x0800230b   Thumb Code    34  stm32f4xx_rcc.o(.text)
    RCC_AHB1PeriphClockLPModeCmd             0x0800232d   Thumb Code    34  stm32f4xx_rcc.o(.text)
    RCC_AHB2PeriphClockLPModeCmd             0x0800234f   Thumb Code    34  stm32f4xx_rcc.o(.text)
    RCC_AHB3PeriphClockLPModeCmd             0x08002371   Thumb Code    34  stm32f4xx_rcc.o(.text)
    RCC_APB1PeriphClockLPModeCmd             0x08002393   Thumb Code    34  stm32f4xx_rcc.o(.text)
    RCC_APB2PeriphClockLPModeCmd             0x080023b5   Thumb Code    34  stm32f4xx_rcc.o(.text)
    RCC_LSEModeConfig                        0x080023d7   Thumb Code    40  stm32f4xx_rcc.o(.text)
    RCC_ITConfig                             0x080023ff   Thumb Code    34  stm32f4xx_rcc.o(.text)
    RCC_ClearFlag                            0x08002421   Thumb Code    18  stm32f4xx_rcc.o(.text)
    RCC_GetITStatus                          0x08002433   Thumb Code    22  stm32f4xx_rcc.o(.text)
    RCC_ClearITPendingBit                    0x08002449   Thumb Code     8  stm32f4xx_rcc.o(.text)
    USART_DeInit                             0x08002455   Thumb Code   206  stm32f4xx_usart.o(.text)
    USART_Init                               0x08002523   Thumb Code   204  stm32f4xx_usart.o(.text)
    USART_StructInit                         0x080025ef   Thumb Code    24  stm32f4xx_usart.o(.text)
    USART_ClockInit                          0x08002607   Thumb Code    32  stm32f4xx_usart.o(.text)
    USART_ClockStructInit                    0x08002627   Thumb Code    12  stm32f4xx_usart.o(.text)
    USART_Cmd                                0x08002633   Thumb Code    24  stm32f4xx_usart.o(.text)
    USART_SetPrescaler                       0x0800264b   Thumb Code    16  stm32f4xx_usart.o(.text)
    USART_OverSampling8Cmd                   0x0800265b   Thumb Code    22  stm32f4xx_usart.o(.text)
    USART_OneBitMethodCmd                    0x08002671   Thumb Code    24  stm32f4xx_usart.o(.text)
    USART_SendData                           0x08002689   Thumb Code     8  stm32f4xx_usart.o(.text)
    USART_ReceiveData                        0x08002691   Thumb Code    10  stm32f4xx_usart.o(.text)
    USART_SetAddress                         0x0800269b   Thumb Code    18  stm32f4xx_usart.o(.text)
    USART_ReceiverWakeUpCmd                  0x080026ad   Thumb Code    24  stm32f4xx_usart.o(.text)
    USART_WakeUpConfig                       0x080026c5   Thumb Code    18  stm32f4xx_usart.o(.text)
    USART_LINBreakDetectLengthConfig         0x080026d7   Thumb Code    18  stm32f4xx_usart.o(.text)
    USART_LINCmd                             0x080026e9   Thumb Code    24  stm32f4xx_usart.o(.text)
    USART_SendBreak                          0x08002701   Thumb Code    10  stm32f4xx_usart.o(.text)
    USART_HalfDuplexCmd                      0x0800270b   Thumb Code    24  stm32f4xx_usart.o(.text)
    USART_SetGuardTime                       0x08002723   Thumb Code    16  stm32f4xx_usart.o(.text)
    USART_SmartCardCmd                       0x08002733   Thumb Code    24  stm32f4xx_usart.o(.text)
    USART_SmartCardNACKCmd                   0x0800274b   Thumb Code    24  stm32f4xx_usart.o(.text)
    USART_IrDAConfig                         0x08002763   Thumb Code    18  stm32f4xx_usart.o(.text)
    USART_IrDACmd                            0x08002775   Thumb Code    24  stm32f4xx_usart.o(.text)
    USART_DMACmd                             0x0800278d   Thumb Code    18  stm32f4xx_usart.o(.text)
    USART_ITConfig                           0x0800279f   Thumb Code    74  stm32f4xx_usart.o(.text)
    USART_GetFlagStatus                      0x080027e9   Thumb Code    26  stm32f4xx_usart.o(.text)
    USART_ClearFlag                          0x08002803   Thumb Code    18  stm32f4xx_usart.o(.text)
    USART_GetITStatus                        0x08002815   Thumb Code   118  stm32f4xx_usart.o(.text)
    USART_ClearITPendingBit                  0x0800288b   Thumb Code    30  stm32f4xx_usart.o(.text)
    TIM_DeInit                               0x080028a9   Thumb Code   346  stm32f4xx_tim.o(.text)
    TIM_TimeBaseInit                         0x08002a03   Thumb Code   104  stm32f4xx_tim.o(.text)
    TIM_TimeBaseStructInit                   0x08002a6b   Thumb Code    18  stm32f4xx_tim.o(.text)
    TIM_PrescalerConfig                      0x08002a7d   Thumb Code     6  stm32f4xx_tim.o(.text)
    TIM_CounterModeConfig                    0x08002a83   Thumb Code    18  stm32f4xx_tim.o(.text)
    TIM_SetCounter                           0x08002a95   Thumb Code     4  stm32f4xx_tim.o(.text)
    TIM_SetAutoreload                        0x08002a99   Thumb Code     4  stm32f4xx_tim.o(.text)
    TIM_GetCounter                           0x08002a9d   Thumb Code     6  stm32f4xx_tim.o(.text)
    TIM_GetPrescaler                         0x08002aa3   Thumb Code     6  stm32f4xx_tim.o(.text)
    TIM_UpdateDisableConfig                  0x08002aa9   Thumb Code    24  stm32f4xx_tim.o(.text)
    TIM_UpdateRequestConfig                  0x08002ac1   Thumb Code    24  stm32f4xx_tim.o(.text)
    TIM_ARRPreloadConfig                     0x08002ad9   Thumb Code    24  stm32f4xx_tim.o(.text)
    TIM_SelectOnePulseMode                   0x08002af1   Thumb Code    18  stm32f4xx_tim.o(.text)
    TIM_SetClockDivision                     0x08002b03   Thumb Code    18  stm32f4xx_tim.o(.text)
    TIM_Cmd                                  0x08002b15   Thumb Code    24  stm32f4xx_tim.o(.text)
    TIM_OC1Init                              0x08002b2d   Thumb Code   114  stm32f4xx_tim.o(.text)
    TIM_OC2Init                              0x08002b9f   Thumb Code   154  stm32f4xx_tim.o(.text)
    TIM_OC3Init                              0x08002c39   Thumb Code   204  stm32f4xx_tim.o(.text)
    TIM_OC4Init                              0x08002d05   Thumb Code   112  stm32f4xx_tim.o(.text)
    TIM_OCStructInit                         0x08002d75   Thumb Code    20  stm32f4xx_tim.o(.text)
    TIM_SelectOCxM                           0x08002d89   Thumb Code    86  stm32f4xx_tim.o(.text)
    TIM_SetCompare1                          0x08002ddf   Thumb Code     4  stm32f4xx_tim.o(.text)
    TIM_SetCompare2                          0x08002de3   Thumb Code     4  stm32f4xx_tim.o(.text)
    TIM_SetCompare3                          0x08002de7   Thumb Code     4  stm32f4xx_tim.o(.text)
    TIM_SetCompare4                          0x08002deb   Thumb Code     4  stm32f4xx_tim.o(.text)
    TIM_ForcedOC1Config                      0x08002def   Thumb Code    18  stm32f4xx_tim.o(.text)
    TIM_ForcedOC2Config                      0x08002e01   Thumb Code    26  stm32f4xx_tim.o(.text)
    TIM_ForcedOC3Config                      0x08002e1b   Thumb Code    18  stm32f4xx_tim.o(.text)
    TIM_ForcedOC4Config                      0x08002e2d   Thumb Code    26  stm32f4xx_tim.o(.text)
    TIM_OC1PreloadConfig                     0x08002e47   Thumb Code    18  stm32f4xx_tim.o(.text)
    TIM_OC2PreloadConfig                     0x08002e59   Thumb Code    26  stm32f4xx_tim.o(.text)
    TIM_OC3PreloadConfig                     0x08002e73   Thumb Code    18  stm32f4xx_tim.o(.text)
    TIM_OC4PreloadConfig                     0x08002e85   Thumb Code    26  stm32f4xx_tim.o(.text)
    TIM_OC1FastConfig                        0x08002e9f   Thumb Code    18  stm32f4xx_tim.o(.text)
    TIM_OC2FastConfig                        0x08002eb1   Thumb Code    26  stm32f4xx_tim.o(.text)
    TIM_OC3FastConfig                        0x08002ecb   Thumb Code    18  stm32f4xx_tim.o(.text)
    TIM_OC4FastConfig                        0x08002edd   Thumb Code    26  stm32f4xx_tim.o(.text)
    TIM_ClearOC1Ref                          0x08002ef7   Thumb Code    18  stm32f4xx_tim.o(.text)
    TIM_ClearOC2Ref                          0x08002f09   Thumb Code    24  stm32f4xx_tim.o(.text)
    TIM_ClearOC3Ref                          0x08002f21   Thumb Code    18  stm32f4xx_tim.o(.text)
    TIM_ClearOC4Ref                          0x08002f33   Thumb Code    24  stm32f4xx_tim.o(.text)
    TIM_OC1PolarityConfig                    0x08002f4b   Thumb Code    18  stm32f4xx_tim.o(.text)
    TIM_OC1NPolarityConfig                   0x08002f5d   Thumb Code    18  stm32f4xx_tim.o(.text)
    TIM_OC2PolarityConfig                    0x08002f6f   Thumb Code    26  stm32f4xx_tim.o(.text)
    TIM_OC2NPolarityConfig                   0x08002f89   Thumb Code    26  stm32f4xx_tim.o(.text)
    TIM_OC3PolarityConfig                    0x08002fa3   Thumb Code    26  stm32f4xx_tim.o(.text)
    TIM_OC3NPolarityConfig                   0x08002fbd   Thumb Code    26  stm32f4xx_tim.o(.text)
    TIM_OC4PolarityConfig                    0x08002fd7   Thumb Code    26  stm32f4xx_tim.o(.text)
    TIM_CCxCmd                               0x08002ff1   Thumb Code    30  stm32f4xx_tim.o(.text)
    TIM_CCxNCmd                              0x0800300f   Thumb Code    30  stm32f4xx_tim.o(.text)
    TIM_SetIC4Prescaler                      0x0800302d   Thumb Code    26  stm32f4xx_tim.o(.text)
    TIM_SetIC3Prescaler                      0x08003097   Thumb Code    18  stm32f4xx_tim.o(.text)
    TIM_SetIC2Prescaler                      0x080030f1   Thumb Code    26  stm32f4xx_tim.o(.text)
    TIM_SetIC1Prescaler                      0x08003165   Thumb Code    18  stm32f4xx_tim.o(.text)
    TIM_ICInit                               0x080031b1   Thumb Code   110  stm32f4xx_tim.o(.text)
    TIM_ICStructInit                         0x0800321f   Thumb Code    18  stm32f4xx_tim.o(.text)
    TIM_PWMIConfig                           0x08003231   Thumb Code   124  stm32f4xx_tim.o(.text)
    TIM_GetCapture1                          0x080032ad   Thumb Code     6  stm32f4xx_tim.o(.text)
    TIM_GetCapture2                          0x080032b3   Thumb Code     6  stm32f4xx_tim.o(.text)
    TIM_GetCapture3                          0x080032b9   Thumb Code     6  stm32f4xx_tim.o(.text)
    TIM_GetCapture4                          0x080032bf   Thumb Code     6  stm32f4xx_tim.o(.text)
    TIM_BDTRConfig                           0x080032c5   Thumb Code    32  stm32f4xx_tim.o(.text)
    TIM_BDTRStructInit                       0x080032e5   Thumb Code    18  stm32f4xx_tim.o(.text)
    TIM_CtrlPWMOutputs                       0x080032f7   Thumb Code    30  stm32f4xx_tim.o(.text)
    TIM_SelectCOM                            0x08003315   Thumb Code    24  stm32f4xx_tim.o(.text)
    TIM_CCPreloadControl                     0x0800332d   Thumb Code    24  stm32f4xx_tim.o(.text)
    TIM_ITConfig                             0x08003345   Thumb Code    18  stm32f4xx_tim.o(.text)
    TIM_GenerateEvent                        0x08003357   Thumb Code     4  stm32f4xx_tim.o(.text)
    TIM_GetFlagStatus                        0x0800335b   Thumb Code    18  stm32f4xx_tim.o(.text)
    TIM_ClearFlag                            0x0800336d   Thumb Code     6  stm32f4xx_tim.o(.text)
    TIM_GetITStatus                          0x08003373   Thumb Code    34  stm32f4xx_tim.o(.text)
    TIM_ClearITPendingBit                    0x08003395   Thumb Code     6  stm32f4xx_tim.o(.text)
    TIM_DMAConfig                            0x0800339b   Thumb Code    10  stm32f4xx_tim.o(.text)
    TIM_DMACmd                               0x080033a5   Thumb Code    18  stm32f4xx_tim.o(.text)
    TIM_SelectCCDMA                          0x080033b7   Thumb Code    24  stm32f4xx_tim.o(.text)
    TIM_InternalClockConfig                  0x080033cf   Thumb Code    12  stm32f4xx_tim.o(.text)
    TIM_SelectInputTrigger                   0x080033db   Thumb Code    18  stm32f4xx_tim.o(.text)
    TIM_ITRxExternalClockConfig              0x080033ed   Thumb Code    24  stm32f4xx_tim.o(.text)
    TIM_TIxExternalClockConfig               0x08003405   Thumb Code    62  stm32f4xx_tim.o(.text)
    TIM_ETRConfig                            0x08003443   Thumb Code    28  stm32f4xx_tim.o(.text)
    TIM_ETRClockMode1Config                  0x0800345f   Thumb Code    54  stm32f4xx_tim.o(.text)
    TIM_ETRClockMode2Config                  0x08003495   Thumb Code    32  stm32f4xx_tim.o(.text)
    TIM_SelectOutputTrigger                  0x080034b5   Thumb Code    18  stm32f4xx_tim.o(.text)
    TIM_SelectSlaveMode                      0x080034c7   Thumb Code    18  stm32f4xx_tim.o(.text)
    TIM_SelectMasterSlaveMode                0x080034d9   Thumb Code    18  stm32f4xx_tim.o(.text)
    TIM_EncoderInterfaceConfig               0x080034eb   Thumb Code    66  stm32f4xx_tim.o(.text)
    TIM_SelectHallSensor                     0x0800352d   Thumb Code    24  stm32f4xx_tim.o(.text)
    TIM_RemapConfig                          0x08003545   Thumb Code     6  stm32f4xx_tim.o(.text)
    usmart_sys_cmd_exe                       0x0800354d   Thumb Code  1554  usmart.o(.text)
    usmart_reset_runtime                     0x08003b5f   Thumb Code    38  usmart.o(.text)
    usmart_get_runtime                       0x08003b85   Thumb Code    60  usmart.o(.text)
    TIM4_IRQHandler                          0x08003bc1   Thumb Code    46  usmart.o(.text)
    Timer4_Init                              0x08003bef   Thumb Code    86  usmart.o(.text)
    usmart_init                              0x08003c45   Thumb Code    36  usmart.o(.text)
    usmart_cmd_rec                           0x08003c69   Thumb Code   170  usmart.o(.text)
    usmart_exe                               0x08003d13   Thumb Code   868  usmart.o(.text)
    usmart_scan                              0x08004077   Thumb Code   120  usmart.o(.text)
    read_addr                                0x080040ef   Thumb Code     6  usmart.o(.text)
    write_addr                               0x080040f5   Thumb Code     4  usmart.o(.text)
    usmart_strcmp                            0x08004181   Thumb Code    34  usmart_str.o(.text)
    usmart_strcopy                           0x080041a3   Thumb Code    22  usmart_str.o(.text)
    usmart_strlen                            0x080041b9   Thumb Code    24  usmart_str.o(.text)
    usmart_pow                               0x080041d1   Thumb Code    22  usmart_str.o(.text)
    usmart_str2num                           0x080041e7   Thumb Code   202  usmart_str.o(.text)
    usmart_get_cmdname                       0x080042b1   Thumb Code    54  usmart_str.o(.text)
    usmart_search_nextc                      0x080042e7   Thumb Code    22  usmart_str.o(.text)
    usmart_get_fname                         0x080042fd   Thumb Code   440  usmart_str.o(.text)
    usmart_get_aparm                         0x080044b5   Thumb Code   200  usmart_str.o(.text)
    usmart_get_parmpos                       0x0800457d   Thumb Code    26  usmart_str.o(.text)
    usmart_get_fparam                        0x08004597   Thumb Code   262  usmart_str.o(.text)
    __use_no_semihosting                     0x080046a9   Thumb Code     2  use_no_semi_2.o(.text)
    __c89vsprintf                            0x080046ad   Thumb Code    32  c89vsprintf.o(.text)
    __2printf                                0x080046d1   Thumb Code    20  __2printf.o(.text)
    _printf_pre_padding                      0x080046e9   Thumb Code    44  _printf_pad.o(.text)
    _printf_post_padding                     0x08004715   Thumb Code    34  _printf_pad.o(.text)
    _printf_str                              0x08004737   Thumb Code    82  _printf_str.o(.text)
    _printf_int_dec                          0x08004789   Thumb Code   104  _printf_dec.o(.text)
    _printf_longlong_hex                     0x08004801   Thumb Code    86  _printf_hex_int_ll_ptr.o(.text)
    _printf_int_hex                          0x08004857   Thumb Code    28  _printf_hex_int_ll_ptr.o(.text)
    _printf_ll_hex                           0x08004873   Thumb Code    12  _printf_hex_int_ll_ptr.o(.text)
    _printf_hex_ptr                          0x0800487f   Thumb Code    18  _printf_hex_int_ll_ptr.o(.text)
    __printf                                 0x08004895   Thumb Code   388  __printf_flags_ss_wp.o(.text)
    strlen                                   0x08004a1d   Thumb Code    62  strlen.o(.text)
    __use_two_region_memory                  0x08004a5b   Thumb Code     2  heapauxi.o(.text)
    __rt_heap_escrow$2region                 0x08004a5d   Thumb Code     2  heapauxi.o(.text)
    __rt_heap_expand$2region                 0x08004a5f   Thumb Code     2  heapauxi.o(.text)
    __I$use$semihosting                      0x08004a61   Thumb Code     0  use_no_semi.o(.text)
    __use_no_semihosting_swi                 0x08004a61   Thumb Code     2  use_no_semi.o(.text)
    _printf_truncate_signed                  0x08004a63   Thumb Code    18  _printf_truncate.o(.text)
    _printf_truncate_unsigned                0x08004a75   Thumb Code    18  _printf_truncate.o(.text)
    _printf_int_common                       0x08004a87   Thumb Code   178  _printf_intcommon.o(.text)
    _printf_charcount                        0x08004b39   Thumb Code    40  _printf_charcount.o(.text)
    _printf_char_common                      0x08004b6b   Thumb Code    32  _printf_char_common.o(.text)
    _sputc                                   0x08004b91   Thumb Code    10  _sputc.o(.text)
    _printf_cs_common                        0x08004b9b   Thumb Code    20  _printf_char.o(.text)
    _printf_char                             0x08004baf   Thumb Code    16  _printf_char.o(.text)
    _printf_string                           0x08004bbf   Thumb Code     8  _printf_char.o(.text)
    _printf_char_file                        0x08004bc9   Thumb Code    32  _printf_char_file.o(.text)
    _printf_wctomb                           0x08004bed   Thumb Code   182  _printf_wctomb.o(.text)
    _printf_longlong_dec                     0x08004ca9   Thumb Code   108  _printf_longlong_dec.o(.text)
    _printf_longlong_oct                     0x08004d25   Thumb Code    66  _printf_oct_int_ll.o(.text)
    _printf_int_oct                          0x08004d67   Thumb Code    24  _printf_oct_int_ll.o(.text)
    _printf_ll_oct                           0x08004d7f   Thumb Code    12  _printf_oct_int_ll.o(.text)
    _ll_udiv10                               0x08004d95   Thumb Code   138  lludiv10.o(.text)
    __lib_sel_fp_printf                      0x08004e1f   Thumb Code     2  _printf_fp_dec.o(.text)
    _printf_fp_dec_real                      0x08004fd1   Thumb Code   620  _printf_fp_dec.o(.text)
    _printf_lcs_common                       0x0800523d   Thumb Code    20  _printf_wchar.o(.text)
    _printf_wchar                            0x08005251   Thumb Code    16  _printf_wchar.o(.text)
    _printf_wstring                          0x08005261   Thumb Code     8  _printf_wchar.o(.text)
    ferror                                   0x08005269   Thumb Code     8  ferror.o(.text)
    _wcrtomb                                 0x08005271   Thumb Code    64  _wcrtomb.o(.text)
    __user_setup_stackheap                   0x080052b1   Thumb Code    74  sys_stackheap_outer.o(.text)
    __rt_ctype_table                         0x080052fd   Thumb Code    16  rt_ctype_table.o(.text)
    __rt_locale                              0x0800530d   Thumb Code     8  rt_locale_intlibspace.o(.text)
    _printf_fp_infnan                        0x08005315   Thumb Code   112  _printf_fp_infnan.o(.text)
    _btod_etento                             0x08005395   Thumb Code   224  bigflt0.o(.text)
    exit                                     0x08005479   Thumb Code    18  exit.o(.text)
    __user_libspace                          0x0800548d   Thumb Code     8  libspace.o(.text)
    __user_perproc_libspace                  0x0800548d   Thumb Code     0  libspace.o(.text)
    __user_perthread_libspace                0x0800548d   Thumb Code     0  libspace.o(.text)
    strcmp                                   0x08005495   Thumb Code   128  strcmpv7m.o(.text)
    _btod_d2e                                0x08005515   Thumb Code    62  btod.o(CL$$btod_d2e)
    _d2e_denorm_low                          0x08005553   Thumb Code    70  btod.o(CL$$btod_d2e_denorm_low)
    _d2e_norm_op1                            0x08005599   Thumb Code    96  btod.o(CL$$btod_d2e_norm_op1)
    __btod_div_common                        0x080055f9   Thumb Code   696  btod.o(CL$$btod_div_common)
    _e2e                                     0x08005931   Thumb Code   220  btod.o(CL$$btod_e2e)
    _btod_ediv                               0x08005a0d   Thumb Code    42  btod.o(CL$$btod_ediv)
    _btod_emul                               0x08005a37   Thumb Code    42  btod.o(CL$$btod_emul)
    __btod_mult_common                       0x08005a61   Thumb Code   580  btod.o(CL$$btod_mult_common)
    __ARM_fpclassify                         0x08005ca5   Thumb Code    48  fpclassify.o(i.__ARM_fpclassify)
    _is_digit                                0x08005cd5   Thumb Code    14  __printf_wp.o(i._is_digit)
    _get_lc_numeric                          0x08005ce5   Thumb Code    44  lc_numeric_c.o(locale$$code)
    _get_lc_ctype                            0x08005d11   Thumb Code    44  lc_ctype_c.o(locale$$code)
    __fpl_dcmp_Inf                           0x08005d3d   Thumb Code    24  dcmpi.o(x$fpl$dcmpinf)
    __aeabi_cdcmple                          0x08005d55   Thumb Code     0  dleqf.o(x$fpl$dleqf)
    _dcmple                                  0x08005d55   Thumb Code   120  dleqf.o(x$fpl$dleqf)
    __fpl_dcmple_InfNaN                      0x08005db7   Thumb Code     0  dleqf.o(x$fpl$dleqf)
    __fpl_dnaninf                            0x08005dcd   Thumb Code   156  dnaninf.o(x$fpl$dnaninf)
    __fpl_dretinf                            0x08005e69   Thumb Code    12  dretinf.o(x$fpl$dretinf)
    __aeabi_f2d                              0x08005e75   Thumb Code     0  f2d.o(x$fpl$f2d)
    _f2d                                     0x08005e75   Thumb Code    86  f2d.o(x$fpl$f2d)
    __fpl_fnaninf                            0x08005ecb   Thumb Code   140  fnaninf.o(x$fpl$fnaninf)
    _fp_init                                 0x08005f57   Thumb Code    10  fpinit.o(x$fpl$fpinit)
    __fplib_config_fpu_vfp                   0x08005f5f   Thumb Code     0  fpinit.o(x$fpl$fpinit)
    __fplib_config_pureend_doubles           0x08005f5f   Thumb Code     0  fpinit.o(x$fpl$fpinit)
    _printf_fp_dec                           0x08005f61   Thumb Code     4  printf1.o(x$fpl$printf1)
    __I$use$fp                               0x08005f64   Number         0  usenofp.o(x$fpl$usenofp)
    asc2_1206                                0x08005f64   Data        1140  oled.o(.constdata)
    asc2_1608                                0x080063d8   Data        1520  oled.o(.constdata)
    asc2_2412                                0x080069c8   Data        3420  oled.o(.constdata)
    Region$$Table$$Base                      0x08007894   Number         0  anon$$obj.o(Region$$Table)
    Region$$Table$$Limit                     0x080078b4   Number         0  anon$$obj.o(Region$$Table)
    __ctype                                  0x080078dd   Data           0  lc_ctype_c.o(locale$$data)
    SystemCoreClock                          0x20000000   Data           4  system_stm32f4xx.o(.data)
    AHBPrescTable                            0x20000004   Data          16  system_stm32f4xx.o(.data)
    integer                                  0x20000014   Data           1  usart3.o(.data)
    decimal                                  0x20000015   Data           1  usart3.o(.data)
    ad_RX_BUF                                0x20000016   Data           4  usart3.o(.data)
    USART3_RX_STA                            0x2000001a   Data           2  usart3.o(.data)
    flag                                     0x2000001c   Data           4  usart3.o(.data)
    i                                        0x20000020   Data           4  usart3.o(.data)
    f                                        0x20000024   Data           4  usart3.o(.data)
    connected                                0x20000028   Data           4  usart3.o(.data)
    Hzk1                                     0x2000002c   Data         352  oled.o(.data)
    Hzk2                                     0x2000018c   Data         216  oled.o(.data)
    Hzk3                                     0x20000264   Data         512  oled.o(.data)
    Hzk4                                     0x20000464   Data        4096  oled.o(.data)
    BMP1                                     0x20001464   Data        1024  oled.o(.data)
    BMP2                                     0x20001864   Data        1024  oled.o(.data)
    __stdout                                 0x20001c68   Data           4  usart.o(.data)
    USART_RX_STA                             0x20001c6c   Data           2  usart.o(.data)
    sys_cmd_tab                              0x20001c80   Data          28  usmart.o(.data)
    usmart_nametab                           0x20001c9c   Data          32  usmart_config.o(.data)
    usmart_dev                               0x20001cbc   Data         244  usmart_config.o(.data)
    USART3_TX_BUF                            0x20001db0   Data         400  usart3.o(.bss)
    USART3_RX_BUF                            0x20001f40   Data         400  usart3.o(.bss)
    ad_123                                   0x200020d0   Data          12  usart3.o(.bss)
    ad_BUF                                   0x200020dc   Data           9  usart3.o(.bss)
    OLED_GRAM                                0x200020e5   Data        1152  oled.o(.bss)
    USART_RX_BUF                             0x20002565   Data         200  usart.o(.bss)
    __libspace_start                         0x20002630   Data          96  libspace.o(.bss)
    __temporary_stack_top$libspace           0x20002690   Data           0  libspace.o(.bss)



==============================================================================

Memory Map of the image

  Image Entry point : 0x08000189

  Load Region LR_IROM1 (Base: 0x08000000, Size: 0x00009790, Max: 0x00080000, ABSOLUTE, COMPRESSED[0x00007e14])

    Execution Region ER_IROM1 (Exec base: 0x08000000, Load base: 0x08000000, Size: 0x000079e0, Max: 0x00080000, ABSOLUTE)

    Exec Addr    Load Addr    Size         Type   Attr      Idx    E Section Name        Object

    0x08000000   0x08000000   0x00000188   Data   RO          566    RESET               startup_stm32f40_41xxx.o
    0x08000188   0x08000188   0x00000008   Code   RO          894  * !!!main             c_w.l(__main.o)
    0x08000190   0x08000190   0x00000034   Code   RO         1169    !!!scatter          c_w.l(__scatter.o)
    0x080001c4   0x080001c4   0x0000005a   Code   RO         1167    !!dczerorl2         c_w.l(__dczerorl2.o)
    0x0800021e   0x0800021e   0x00000002   PAD
    0x08000220   0x08000220   0x0000001c   Code   RO         1171    !!handler_zi        c_w.l(__scatter_zi.o)
    0x0800023c   0x0800023c   0x00000000   Code   RO          889    .ARM.Collect$$_printf_percent$$00000000  c_w.l(_printf_percent.o)
    0x0800023c   0x0800023c   0x00000006   Code   RO          928    .ARM.Collect$$_printf_percent$$00000001  c_w.l(_printf_n.o)
    0x08000242   0x08000242   0x00000006   Code   RO          929    .ARM.Collect$$_printf_percent$$00000002  c_w.l(_printf_p.o)
    0x08000248   0x08000248   0x00000006   Code   RO          932    .ARM.Collect$$_printf_percent$$00000003  c_w.l(_printf_f.o)
    0x0800024e   0x0800024e   0x00000006   Code   RO          933    .ARM.Collect$$_printf_percent$$00000004  c_w.l(_printf_e.o)
    0x08000254   0x08000254   0x00000006   Code   RO          934    .ARM.Collect$$_printf_percent$$00000005  c_w.l(_printf_g.o)
    0x0800025a   0x0800025a   0x00000006   Code   RO          935    .ARM.Collect$$_printf_percent$$00000006  c_w.l(_printf_a.o)
    0x08000260   0x08000260   0x0000000a   Code   RO          940    .ARM.Collect$$_printf_percent$$00000007  c_w.l(_printf_ll.o)
    0x0800026a   0x0800026a   0x00000006   Code   RO          931    .ARM.Collect$$_printf_percent$$00000008  c_w.l(_printf_i.o)
    0x08000270   0x08000270   0x00000006   Code   RO          887    .ARM.Collect$$_printf_percent$$00000009  c_w.l(_printf_d.o)
    0x08000276   0x08000276   0x00000006   Code   RO          888    .ARM.Collect$$_printf_percent$$0000000A  c_w.l(_printf_u.o)
    0x0800027c   0x0800027c   0x00000006   Code   RO          930    .ARM.Collect$$_printf_percent$$0000000B  c_w.l(_printf_o.o)
    0x08000282   0x08000282   0x00000006   Code   RO          886    .ARM.Collect$$_printf_percent$$0000000C  c_w.l(_printf_x.o)
    0x08000288   0x08000288   0x00000006   Code   RO          937    .ARM.Collect$$_printf_percent$$0000000D  c_w.l(_printf_lli.o)
    0x0800028e   0x0800028e   0x00000006   Code   RO          938    .ARM.Collect$$_printf_percent$$0000000E  c_w.l(_printf_lld.o)
    0x08000294   0x08000294   0x00000006   Code   RO          939    .ARM.Collect$$_printf_percent$$0000000F  c_w.l(_printf_llu.o)
    0x0800029a   0x0800029a   0x00000006   Code   RO          944    .ARM.Collect$$_printf_percent$$00000010  c_w.l(_printf_llo.o)
    0x080002a0   0x080002a0   0x00000006   Code   RO          945    .ARM.Collect$$_printf_percent$$00000011  c_w.l(_printf_llx.o)
    0x080002a6   0x080002a6   0x0000000a   Code   RO          941    .ARM.Collect$$_printf_percent$$00000012  c_w.l(_printf_l.o)
    0x080002b0   0x080002b0   0x00000006   Code   RO          884    .ARM.Collect$$_printf_percent$$00000013  c_w.l(_printf_c.o)
    0x080002b6   0x080002b6   0x00000006   Code   RO          885    .ARM.Collect$$_printf_percent$$00000014  c_w.l(_printf_s.o)
    0x080002bc   0x080002bc   0x00000006   Code   RO          942    .ARM.Collect$$_printf_percent$$00000015  c_w.l(_printf_lc.o)
    0x080002c2   0x080002c2   0x00000006   Code   RO          943    .ARM.Collect$$_printf_percent$$00000016  c_w.l(_printf_ls.o)
    0x080002c8   0x080002c8   0x00000004   Code   RO          936    .ARM.Collect$$_printf_percent$$00000017  c_w.l(_printf_percent_end.o)
    0x080002cc   0x080002cc   0x00000002   Code   RO         1032    .ARM.Collect$$libinit$$00000000  c_w.l(libinit.o)
    0x080002ce   0x080002ce   0x00000004   Code   RO         1047    .ARM.Collect$$libinit$$00000001  c_w.l(libinit2.o)
    0x080002d2   0x080002d2   0x00000000   Code   RO         1050    .ARM.Collect$$libinit$$00000004  c_w.l(libinit2.o)
    0x080002d2   0x080002d2   0x00000000   Code   RO         1053    .ARM.Collect$$libinit$$0000000A  c_w.l(libinit2.o)
    0x080002d2   0x080002d2   0x00000000   Code   RO         1055    .ARM.Collect$$libinit$$0000000C  c_w.l(libinit2.o)
    0x080002d2   0x080002d2   0x00000000   Code   RO         1057    .ARM.Collect$$libinit$$0000000E  c_w.l(libinit2.o)
    0x080002d2   0x080002d2   0x00000006   Code   RO         1058    .ARM.Collect$$libinit$$0000000F  c_w.l(libinit2.o)
    0x080002d8   0x080002d8   0x00000000   Code   RO         1060    .ARM.Collect$$libinit$$00000011  c_w.l(libinit2.o)
    0x080002d8   0x080002d8   0x0000000c   Code   RO         1061    .ARM.Collect$$libinit$$00000012  c_w.l(libinit2.o)
    0x080002e4   0x080002e4   0x00000000   Code   RO         1062    .ARM.Collect$$libinit$$00000013  c_w.l(libinit2.o)
    0x080002e4   0x080002e4   0x00000000   Code   RO         1064    .ARM.Collect$$libinit$$00000015  c_w.l(libinit2.o)
    0x080002e4   0x080002e4   0x0000000a   Code   RO         1065    .ARM.Collect$$libinit$$00000016  c_w.l(libinit2.o)
    0x080002ee   0x080002ee   0x00000000   Code   RO         1066    .ARM.Collect$$libinit$$00000017  c_w.l(libinit2.o)
    0x080002ee   0x080002ee   0x00000000   Code   RO         1068    .ARM.Collect$$libinit$$00000019  c_w.l(libinit2.o)
    0x080002ee   0x080002ee   0x00000000   Code   RO         1070    .ARM.Collect$$libinit$$0000001B  c_w.l(libinit2.o)
    0x080002ee   0x080002ee   0x00000000   Code   RO         1072    .ARM.Collect$$libinit$$0000001D  c_w.l(libinit2.o)
    0x080002ee   0x080002ee   0x00000000   Code   RO         1074    .ARM.Collect$$libinit$$0000001F  c_w.l(libinit2.o)
    0x080002ee   0x080002ee   0x00000000   Code   RO         1076    .ARM.Collect$$libinit$$00000021  c_w.l(libinit2.o)
    0x080002ee   0x080002ee   0x00000000   Code   RO         1078    .ARM.Collect$$libinit$$00000023  c_w.l(libinit2.o)
    0x080002ee   0x080002ee   0x00000000   Code   RO         1080    .ARM.Collect$$libinit$$00000025  c_w.l(libinit2.o)
    0x080002ee   0x080002ee   0x00000000   Code   RO         1084    .ARM.Collect$$libinit$$0000002C  c_w.l(libinit2.o)
    0x080002ee   0x080002ee   0x00000000   Code   RO         1086    .ARM.Collect$$libinit$$0000002E  c_w.l(libinit2.o)
    0x080002ee   0x080002ee   0x00000000   Code   RO         1088    .ARM.Collect$$libinit$$00000030  c_w.l(libinit2.o)
    0x080002ee   0x080002ee   0x00000000   Code   RO         1090    .ARM.Collect$$libinit$$00000032  c_w.l(libinit2.o)
    0x080002ee   0x080002ee   0x00000002   Code   RO         1091    .ARM.Collect$$libinit$$00000033  c_w.l(libinit2.o)
    0x080002f0   0x080002f0   0x00000002   Code   RO         1109    .ARM.Collect$$libshutdown$$00000000  c_w.l(libshutdown.o)
    0x080002f2   0x080002f2   0x00000000   Code   RO         1119    .ARM.Collect$$libshutdown$$00000002  c_w.l(libshutdown2.o)
    0x080002f2   0x080002f2   0x00000000   Code   RO         1121    .ARM.Collect$$libshutdown$$00000004  c_w.l(libshutdown2.o)
    0x080002f2   0x080002f2   0x00000000   Code   RO         1124    .ARM.Collect$$libshutdown$$00000007  c_w.l(libshutdown2.o)
    0x080002f2   0x080002f2   0x00000000   Code   RO         1127    .ARM.Collect$$libshutdown$$0000000A  c_w.l(libshutdown2.o)
    0x080002f2   0x080002f2   0x00000000   Code   RO         1129    .ARM.Collect$$libshutdown$$0000000C  c_w.l(libshutdown2.o)
    0x080002f2   0x080002f2   0x00000000   Code   RO         1132    .ARM.Collect$$libshutdown$$0000000F  c_w.l(libshutdown2.o)
    0x080002f2   0x080002f2   0x00000002   Code   RO         1133    .ARM.Collect$$libshutdown$$00000010  c_w.l(libshutdown2.o)
    0x080002f4   0x080002f4   0x00000000   Code   RO          902    .ARM.Collect$$rtentry$$00000000  c_w.l(__rtentry.o)
    0x080002f4   0x080002f4   0x00000000   Code   RO          958    .ARM.Collect$$rtentry$$00000002  c_w.l(__rtentry2.o)
    0x080002f4   0x080002f4   0x00000006   Code   RO          970    .ARM.Collect$$rtentry$$00000004  c_w.l(__rtentry4.o)
    0x080002fa   0x080002fa   0x00000000   Code   RO          960    .ARM.Collect$$rtentry$$00000009  c_w.l(__rtentry2.o)
    0x080002fa   0x080002fa   0x00000004   Code   RO          961    .ARM.Collect$$rtentry$$0000000A  c_w.l(__rtentry2.o)
    0x080002fe   0x080002fe   0x00000000   Code   RO          963    .ARM.Collect$$rtentry$$0000000C  c_w.l(__rtentry2.o)
    0x080002fe   0x080002fe   0x00000008   Code   RO          964    .ARM.Collect$$rtentry$$0000000D  c_w.l(__rtentry2.o)
    0x08000306   0x08000306   0x00000002   Code   RO         1040    .ARM.Collect$$rtexit$$00000000  c_w.l(rtexit.o)
    0x08000308   0x08000308   0x00000000   Code   RO         1093    .ARM.Collect$$rtexit$$00000002  c_w.l(rtexit2.o)
    0x08000308   0x08000308   0x00000004   Code   RO         1094    .ARM.Collect$$rtexit$$00000003  c_w.l(rtexit2.o)
    0x0800030c   0x0800030c   0x00000006   Code   RO         1095    .ARM.Collect$$rtexit$$00000004  c_w.l(rtexit2.o)
    0x08000312   0x08000312   0x00000014   Code   RO            4    .text               main.o
    0x08000326   0x08000326   0x0000001a   Code   RO          181    .text               stm32f4xx_it.o
    0x08000340   0x08000340   0x00000210   Code   RO          234    .text               system_stm32f4xx.o
    0x08000550   0x08000550   0x00000074   Code   RO          264    .text               led.o
    0x080005c4   0x080005c4   0x00000088   Code   RO          313    .text               timer.o
    0x0800064c   0x0800064c   0x0000022c   Code   RO          341    .text               usart3.o
    0x08000878   0x08000878   0x000001f8   Code   RO          379    .text               hc05.o
    0x08000a70   0x08000a70   0x00000898   Code   RO          411    .text               oled.o
    0x08001308   0x08001308   0x000004e4   Code   RO          449    .text               menu.o
    0x080017ec   0x080017ec   0x00000104   Code   RO          484    .text               delay.o
    0x080018f0   0x080018f0   0x00000154   Code   RO          532    .text               usart.o
    0x08001a44   0x08001a44   0x00000040   Code   RO          567    .text               startup_stm32f40_41xxx.o
    0x08001a84   0x08001a84   0x000000e0   Code   RO          574    .text               misc.o
    0x08001b64   0x08001b64   0x00000294   Code   RO          598    .text               stm32f4xx_gpio.o
    0x08001df8   0x08001df8   0x0000065c   Code   RO          649    .text               stm32f4xx_rcc.o
    0x08002454   0x08002454   0x00000454   Code   RO          699    .text               stm32f4xx_usart.o
    0x080028a8   0x080028a8   0x00000ca2   Code   RO          723    .text               stm32f4xx_tim.o
    0x0800354a   0x0800354a   0x00000002   PAD
    0x0800354c   0x0800354c   0x00000c34   Code   RO          747    .text               usmart.o
    0x08004180   0x08004180   0x00000528   Code   RO          804    .text               usmart_str.o
    0x080046a8   0x080046a8   0x00000002   Code   RO          827    .text               c_w.l(use_no_semi_2.o)
    0x080046aa   0x080046aa   0x00000002   PAD
    0x080046ac   0x080046ac   0x00000024   Code   RO          829    .text               c_w.l(c89vsprintf.o)
    0x080046d0   0x080046d0   0x00000018   Code   RO          831    .text               c_w.l(__2printf.o)
    0x080046e8   0x080046e8   0x0000004e   Code   RO          837    .text               c_w.l(_printf_pad.o)
    0x08004736   0x08004736   0x00000052   Code   RO          839    .text               c_w.l(_printf_str.o)
    0x08004788   0x08004788   0x00000078   Code   RO          841    .text               c_w.l(_printf_dec.o)
    0x08004800   0x08004800   0x00000094   Code   RO          861    .text               c_w.l(_printf_hex_int_ll_ptr.o)
    0x08004894   0x08004894   0x00000188   Code   RO          881    .text               c_w.l(__printf_flags_ss_wp.o)
    0x08004a1c   0x08004a1c   0x0000003e   Code   RO          890    .text               c_w.l(strlen.o)
    0x08004a5a   0x08004a5a   0x00000006   Code   RO          892    .text               c_w.l(heapauxi.o)
    0x08004a60   0x08004a60   0x00000002   Code   RO          900    .text               c_w.l(use_no_semi.o)
    0x08004a62   0x08004a62   0x00000024   Code   RO          903    .text               c_w.l(_printf_truncate.o)
    0x08004a86   0x08004a86   0x000000b2   Code   RO          905    .text               c_w.l(_printf_intcommon.o)
    0x08004b38   0x08004b38   0x00000028   Code   RO          907    .text               c_w.l(_printf_charcount.o)
    0x08004b60   0x08004b60   0x00000030   Code   RO          909    .text               c_w.l(_printf_char_common.o)
    0x08004b90   0x08004b90   0x0000000a   Code   RO          911    .text               c_w.l(_sputc.o)
    0x08004b9a   0x08004b9a   0x0000002c   Code   RO          913    .text               c_w.l(_printf_char.o)
    0x08004bc6   0x08004bc6   0x00000002   PAD
    0x08004bc8   0x08004bc8   0x00000024   Code   RO          915    .text               c_w.l(_printf_char_file.o)
    0x08004bec   0x08004bec   0x000000bc   Code   RO          917    .text               c_w.l(_printf_wctomb.o)
    0x08004ca8   0x08004ca8   0x0000007c   Code   RO          920    .text               c_w.l(_printf_longlong_dec.o)
    0x08004d24   0x08004d24   0x00000070   Code   RO          926    .text               c_w.l(_printf_oct_int_ll.o)
    0x08004d94   0x08004d94   0x0000008a   Code   RO          972    .text               c_w.l(lludiv10.o)
    0x08004e1e   0x08004e1e   0x0000041e   Code   RO          974    .text               c_w.l(_printf_fp_dec.o)
    0x0800523c   0x0800523c   0x0000002c   Code   RO          978    .text               c_w.l(_printf_wchar.o)
    0x08005268   0x08005268   0x00000008   Code   RO          980    .text               c_w.l(ferror.o)
    0x08005270   0x08005270   0x00000040   Code   RO          984    .text               c_w.l(_wcrtomb.o)
    0x080052b0   0x080052b0   0x0000004a   Code   RO          986    .text               c_w.l(sys_stackheap_outer.o)
    0x080052fa   0x080052fa   0x00000002   PAD
    0x080052fc   0x080052fc   0x00000010   Code   RO          988    .text               c_w.l(rt_ctype_table.o)
    0x0800530c   0x0800530c   0x00000008   Code   RO          993    .text               c_w.l(rt_locale_intlibspace.o)
    0x08005314   0x08005314   0x00000080   Code   RO          995    .text               c_w.l(_printf_fp_infnan.o)
    0x08005394   0x08005394   0x000000e4   Code   RO          997    .text               c_w.l(bigflt0.o)
    0x08005478   0x08005478   0x00000012   Code   RO         1025    .text               c_w.l(exit.o)
    0x0800548a   0x0800548a   0x00000002   PAD
    0x0800548c   0x0800548c   0x00000008   Code   RO         1037    .text               c_w.l(libspace.o)
    0x08005494   0x08005494   0x00000080   Code   RO         1045    .text               c_w.l(strcmpv7m.o)
    0x08005514   0x08005514   0x0000003e   Code   RO         1000    CL$$btod_d2e        c_w.l(btod.o)
    0x08005552   0x08005552   0x00000046   Code   RO         1002    CL$$btod_d2e_denorm_low  c_w.l(btod.o)
    0x08005598   0x08005598   0x00000060   Code   RO         1001    CL$$btod_d2e_norm_op1  c_w.l(btod.o)
    0x080055f8   0x080055f8   0x00000338   Code   RO         1010    CL$$btod_div_common  c_w.l(btod.o)
    0x08005930   0x08005930   0x000000dc   Code   RO         1007    CL$$btod_e2e        c_w.l(btod.o)
    0x08005a0c   0x08005a0c   0x0000002a   Code   RO         1004    CL$$btod_ediv       c_w.l(btod.o)
    0x08005a36   0x08005a36   0x0000002a   Code   RO         1003    CL$$btod_emul       c_w.l(btod.o)
    0x08005a60   0x08005a60   0x00000244   Code   RO         1009    CL$$btod_mult_common  c_w.l(btod.o)
    0x08005ca4   0x08005ca4   0x00000030   Code   RO         1035    i.__ARM_fpclassify  m_wm.l(fpclassify.o)
    0x08005cd4   0x08005cd4   0x0000000e   Code   RO          874    i._is_digit         c_w.l(__printf_wp.o)
    0x08005ce2   0x08005ce2   0x00000002   PAD
    0x08005ce4   0x08005ce4   0x0000002c   Code   RO         1023    locale$$code        c_w.l(lc_numeric_c.o)
    0x08005d10   0x08005d10   0x0000002c   Code   RO         1043    locale$$code        c_w.l(lc_ctype_c.o)
    0x08005d3c   0x08005d3c   0x00000018   Code   RO          946    x$fpl$dcmpinf       fz_wm.l(dcmpi.o)
    0x08005d54   0x08005d54   0x00000078   Code   RO          896    x$fpl$dleqf         fz_wm.l(dleqf.o)
    0x08005dcc   0x08005dcc   0x0000009c   Code   RO          948    x$fpl$dnaninf       fz_wm.l(dnaninf.o)
    0x08005e68   0x08005e68   0x0000000c   Code   RO          950    x$fpl$dretinf       fz_wm.l(dretinf.o)
    0x08005e74   0x08005e74   0x00000056   Code   RO          898    x$fpl$f2d           fz_wm.l(f2d.o)
    0x08005eca   0x08005eca   0x0000008c   Code   RO          952    x$fpl$fnaninf       fz_wm.l(fnaninf.o)
    0x08005f56   0x08005f56   0x0000000a   Code   RO         1101    x$fpl$fpinit        fz_wm.l(fpinit.o)
    0x08005f60   0x08005f60   0x00000004   Code   RO          954    x$fpl$printf1       fz_wm.l(printf1.o)
    0x08005f64   0x08005f64   0x00000000   Code   RO          956    x$fpl$usenofp       fz_wm.l(usenofp.o)
    0x08005f64   0x08005f64   0x000017c0   Data   RO          413    .constdata          oled.o
    0x08007724   0x08007724   0x00000028   Data   RO          862    .constdata          c_w.l(_printf_hex_int_ll_ptr.o)
    0x0800774c   0x0800774c   0x00000011   Data   RO          882    .constdata          c_w.l(__printf_flags_ss_wp.o)
    0x0800775d   0x0800775d   0x00000003   PAD
    0x08007760   0x08007760   0x00000008   Data   RO          918    .constdata          c_w.l(_printf_wctomb.o)
    0x08007768   0x08007768   0x00000094   Data   RO          998    .constdata          c_w.l(bigflt0.o)
    0x080077fc   0x080077fc   0x00000028   Data   RO          748    .conststring        usmart.o
    0x08007824   0x08007824   0x0000006f   Data   RO          779    .conststring        usmart_config.o
    0x08007893   0x08007893   0x00000001   PAD
    0x08007894   0x08007894   0x00000020   Data   RO         1165    Region$$Table       anon$$obj.o
    0x080078b4   0x080078b4   0x0000001c   Data   RO         1022    locale$$data        c_w.l(lc_numeric_c.o)
    0x080078d0   0x080078d0   0x00000110   Data   RO         1042    locale$$data        c_w.l(lc_ctype_c.o)


    Execution Region RW_IRAM1 (Exec base: 0x20000000, Load base: 0x080079e0, Size: 0x00002c90, Max: 0x00020000, ABSOLUTE, COMPRESSED[0x00000434])

    Exec Addr    Load Addr    Size         Type   Attr      Idx    E Section Name        Object

    0x20000000   COMPRESSED   0x00000014   Data   RW          235    .data               system_stm32f4xx.o
    0x20000014   COMPRESSED   0x00000018   Data   RW          343    .data               usart3.o
    0x2000002c   COMPRESSED   0x00001c38   Data   RW          414    .data               oled.o
    0x20001c64   COMPRESSED   0x00000004   Data   RW          485    .data               delay.o
    0x20001c68   COMPRESSED   0x00000006   Data   RW          534    .data               usart.o
    0x20001c6e   COMPRESSED   0x00000010   Data   RW          650    .data               stm32f4xx_rcc.o
    0x20001c7e   COMPRESSED   0x00000002   PAD
    0x20001c80   COMPRESSED   0x0000001c   Data   RW          749    .data               usmart.o
    0x20001c9c   COMPRESSED   0x00000114   Data   RW          780    .data               usmart_config.o
    0x20001db0        -       0x00000335   Zero   RW          342    .bss                usart3.o
    0x200020e5        -       0x00000480   Zero   RW          412    .bss                oled.o
    0x20002565        -       0x000000c8   Zero   RW          533    .bss                usart.o
    0x2000262d   COMPRESSED   0x00000003   PAD
    0x20002630        -       0x00000060   Zero   RW         1038    .bss                c_w.l(libspace.o)
    0x20002690        -       0x00000200   Zero   RW          565    HEAP                startup_stm32f40_41xxx.o
    0x20002890        -       0x00000400   Zero   RW          564    STACK               startup_stm32f40_41xxx.o


==============================================================================

Image component sizes


      Code (inc. data)   RO Data    RW Data    ZI Data      Debug   Object Name

       260          8          0          4          0       1549   delay.o
       504         52          0          0          0       2136   hc05.o
       116          8          0          0          0        591   led.o
        20          0          0          0          0     282239   main.o
      1252        282          0          0          0       1293   menu.o
       224         20          0          0          0       1885   misc.o
      2200         50       6080       7224       1152       8887   oled.o
        64         26        392          0       1536        848   startup_stm32f40_41xxx.o
       660         44          0          0          0       4225   stm32f4xx_gpio.o
        26          0          0          0          0       1258   stm32f4xx_it.o
      1628         52          0         16          0      13136   stm32f4xx_rcc.o
      3234         60          0          0          0      23084   stm32f4xx_tim.o
      1108         34          0          0          0       7952   stm32f4xx_usart.o
       528         46          0         20          0       1879   system_stm32f4xx.o
       136          8          0          0          0        856   timer.o
       340         18          0          6        200       3446   usart.o
       556         46          0         24        821       3221   usart3.o
      3124       1286         40         28          0       4522   usmart.o
         0          0        111        276          0       1628   usmart_config.o
      1320         12          0          0          0       5409   usmart_str.o

    ----------------------------------------------------------------------
     17302       2052       6656       7600       3712     370044   Object Totals
         0          0         32          0          0          0   (incl. Generated)
         2          0          1          2          3          0   (incl. Padding)

    ----------------------------------------------------------------------

      Code (inc. data)   RO Data    RW Data    ZI Data      Debug   Library Member Name

        24          4          0          0          0         84   __2printf.o
        90          0          0          0          0          0   __dczerorl2.o
         8          0          0          0          0         68   __main.o
       392          4         17          0          0         92   __printf_flags_ss_wp.o
        14          0          0          0          0         68   __printf_wp.o
         0          0          0          0          0          0   __rtentry.o
        12          0          0          0          0          0   __rtentry2.o
         6          0          0          0          0          0   __rtentry4.o
        52          8          0          0          0          0   __scatter.o
        28          0          0          0          0          0   __scatter_zi.o
         6          0          0          0          0          0   _printf_a.o
         6          0          0          0          0          0   _printf_c.o
        44          0          0          0          0        108   _printf_char.o
        48          6          0          0          0         96   _printf_char_common.o
        36          4          0          0          0         80   _printf_char_file.o
        40          0          0          0          0         68   _printf_charcount.o
         6          0          0          0          0          0   _printf_d.o
       120         16          0          0          0         92   _printf_dec.o
         6          0          0          0          0          0   _printf_e.o
         6          0          0          0          0          0   _printf_f.o
      1054          0          0          0          0        216   _printf_fp_dec.o
       128         16          0          0          0         84   _printf_fp_infnan.o
         6          0          0          0          0          0   _printf_g.o
       148          4         40          0          0        160   _printf_hex_int_ll_ptr.o
         6          0          0          0          0          0   _printf_i.o
       178          0          0          0          0         88   _printf_intcommon.o
        10          0          0          0          0          0   _printf_l.o
         6          0          0          0          0          0   _printf_lc.o
        10          0          0          0          0          0   _printf_ll.o
         6          0          0          0          0          0   _printf_lld.o
         6          0          0          0          0          0   _printf_lli.o
         6          0          0          0          0          0   _printf_llo.o
         6          0          0          0          0          0   _printf_llu.o
         6          0          0          0          0          0   _printf_llx.o
       124         16          0          0          0         92   _printf_longlong_dec.o
         6          0          0          0          0          0   _printf_ls.o
         6          0          0          0          0          0   _printf_n.o
         6          0          0          0          0          0   _printf_o.o
       112         10          0          0          0        124   _printf_oct_int_ll.o
         6          0          0          0          0          0   _printf_p.o
        78          0          0          0          0        108   _printf_pad.o
         0          0          0          0          0          0   _printf_percent.o
         4          0          0          0          0          0   _printf_percent_end.o
         6          0          0          0          0          0   _printf_s.o
        82          0          0          0          0         80   _printf_str.o
        36          0          0          0          0         84   _printf_truncate.o
         6          0          0          0          0          0   _printf_u.o
        44          0          0          0          0        108   _printf_wchar.o
       188          6          8          0          0         92   _printf_wctomb.o
         6          0          0          0          0          0   _printf_x.o
        10          0          0          0          0         68   _sputc.o
        64          0          0          0          0         92   _wcrtomb.o
       228          4        148          0          0         96   bigflt0.o
      1936        128          0          0          0        672   btod.o
        36          4          0          0          0         76   c89vsprintf.o
        18          0          0          0          0         80   exit.o
         8          0          0          0          0         68   ferror.o
         6          0          0          0          0        152   heapauxi.o
        44         10        272          0          0         76   lc_ctype_c.o
        44         10         28          0          0         76   lc_numeric_c.o
         2          0          0          0          0          0   libinit.o
        34          0          0          0          0          0   libinit2.o
         2          0          0          0          0          0   libshutdown.o
         2          0          0          0          0          0   libshutdown2.o
         8          4          0          0         96         68   libspace.o
       138          0          0          0          0         80   lludiv10.o
        16          4          0          0          0         76   rt_ctype_table.o
         8          4          0          0          0         68   rt_locale_intlibspace.o
         2          0          0          0          0          0   rtexit.o
        10          0          0          0          0          0   rtexit2.o
       128          0          0          0          0         68   strcmpv7m.o
        62          0          0          0          0         76   strlen.o
        74          0          0          0          0         80   sys_stackheap_outer.o
         2          0          0          0          0         68   use_no_semi.o
         2          0          0          0          0         68   use_no_semi_2.o
        24          0          0          0          0        116   dcmpi.o
       120          4          0          0          0        140   dleqf.o
       156          4          0          0          0        140   dnaninf.o
        12          0          0          0          0        116   dretinf.o
        86          4          0          0          0        132   f2d.o
       140          4          0          0          0        132   fnaninf.o
        10          0          0          0          0        116   fpinit.o
         4          0          0          0          0        116   printf1.o
         0          0          0          0          0          0   usenofp.o
        48          0          0          0          0        124   fpclassify.o

    ----------------------------------------------------------------------
      6726        278        516          0         96       5232   Library Totals
        12          0          3          0          0          0   (incl. Padding)

    ----------------------------------------------------------------------

      Code (inc. data)   RO Data    RW Data    ZI Data      Debug   Library Name

      6114        262        513          0         96       4100   c_w.l
       552         16          0          0          0       1008   fz_wm.l
        48          0          0          0          0        124   m_wm.l

    ----------------------------------------------------------------------
      6726        278        516          0         96       5232   Library Totals

    ----------------------------------------------------------------------

==============================================================================


      Code (inc. data)   RO Data    RW Data    ZI Data      Debug   

     24028       2330       7172       7600       3808     368940   Grand Totals
     24028       2330       7172       1076       3808     368940   ELF Image Totals (compressed)
     24028       2330       7172       1076          0          0   ROM Totals

==============================================================================

    Total RO  Size (Code + RO Data)                31200 (  30.47kB)
    Total RW  Size (RW Data + ZI Data)             11408 (  11.14kB)
    Total ROM Size (Code + RO Data + RW Data)      32276 (  31.52kB)

==============================================================================

