Component: ARM Compiler 5.06 update 6 (build 750) Tool: armlink [4d35ed]

==============================================================================

Section Cross References

    main.o(.text) refers to hc05.o(.text) for HC05_Get_Role
    main.o(.text) refers to oled.o(.text) for OLED_ShowString
    main.o(.text) refers to delay.o(.text) for delay_init
    main.o(.text) refers to misc.o(.text) for NVIC_PriorityGroupConfig
    main.o(.text) refers to usart.o(.text) for uart_init
    main.o(.text) refers to usmart_config.o(.data) for usmart_dev
    main.o(.text) refers to usart3.o(.data) for USART3_RX_STA
    system_stm32f4xx.o(.text) refers to system_stm32f4xx.o(.data) for SystemCoreClock
    led.o(.text) refers to stm32f4xx_rcc.o(.text) for RCC_AHB1PeriphClockCmd
    led.o(.text) refers to stm32f4xx_gpio.o(.text) for GPIO_Init
    key.o(.text) refers to stm32f4xx_rcc.o(.text) for RCC_AHB1PeriphClockCmd
    key.o(.text) refers to stm32f4xx_gpio.o(.text) for GPIO_Init
    key.o(.text) refers to delay.o(.text) for delay_ms
    key.o(.text) refers to key.o(.data) for key_up
    timer.o(.text) refers to stm32f4xx_tim.o(.text) for TIM_GetITStatus
    timer.o(.text) refers to stm32f4xx_rcc.o(.text) for RCC_APB1PeriphClockCmd
    timer.o(.text) refers to misc.o(.text) for NVIC_Init
    timer.o(.text) refers to usart3.o(.data) for USART3_RX_STA
    usart3.o(.text) refers to stm32f4xx_usart.o(.text) for USART_GetITStatus
    usart3.o(.text) refers to stm32f4xx_tim.o(.text) for TIM_SetCounter
    usart3.o(.text) refers to oled.o(.text) for OLED_Clear
    usart3.o(.text) refers to delay.o(.text) for delay_ms
    usart3.o(.text) refers to stm32f4xx_rcc.o(.text) for RCC_AHB1PeriphClockCmd
    usart3.o(.text) refers to stm32f4xx_gpio.o(.text) for GPIO_Init
    usart3.o(.text) refers to misc.o(.text) for NVIC_Init
    usart3.o(.text) refers to timer.o(.text) for TIM7_Int_Init
    usart3.o(.text) refers to c89vsprintf.o(.text) for __c89vsprintf
    usart3.o(.text) refers to strlen.o(.text) for strlen
    usart3.o(.text) refers to usart3.o(.data) for USART3_RX_STA
    usart3.o(.text) refers to usart3.o(.bss) for USART3_TX_BUF
    hc05.o(.text) refers to _printf_percent.o(.ARM.Collect$$_printf_percent$$00000000) for _printf_percent
    hc05.o(.text) refers to _printf_s.o(.ARM.Collect$$_printf_percent$$00000014) for _printf_s
    hc05.o(.text) refers to _printf_str.o(.text) for _printf_str
    hc05.o(.text) refers to stm32f4xx_rcc.o(.text) for RCC_AHB1PeriphClockCmd
    hc05.o(.text) refers to stm32f4xx_gpio.o(.text) for GPIO_Init
    hc05.o(.text) refers to usart3.o(.text) for usart3_init
    hc05.o(.text) refers to delay.o(.text) for delay_ms
    hc05.o(.text) refers to __2printf.o(.text) for __2printf
    hc05.o(.text) refers to usart3.o(.data) for USART3_RX_STA
    hc05.o(.text) refers to usart3.o(.bss) for USART3_RX_BUF
    oled.o(.text) refers to stm32f4xx_gpio.o(.text) for GPIO_SetBits
    oled.o(.text) refers to oled.o(.bss) for OLED_GRAM
    oled.o(.text) refers to oled.o(.constdata) for asc2_1206
    oled.o(.text) refers to stm32f4xx_rcc.o(.text) for RCC_AHB1PeriphClockCmd
    oled.o(.text) refers to delay.o(.text) for delay_ms
    oled.o(.text) refers to oled.o(.data) for Hzk1
    delay.o(.text) refers to misc.o(.text) for SysTick_CLKSourceConfig
    delay.o(.text) refers to delay.o(.data) for fac_us
    usart.o(.rev16_text) refers (Special) to use_no_semi_2.o(.text) for __use_no_semihosting
    usart.o(.revsh_text) refers (Special) to use_no_semi_2.o(.text) for __use_no_semihosting
    usart.o(.rrx_text) refers (Special) to use_no_semi_2.o(.text) for __use_no_semihosting
    usart.o(.text) refers (Special) to use_no_semi_2.o(.text) for __use_no_semihosting
    usart.o(.text) refers to stm32f4xx_rcc.o(.text) for RCC_AHB1PeriphClockCmd
    usart.o(.text) refers to stm32f4xx_gpio.o(.text) for GPIO_PinAFConfig
    usart.o(.text) refers to stm32f4xx_usart.o(.text) for USART_Init
    usart.o(.text) refers to misc.o(.text) for NVIC_Init
    usart.o(.text) refers to usart.o(.data) for USART_RX_STA
    usart.o(.text) refers to usart.o(.bss) for USART_RX_BUF
    usart.o(.bss) refers (Special) to use_no_semi_2.o(.text) for __use_no_semihosting
    usart.o(.data) refers (Special) to use_no_semi_2.o(.text) for __use_no_semihosting
    startup_stm32f40_41xxx.o(STACK) refers (Special) to heapauxi.o(.text) for __use_two_region_memory
    startup_stm32f40_41xxx.o(HEAP) refers (Special) to heapauxi.o(.text) for __use_two_region_memory
    startup_stm32f40_41xxx.o(RESET) refers (Special) to heapauxi.o(.text) for __use_two_region_memory
    startup_stm32f40_41xxx.o(RESET) refers to startup_stm32f40_41xxx.o(STACK) for __initial_sp
    startup_stm32f40_41xxx.o(RESET) refers to startup_stm32f40_41xxx.o(.text) for Reset_Handler
    startup_stm32f40_41xxx.o(RESET) refers to stm32f4xx_it.o(.text) for NMI_Handler
    startup_stm32f40_41xxx.o(RESET) refers to usmart.o(.text) for TIM4_IRQHandler
[...]
    .text                                    0x08004816   Section        0  _printf_char.o(.text)
    .text                                    0x08004844   Section        0  _printf_char_file.o(.text)
    .text                                    0x08004868   Section        0  _printf_wctomb.o(.text)
    .text                                    0x08004924   Section        0  _printf_longlong_dec.o(.text)
    .text                                    0x080049a0   Section        0  _printf_oct_int_ll.o(.text)
    _printf_longlong_oct_internal            0x080049a1   Thumb Code     0  _printf_oct_int_ll.o(.text)
    .text                                    0x08004a10   Section      138  lludiv10.o(.text)
    .text                                    0x08004a9a   Section        0  _printf_fp_dec.o(.text)
    _fp_digits                               0x08004a9d   Thumb Code   432  _printf_fp_dec.o(.text)
    .text                                    0x08004eb8   Section        0  _printf_wchar.o(.text)
    .text                                    0x08004ee4   Section        0  ferror.o(.text)
    .text                                    0x08004eec   Section        0  _wcrtomb.o(.text)
    .text                                    0x08004f2c   Section       74  sys_stackheap_outer.o(.text)
    .text                                    0x08004f78   Section       16  rt_ctype_table.o(.text)
    .text                                    0x08004f88   Section        8  rt_locale_intlibspace.o(.text)
    .text                                    0x08004f90   Section        0  _printf_fp_infnan.o(.text)
    .text                                    0x08005010   Section        0  bigflt0.o(.text)
    .text                                    0x080050f4   Section        0  exit.o(.text)
    .text                                    0x08005108   Section        8  libspace.o(.text)
    .text                                    0x08005110   Section      128  strcmpv7m.o(.text)
    CL$$btod_d2e                             0x08005190   Section       62  btod.o(CL$$btod_d2e)
    CL$$btod_d2e_denorm_low                  0x080051ce   Section       70  btod.o(CL$$btod_d2e_denorm_low)
    CL$$btod_d2e_norm_op1                    0x08005214   Section       96  btod.o(CL$$btod_d2e_norm_op1)
    CL$$btod_div_common                      0x08005274   Section      824  btod.o(CL$$btod_div_common)
    CL$$btod_e2e                             0x080055ac   Section      220  btod.o(CL$$btod_e2e)
    CL$$btod_ediv                            0x08005688   Section       42  btod.o(CL$$btod_ediv)
    CL$$btod_emul                            0x080056b2   Section       42  btod.o(CL$$btod_emul)
    CL$$btod_mult_common                     0x080056dc   Section      580  btod.o(CL$$btod_mult_common)
    i.__ARM_fpclassify                       0x08005920   Section        0  fpclassify.o(i.__ARM_fpclassify)
    i._is_digit                              0x08005950   Section        0  __printf_wp.o(i._is_digit)
    locale$$code                             0x08005960   Section       44  lc_numeric_c.o(locale$$code)
    locale$$code                             0x0800598c   Section       44  lc_ctype_c.o(locale$$code)
    x$fpl$fpinit                             0x080059b8   Section       10  fpinit.o(x$fpl$fpinit)
    $v0                                      0x080059b8   Number         0  fpinit.o(x$fpl$fpinit)
    x$fpl$printf1                            0x080059c2   Section        4  printf1.o(x$fpl$printf1)
    $v0                                      0x080059c2   Number         0  printf1.o(x$fpl$printf1)
    .constdata                               0x080059c6   Section     6080  oled.o(.constdata)
    x$fpl$usenofp                            0x080059c6   Section        0  usenofp.o(x$fpl$usenofp)
    .constdata                               0x08007186   Section       40  _printf_hex_int_ll_ptr.o(.constdata)
    uc_hextab                                0x08007186   Data          20  _printf_hex_int_ll_ptr.o(.constdata)
    lc_hextab                                0x0800719a   Data          20  _printf_hex_int_ll_ptr.o(.constdata)
    .constdata                               0x080071ae   Section       17  __printf_flags_ss_wp.o(.constdata)
    maptable                                 0x080071ae   Data          17  __printf_flags_ss_wp.o(.constdata)
    .constdata                               0x080071c0   Section        8  _printf_wctomb.o(.constdata)
    initial_mbstate                          0x080071c0   Data           8  _printf_wctomb.o(.constdata)
    .constdata                               0x080071c8   Section      148  bigflt0.o(.constdata)
    tenpwrs_x                                0x080071c8   Data          60  bigflt0.o(.constdata)
    tenpwrs_i                                0x08007204   Data          64  bigflt0.o(.constdata)
    .conststring                             0x0800725c   Section       40  usmart.o(.conststring)
    .conststring                             0x08007284   Section      111  usmart_config.o(.conststring)
    locale$$data                             0x08007314   Section       28  lc_numeric_c.o(locale$$data)
    __lcnum_c_name                           0x08007318   Data           2  lc_numeric_c.o(locale$$data)
    __lcnum_c_start                          0x08007320   Data           0  lc_numeric_c.o(locale$$data)
    __lcnum_c_point                          0x0800732c   Data           0  lc_numeric_c.o(locale$$data)
    __lcnum_c_thousands                      0x0800732e   Data           0  lc_numeric_c.o(locale$$data)
    __lcnum_c_grouping                       0x0800732f   Data           0  lc_numeric_c.o(locale$$data)
    locale$$data                             0x08007330   Section      272  lc_ctype_c.o(locale$$data)
    __lcnum_c_end                            0x08007330   Data           0  lc_numeric_c.o(locale$$data)
    __lcctype_c_name                         0x08007334   Data           2  lc_ctype_c.o(locale$$data)
    __lcctype_c_start                        0x0800733c   Data           0  lc_ctype_c.o(locale$$data)
    __lcctype_c_end                          0x08007440   Data           0  lc_ctype_c.o(locale$$data)
    .data                                    0x20000000   Section       20  system_stm32f4xx.o(.data)
    .data                                    0x20000014   Section       28  usart3.o(.data)
    .data                                    0x20000030   Section     5176  oled.o(.data)
    .data                                    0x20001468   Section        4  delay.o(.data)
    fac_us                                   0x20001468   Data           1  delay.o(.data)
    fac_ms                                   0x2000146a   Data           2  delay.o(.data)
    .data                                    0x2000146c   Section        6  usart.o(.data)
    .data                                    0x20001472   Section       16  stm32f4xx_rcc.o(.data)
    APBAHBPrescTable                         0x20001472   Data          16  stm32f4xx_rcc.o(.data)
    .data                                    0x20001484   Section       28  usmart.o(.data)
    .data                                    0x200014a0   Section      276  usmart_config.o(.data)
    .bss                                     0x200015b8   Section      800  usart3.o(.bss)
    .bss                                     0x200018d8   Section     1152  oled.o(.bss)
    .bss                                     0x20001d58   Section      200  usart.o(.bss)
    .bss                                     0x20001e20   Section       96  libspace.o(.bss)
    HEAP                                     0x20001e80   Section      512  startup_stm32f40_41xxx.o(HEAP)
    Heap_Mem                                 0x20001e80   Data         512  startup_stm32f40_41xxx.o(HEAP)
    STACK                                    0x20002080   Section     1024  startup_stm32f40_41xxx.o(STACK)
    Stack_Mem                                0x20002080   Data        1024  startup_stm32f40_41xxx.o(STACK)
    __initial_sp                             0x20002480   Data           0  startup_stm32f40_41xxx.o(STACK)

    Global Symbols

    Symbol Name                              Value     Ov Type        Size  Object(Section)

    BuildAttributes$$THM_ISAv4$E$P$D$K$B$S$7EM$VFPi3$EXTD16$VFPS$VFMA$PE$A:L22UL41UL21$X:L11$S22US41US21$IEEE1$IW$USESV6$~STKCKD$USESV7$~SHL$OTIME$ROPI$IEEEJ$EBA8$UX$STANDARDLIB$REQ8$PRES8$EABIv2 0x00000000   Number         0  anon$$obj.o ABSOLUTE
    __ARM_use_no_argv                        0x00000000   Number         0  main.o ABSOLUTE
    _printf_flags                            0x00000000   Number         0  printf_stubs.o ABSOLUTE
    _printf_return_value                     0x00000000   Number         0  printf_stubs.o ABSOLUTE
    _printf_sizespec                         0x00000000   Number         0  printf_stubs.o ABSOLUTE
    _printf_widthprec                        0x00000000   Number         0  printf_stubs.o ABSOLUTE
    __ARM_exceptions_init                     - Undefined Weak Reference
    __alloca_initialize                       - Undefined Weak Reference
    __arm_preinit_                            - Undefined Weak Reference
    __cpp_initialize__aeabi_                  - Undefined Weak Reference
    __cxa_finalize                            - Undefined Weak Reference
    __sigvec_lookup                           - Undefined Weak Reference
    _atexit_init                              - Undefined Weak Reference
    _call_atexit_fns                          - Undefined Weak Reference
    _clock_init                               - Undefined Weak Reference
    _fp_trap_init                             - Undefined Weak Reference
    _fp_trap_shutdown                         - Undefined Weak Reference
    _get_lc_collate                           - Undefined Weak Reference
    _get_lc_monetary                          - Undefined Weak Reference
    _get_lc_time                              - Undefined Weak Reference
    _getenv_init                              - Undefined Weak Reference
    _handle_redirection                       - Undefined Weak Reference
    _init_alloc                               - Undefined Weak Reference
    _init_user_alloc                          - Undefined Weak Reference
    _initio                                   - Undefined Weak Reference
    _mutex_acquire                            - Undefined Weak Reference
    _mutex_release                            - Undefined Weak Reference
    _printf_fp_hex                            - Undefined Weak Reference
    _printf_mbtowc                            - Undefined Weak Reference
    _printf_wc                                - Undefined Weak Reference
    _rand_init                                - Undefined Weak Reference
    _signal_finish                            - Undefined Weak Reference
    _signal_init                              - Undefined Weak Reference
    _terminate_alloc                          - Undefined Weak Reference
    _terminate_user_alloc                     - Undefined Weak Reference
    _terminateio                              - Undefined Weak Reference
    __Vectors_Size                           0x00000188   Number         0  startup_stm32f40_41xxx.o ABSOLUTE
    __Vectors                                0x08000000   Data           4  startup_stm32f40_41xxx.o(RESET)
    __Vectors_End                            0x08000188   Data           0  startup_stm32f40_41xxx.o(RESET)
    __main                                   0x08000189   Thumb Code     8  __main.o(!!!main)
    __scatterload                            0x08000191   Thumb Code     0  __scatter.o(!!!scatter)
    __scatterload_rt2                        0x08000191   Thumb Code    44  __scatter.o(!!!scatter)
    __scatterload_rt2_thumb_only             0x08000191   Thumb Code     0  __scatter.o(!!!scatter)
    __scatterload_null                       0x0800019f   Thumb Code     0  __scatter.o(!!!scatter)
    __decompress                             0x080001c5   Thumb Code    90  __dczerorl2.o(!!dczerorl2)
    __decompress1                            0x080001c5   Thumb Code     0  __dczerorl2.o(!!dczerorl2)
    __scatterload_zeroinit                   0x08000221   Thumb Code    28  __scatter_zi.o(!!handler_zi)
    _printf_n                                0x0800023d   Thumb Code     0  _printf_n.o(.ARM.Collect$$_printf_percent$$00000001)
    _printf_percent                          0x0800023d   Thumb Code     0  _printf_percent.o(.ARM.Collect$$_printf_percent$$00000000)
    _printf_p                                0x08000243   Thumb Code     0  _printf_p.o(.ARM.Collect$$_printf_percent$$00000002)
    _printf_f                                0x08000249   Thumb Code     0  _printf_f.o(.ARM.Collect$$_printf_percent$$00000003)
    _printf_e                                0x0800024f   Thumb Code     0  _printf_e.o(.ARM.Collect$$_printf_percent$$00000004)
    _printf_g                                0x08000255   Thumb Code     0  _printf_g.o(.ARM.Collect$$_printf_percent$$00000005)
    _printf_a                                0x0800025b   Thumb Code     0  _printf_a.o(.ARM.Collect$$_printf_percent$$00000006)
    _printf_ll                               0x08000261   Thumb Code     0  _printf_ll.o(.ARM.Collect$$_printf_percent$$00000007)
    _printf_i                                0x0800026b   Thumb Code     0  _printf_i.o(.ARM.Collect$$_printf_percent$$00000008)
    _printf_d                                0x08000271   Thumb Code     0  _printf_d.o(.ARM.Collect$$_printf_percent$$00000009)
    _printf_u                                0x08000277   Thumb Code     0  _printf_u.o(.ARM.Collect$$_printf_percent$$0000000A)
    _printf_o                                0x0800027d   Thumb Code     0  _printf_o.o(.ARM.Collect$$_printf_percent$$0000000B)
    _printf_x                                0x08000283   Thumb Code     0  _printf_x.o(.ARM.Collect$$_printf_percent$$0000000C)
    _printf_lli                              0x08000289   Thumb Code     0  _printf_lli.o(.ARM.Collect$$_printf_percent$$0000000D)
    _printf_lld                              0x0800028f   Thumb Code     0  _printf_lld.o(.ARM.Collect$$_printf_percent$$0000000E)
    _printf_llu                              0x08000295   Thumb Code     0  _printf_llu.o(.ARM.Collect$$_printf_percent$$0000000F)
    _printf_llo                              0x0800029b   Thumb Code     0  _printf_llo.o(.ARM.Collect$$_printf_percent$$00000010)
    _printf_llx                              0x080002a1   Thumb Code     0  _printf_llx.o(.ARM.Collect$$_printf_percent$$00000011)
    _printf_l                                0x080002a7   Thumb Code     0  _printf_l.o(.ARM.Collect$$_printf_percent$$00000012)
    _printf_c                                0x080002b1   Thumb Code     0  _printf_c.o(.ARM.Collect$$_printf_percent$$00000013)
    _printf_s                                0x080002b7   Thumb Code     0  _printf_s.o(.ARM.Collect$$_printf_percent$$00000014)
    _printf_lc                               0x080002bd   Thumb Code     0  _printf_lc.o(.ARM.Collect$$_printf_percent$$00000015)
    _printf_ls                               0x080002c3   Thumb Code     0  _printf_ls.o(.ARM.Collect$$_printf_percent$$00000016)
    _printf_percent_end                      0x080002c9   Thumb Code     0  _printf_percent_end.o(.ARM.Collect$$_printf_percent$$00000017)
    __rt_lib_init                            0x080002cd   Thumb Code     0  libinit.o(.ARM.Collect$$libinit$$00000000)
    __rt_lib_init_fp_1                       0x080002cf   Thumb Code     0  libinit2.o(.ARM.Collect$$libinit$$00000001)
    __rt_lib_init_heap_1                     0x080002d3   Thumb Code     0  libinit2.o(.ARM.Collect$$libinit$$0000000A)
    __rt_lib_init_lc_common                  0x080002d3   Thumb Code     0  libinit2.o(.ARM.Collect$$libinit$$0000000F)
    __rt_lib_init_preinit_1                  0x080002d3   Thumb Code     0  libinit2.o(.ARM.Collect$$libinit$$00000004)
    __rt_lib_init_rand_1                     0x080002d3   Thumb Code     0  libinit2.o(.ARM.Collect$$libinit$$0000000E)
    __rt_lib_init_user_alloc_1               0x080002d3   Thumb Code     0  libinit2.o(.ARM.Collect$$libinit$$0000000C)
    __rt_lib_init_lc_collate_1               0x080002d9   Thumb Code     0  libinit2.o(.ARM.Collect$$libinit$$00000011)
    __rt_lib_init_lc_ctype_2                 0x080002d9   Thumb Code     0  libinit2.o(.ARM.Collect$$libinit$$00000012)
    __rt_lib_init_lc_ctype_1                 0x080002e5   Thumb Code     0  libinit2.o(.ARM.Collect$$libinit$$00000013)
    __rt_lib_init_lc_monetary_1              0x080002e5   Thumb Code     0  libinit2.o(.ARM.Collect$$libinit$$00000015)
    __rt_lib_init_lc_numeric_2               0x080002e5   Thumb Code     0  libinit2.o(.ARM.Collect$$libinit$$00000016)
    __rt_lib_init_alloca_1                   0x080002ef   Thumb Code     0  libinit2.o(.ARM.Collect$$libinit$$0000002E)
    __rt_lib_init_argv_1                     0x080002ef   Thumb Code     0  libinit2.o(.ARM.Collect$$libinit$$0000002C)
    __rt_lib_init_atexit_1                   0x080002ef   Thumb Code     0  libinit2.o(.ARM.Collect$$libinit$$0000001B)
    __rt_lib_init_clock_1                    0x080002ef   Thumb Code     0  libinit2.o(.ARM.Collect$$libinit$$00000021)
    __rt_lib_init_cpp_1                      0x080002ef   Thumb Code     0  libinit2.o(.ARM.Collect$$libinit$$00000032)
    __rt_lib_init_exceptions_1               0x080002ef   Thumb Code     0  libinit2.o(.ARM.Collect$$libinit$$00000030)
    __rt_lib_init_fp_trap_1                  0x080002ef   Thumb Code     0  libinit2.o(.ARM.Collect$$libinit$$0000001F)
    __rt_lib_init_getenv_1                   0x080002ef   Thumb Code     0  libinit2.o(.ARM.Collect$$libinit$$00000023)
    __rt_lib_init_lc_numeric_1               0x080002ef   Thumb Code     0  libinit2.o(.ARM.Collect$$libinit$$00000017)
    __rt_lib_init_lc_time_1                  0x080002ef   Thumb Code     0  libinit2.o(.ARM.Collect$$libinit$$00000019)
    __rt_lib_init_return                     0x080002ef   Thumb Code     0  libinit2.o(.ARM.Collect$$libinit$$00000033)
    __rt_lib_init_signal_1                   0x080002ef   Thumb Code     0  libinit2.o(.ARM.Collect$$libinit$$0000001D)
    __rt_lib_init_stdio_1                    0x080002ef   Thumb Code     0  libinit2.o(.ARM.Collect$$libinit$$00000025)
    __rt_lib_shutdown                        0x080002f1   Thumb Code     0  libshutdown.o(.ARM.Collect$$libshutdown$$00000000)
    __rt_lib_shutdown_cpp_1                  0x080002f3   Thumb Code     0  libshutdown2.o(.ARM.Collect$$libshutdown$$00000002)
    __rt_lib_shutdown_fp_trap_1              0x080002f3   Thumb Code     0  libshutdown2.o(.ARM.Collect$$libshutdown$$00000007)
    __rt_lib_shutdown_heap_1                 0x080002f3   Thumb Code     0  libshutdown2.o(.ARM.Collect$$libshutdown$$0000000F)
    __rt_lib_shutdown_return                 0x080002f3   Thumb Code     0  libshutdown2.o(.ARM.Collect$$libshutdown$$00000010)
    __rt_lib_shutdown_signal_1               0x080002f3   Thumb Code     0  libshutdown2.o(.ARM.Collect$$libshutdown$$0000000A)
    __rt_lib_shutdown_stdio_1                0x080002f3   Thumb Code     0  libshutdown2.o(.ARM.Collect$$libshutdown$$00000004)
    __rt_lib_shutdown_user_alloc_1           0x080002f3   Thumb Code     0  libshutdown2.o(.ARM.Collect$$libshutdown$$0000000C)
    __rt_entry                               0x080002f5   Thumb Code     0  __rtentry.o(.ARM.Collect$$rtentry$$00000000)
    __rt_entry_presh_1                       0x080002f5   Thumb Code     0  __rtentry2.o(.ARM.Collect$$rtentry$$00000002)
    __rt_entry_sh                            0x080002f5   Thumb Code     0  __rtentry4.o(.ARM.Collect$$rtentry$$00000004)
    __rt_entry_li                            0x080002fb   Thumb Code     0  __rtentry2.o(.ARM.Collect$$rtentry$$0000000A)
    __rt_entry_postsh_1                      0x080002fb   Thumb Code     0  __rtentry2.o(.ARM.Collect$$rtentry$$00000009)
    __rt_entry_main                          0x080002ff   Thumb Code     0  __rtentry2.o(.ARM.Collect$$rtentry$$0000000D)
    __rt_entry_postli_1                      0x080002ff   Thumb Code     0  __rtentry2.o(.ARM.Collect$$rtentry$$0000000C)
    __rt_exit                                0x08000307   Thumb Code     0  rtexit.o(.ARM.Collect$$rtexit$$00000000)
    __rt_exit_ls                             0x08000309   Thumb Code     0  rtexit2.o(.ARM.Collect$$rtexit$$00000003)
    __rt_exit_prels_1                        0x08000309   Thumb Code     0  rtexit2.o(.ARM.Collect$$rtexit$$00000002)
    __rt_exit_exit                           0x0800030d   Thumb Code     0  rtexit2.o(.ARM.Collect$$rtexit$$00000004)
    HC05_Role_Show                           0x08000315   Thumb Code    46  main.o(.text)
    HC05_Sta_Show                            0x08000343   Thumb Code    44  main.o(.text)
    main                                     0x0800036f   Thumb Code   130  main.o(.text)
    NMI_Handler                              0x0800046d   Thumb Code     2  stm32f4xx_it.o(.text)
    HardFault_Handler                        0x0800046f   Thumb Code     4  stm32f4xx_it.o(.text)
    MemManage_Handler                        0x08000473   Thumb Code     4  stm32f4xx_it.o(.text)
    BusFault_Handler                         0x08000477   Thumb Code     4  stm32f4xx_it.o(.text)
    UsageFault_Handler                       0x0800047b   Thumb Code     4  stm32f4xx_it.o(.text)
    SVC_Handler                              0x0800047f   Thumb Code     2  stm32f4xx_it.o(.text)
    DebugMon_Handler                         0x08000481   Thumb Code     2  stm32f4xx_it.o(.text)
    PendSV_Handler                           0x08000483   Thumb Code     2  stm32f4xx_it.o(.text)
    SysTick_Handler                          0x08000485   Thumb Code     2  stm32f4xx_it.o(.text)
    SystemInit                               0x08000565   Thumb Code    88  system_stm32f4xx.o(.text)
    SystemCoreClockUpdate                    0x080005bd   Thumb Code   174  system_stm32f4xx.o(.text)
    TIM7_IRQHandler                          0x08000699   Thumb Code    42  timer.o(.text)
    TIM7_Int_Init                            0x080006c3   Thumb Code    86  timer.o(.text)
    USART3_IRQHandler                        0x08000721   Thumb Code   336  usart3.o(.text)
    usart3_init                              0x08000871   Thumb Code   196  usart3.o(.text)
    u3_printf                                0x08000935   Thumb Code    72  usart3.o(.text)
    HC05_Init                                0x080009d9   Thumb Code   100  hc05.o(.text)
    HC05_Get_Role                            0x08000a3d   Thumb Code   130  hc05.o(.text)
    HC05_Set_Cmd                             0x08000abf   Thumb Code   128  hc05.o(.text)
    HC05_CFG_CMD                             0x08000b3f   Thumb Code    94  hc05.o(.text)
    OLED_WR_Byte                             0x08000bd1   Thumb Code   108  oled.o(.text)
    OLED_ColorTurn                           0x08000c3d   Thumb Code    28  oled.o(.text)
    OLED_DisplayTurn                         0x08000c59   Thumb Code    44  oled.o(.text)
    OLED_DisPlay_On                          0x08000c85   Thumb Code    28  oled.o(.text)
    OLED_DisPlay_Off                         0x08000ca1   Thumb Code    28  oled.o(.text)
    OLED_Refresh                             0x08000cbd   Thumb Code    70  oled.o(.text)
    OLED_Clear                               0x08000d03   Thumb Code    42  oled.o(.text)
    OLED_DrawPoint                           0x08000d2d   Thumb Code    54  oled.o(.text)
    OLED_ClearPoint                          0x08000d63   Thumb Code    90  oled.o(.text)
    OLED_DrawLine                            0x08000dbd   Thumb Code   176  oled.o(.text)
    OLED_DrawCircle                          0x08000e6d   Thumb Code   152  oled.o(.text)
    OLED_ShowChar                            0x08000f05   Thumb Code   262  oled.o(.text)
    OLED_ShowString                          0x0800100b   Thumb Code    66  oled.o(.text)
    OLED_Pow                                 0x0800104d   Thumb Code    22  oled.o(.text)
    OLED_ShowNum                             0x08001063   Thumb Code   116  oled.o(.text)
    OLED_ShowChinese                         0x080010d7   Thumb Code   248  oled.o(.text)
    OLED_ScrollDisplay                       0x080011cf   Thumb Code   160  oled.o(.text)
    OLED_WR_BP                               0x0800126f   Thumb Code    42  oled.o(.text)
    OLED_ShowPicture                         0x08001299   Thumb Code    98  oled.o(.text)
    OLED_Init                                0x080012fb   Thumb Code   336  oled.o(.text)
    delay_init                               0x08001469   Thumb Code    52  delay.o(.text)
    delay_us                                 0x0800149d   Thumb Code    72  delay.o(.text)
    delay_xms                                0x080014e5   Thumb Code    72  delay.o(.text)
    delay_ms                                 0x0800152d   Thumb Code    56  delay.o(.text)
    _sys_exit                                0x0800156d   Thumb Code     6  usart.o(.text)
    fputc                                    0x08001573   Thumb Code    22  usart.o(.text)
    uart_init                                0x08001589   Thumb Code   172  usart.o(.text)
    USART1_IRQHandler                        0x08001635   Thumb Code   122  usart.o(.text)
    Reset_Handler                            0x080016c1   Thumb Code     8  startup_stm32f40_41xxx.o(.text)
    ADC_IRQHandler                           0x080016db   Thumb Code     0  startup_stm32f40_41xxx.o(.text)
    CAN1_RX0_IRQHandler                      0x080016db   Thumb Code     0  startup_stm32f40_41xxx.o(.text)
    CAN1_RX1_IRQHandler                      0x080016db   Thumb Code     0  startup_stm32f40_41xxx.o(.text)
    CAN1_SCE_IRQHandler                      0x080016db   Thumb Code     0  startup_stm32f40_41xxx.o(.text)
    CAN1_TX_IRQHandler                       0x080016db   Thumb Code     0  startup_stm32f40_41xxx.o(.text)
    CAN2_RX0_IRQHandler                      0x080016db   Thumb Code     0  startup_stm32f40_41xxx.o(.text)
    CAN2_RX1_IRQHandler                      0x080016db   Thumb Code     0  startup_stm32f40_41xxx.o(.text)
    CAN2_SCE_IRQHandler                      0x080016db   Thumb Code     0  startup_stm32f40_41xxx.o(.text)
    CAN2_TX_IRQHandler                       0x080016db   Thumb Code     0  startup_stm32f40_41xxx.o(.text)
    CRYP_IRQHandler                          0x080016db   Thumb Code     0  startup_stm32f40_41xxx.o(.text)
    DCMI_IRQHandler                          0x080016db   Thumb Code     0  startup_stm32f40_41xxx.o(.text)
    DMA1_Stream0_IRQHandler                  0x080016db   Thumb Code     0  startup_stm32f40_41xxx.o(.text)
    DMA1_Stream1_IRQHandler                  0x080016db   Thumb Code     0  startup_stm32f40_41xxx.o(.text)
    DMA1_Stream2_IRQHandler                  0x080016db   Thumb Code     0  startup_stm32f40_41xxx.o(.text)
    DMA1_Stream3_IRQHandler                  0x080016db   Thumb Code     0  startup_stm32f40_41xxx.o(.text)
    DMA1_Stream4_IRQHandler                  0x080016db   Thumb Code     0  startup_stm32f40_41xxx.o(.text)
    DMA1_Stream5_IRQHandler                  0x080016db   Thumb Code     0  startup_stm32f40_41xxx.o(.text)
    DMA1_Stream6_IRQHandler                  0x080016db   Thumb Code     0  startup_stm32f40_41xxx.o(.text)
    DMA1_Stream7_IRQHandler                  0x080016db   Thumb Code     0  startup_stm32f40_41xxx.o(.text)
    DMA2_Stream0_IRQHandler                  0x080016db   Thumb Code     0  startup_stm32f40_41xxx.o(.text)
    DMA2_Stream1_IRQHandler                  0x080016db   Thumb Code     0  startup_stm32f40_41xxx.o(.text)
    DMA2_Stream2_IRQHandler                  0x080016db   Thumb Code     0  startup_stm32f40_41xxx.o(.text)
    DMA2_Stream3_IRQHandler                  0x080016db   Thumb Code     0  startup_stm32f40_41xxx.o(.text)
    DMA2_Stream4_IRQHandler                  0x080016db   Thumb Code     0  startup_stm32f40_41xxx.o(.text)
    DMA2_Stream5_IRQHandler                  0x080016db   Thumb Code     0  startup_stm32f40_41xxx.o(.text)
    DMA2_Stream6_IRQHandler                  0x080016db   Thumb Code     0  startup_stm32f40_41xxx.o(.text)
    DMA2_Stream7_IRQHandler                  0x080016db   Thumb Code     0  startup_stm32f40_41xxx.o(.text)
    ETH_IRQHandler                           0x080016db   Thumb Code     0  startup_stm32f40_41xxx.o(.text)
    ETH_WKUP_IRQHandler                      0x080016db   Thumb Code     0  startup_stm32f40_41xxx.o(.text)
    EXTI0_IRQHandler                         0x080016db   Thumb Code     0  startup_stm32f40_41xxx.o(.text)
    EXTI15_10_IRQHandler                     0x080016db   Thumb Code     0  startup_stm32f40_41xxx.o(.text)
    EXTI1_IRQHandler                         0x080016db   Thumb Code     0  startup_stm32f40_41xxx.o(.text)
    EXTI2_IRQHandler                         0x080016db   Thumb Code     0  startup_stm32f40_41xxx.o(.text)
    EXTI3_IRQHandler                         0x080016db   Thumb Code     0  startup_stm32f40_41xxx.o(.text)
    EXTI4_IRQHandler                         0x080016db   Thumb Code     0  startup_stm32f40_41xxx.o(.text)
    EXTI9_5_IRQHandler                       0x080016db   Thumb Code     0  startup_stm32f40_41xxx.o(.text)
    FLASH_IRQHandler                         0x080016db   Thumb Code     0  startup_stm32f40_41xxx.o(.text)
    FPU_IRQHandler                           0x080016db   Thumb Code     0  startup_stm32f40_41xxx.o(.text)
    FSMC_IRQHandler                          0x080016db   Thumb Code     0  startup_stm32f40_41xxx.o(.text)
    HASH_RNG_IRQHandler                      0x080016db   Thumb Code     0  startup_stm32f40_41xxx.o(.text)
    I2C1_ER_IRQHandler                       0x080016db   Thumb Code     0  startup_stm32f40_41xxx.o(.text)
    I2C1_EV_IRQHandler                       0x080016db   Thumb Code     0  startup_stm32f40_41xxx.o(.text)
    I2C2_ER_IRQHandler                       0x080016db   Thumb Code     0  startup_stm32f40_41xxx.o(.text)
    I2C2_EV_IRQHandler                       0x080016db   Thumb Code     0  startup_stm32f40_41xxx.o(.text)
    I2C3_ER_IRQHandler                       0x080016db   Thumb Code     0  startup_stm32f40_41xxx.o(.text)
    I2C3_EV_IRQHandler                       0x080016db   Thumb Code     0  startup_stm32f40_41xxx.o(.text)
    OTG_FS_IRQHandler                        0x080016db   Thumb Code     0  startup_stm32f40_41xxx.o(.text)
    OTG_FS_WKUP_IRQHandler                   0x080016db   Thumb Code     0  startup_stm32f40_41xxx.o(.text)
    OTG_HS_EP1_IN_IRQHandler                 0x080016db   Thumb Code     0  startup_stm32f40_41xxx.o(.text)
    OTG_HS_EP1_OUT_IRQHandler                0x080016db   Thumb Code     0  startup_stm32f40_41xxx.o(.text)
    OTG_HS_IRQHandler                        0x080016db   Thumb Code     0  startup_stm32f40_41xxx.o(.text)
    OTG_HS_WKUP_IRQHandler                   0x080016db   Thumb Code     0  startup_stm32f40_41xxx.o(.text)
    PVD_IRQHandler                           0x080016db   Thumb Code     0  startup_stm32f40_41xxx.o(.text)
    RCC_IRQHandler                           0x080016db   Thumb Code     0  startup_stm32f40_41xxx.o(.text)
    RTC_Alarm_IRQHandler                     0x080016db   Thumb Code     0  startup_stm32f40_41xxx.o(.text)
    RTC_WKUP_IRQHandler                      0x080016db   Thumb Code     0  startup_stm32f40_41xxx.o(.text)
    SDIO_IRQHandler                          0x080016db   Thumb Code     0  startup_stm32f40_41xxx.o(.text)
    SPI1_IRQHandler                          0x080016db   Thumb Code     0  startup_stm32f40_41xxx.o(.text)
    SPI2_IRQHandler                          0x080016db   Thumb Code     0  startup_stm32f40_41xxx.o(.text)
    SPI3_IRQHandler                          0x080016db   Thumb Code     0  startup_stm32f40_41xxx.o(.text)
    TAMP_STAMP_IRQHandler                    0x080016db   Thumb Code     0  startup_stm32f40_41xxx.o(.text)
    TIM1_BRK_TIM9_IRQHandler                 0x080016db   Thumb Code     0  startup_stm32f40_41xxx.o(.text)
    TIM1_CC_IRQHandler                       0x080016db   Thumb Code     0  startup_stm32f40_41xxx.o(.text)
    TIM1_TRG_COM_TIM11_IRQHandler            0x080016db   Thumb Code     0  startup_stm32f40_41xxx.o(.text)
    TIM1_UP_TIM10_IRQHandler                 0x080016db   Thumb Code     0  startup_stm32f40_41xxx.o(.text)
    TIM2_IRQHandler                          0x080016db   Thumb Code     0  startup_stm32f40_41xxx.o(.text)
    TIM3_IRQHandler                          0x080016db   Thumb Code     0  startup_stm32f40_41xxx.o(.text)
    TIM5_IRQHandler                          0x080016db   Thumb Code     0  startup_stm32f40_41xxx.o(.text)
    TIM6_DAC_IRQHandler                      0x080016db   Thumb Code     0  startup_stm32f40_41xxx.o(.text)
    TIM8_BRK_TIM12_IRQHandler                0x080016db   Thumb Code     0  startup_stm32f40_41xxx.o(.text)
    TIM8_CC_IRQHandler                       0x080016db   Thumb Code     0  startup_stm32f40_41xxx.o(.text)
    TIM8_TRG_COM_TIM14_IRQHandler            0x080016db   Thumb Code     0  startup_stm32f40_41xxx.o(.text)
    TIM8_UP_TIM13_IRQHandler                 0x080016db   Thumb Code     0  startup_stm32f40_41xxx.o(.text)
    UART4_IRQHandler                         0x080016db   Thumb Code     0  startup_stm32f40_41xxx.o(.text)
    UART5_IRQHandler                         0x080016db   Thumb Code     0  startup_stm32f40_41xxx.o(.text)
    USART2_IRQHandler                        0x080016db   Thumb Code     0  startup_stm32f40_41xxx.o(.text)
    USART6_IRQHandler                        0x080016db   Thumb Code     0  startup_stm32f40_41xxx.o(.text)
    WWDG_IRQHandler                          0x080016db   Thumb Code     0  startup_stm32f40_41xxx.o(.text)
    __user_initial_stackheap                 0x080016dd   Thumb Code     0  startup_stm32f40_41xxx.o(.text)
    NVIC_PriorityGroupConfig                 0x08001701   Thumb Code    10  misc.o(.text)
    NVIC_Init                                0x0800170b   Thumb Code   106  misc.o(.text)
    NVIC_SetVectorTable                      0x08001775   Thumb Code    14  misc.o(.text)
    NVIC_SystemLPConfig                      0x08001783   Thumb Code    34  misc.o(.text)
    SysTick_CLKSourceConfig                  0x080017a5   Thumb Code    40  misc.o(.text)
    GPIO_DeInit                              0x080017e1   Thumb Code   268  stm32f4xx_gpio.o(.text)
    GPIO_Init                                0x080018ed   Thumb Code   144  stm32f4xx_gpio.o(.text)
    GPIO_StructInit                          0x0800197d   Thumb Code    18  stm32f4xx_gpio.o(.text)
    GPIO_PinLockConfig                       0x0800198f   Thumb Code    34  stm32f4xx_gpio.o(.text)
    GPIO_ReadInputDataBit                    0x080019b1   Thumb Code    18  stm32f4xx_gpio.o(.text)
    GPIO_ReadInputData                       0x080019c3   Thumb Code     8  stm32f4xx_gpio.o(.text)
    GPIO_ReadOutputDataBit                   0x080019cb   Thumb Code    18  stm32f4xx_gpio.o(.text)
    GPIO_ReadOutputData                      0x080019dd   Thumb Code     8  stm32f4xx_gpio.o(.text)
    GPIO_SetBits                             0x080019e5   Thumb Code     4  stm32f4xx_gpio.o(.text)
    GPIO_ResetBits                           0x080019e9   Thumb Code     4  stm32f4xx_gpio.o(.text)
    GPIO_WriteBit                            0x080019ed   Thumb Code    10  stm32f4xx_gpio.o(.text)
    GPIO_Write                               0x080019f7   Thumb Code     4  stm32f4xx_gpio.o(.text)
    GPIO_ToggleBits                          0x080019fb   Thumb Code     8  stm32f4xx_gpio.o(.text)
    GPIO_PinAFConfig                         0x08001a03   Thumb Code    70  stm32f4xx_gpio.o(.text)
    RCC_DeInit                               0x08001a75   Thumb Code    82  stm32f4xx_rcc.o(.text)
    RCC_HSEConfig                            0x08001ac7   Thumb Code    14  stm32f4xx_rcc.o(.text)
    RCC_GetFlagStatus                        0x08001ad5   Thumb Code    60  stm32f4xx_rcc.o(.text)
    RCC_WaitForHSEStartUp                    0x08001b11   Thumb Code    56  stm32f4xx_rcc.o(.text)
    RCC_AdjustHSICalibrationValue            0x08001b49   Thumb Code    20  stm32f4xx_rcc.o(.text)
    RCC_HSICmd                               0x08001b5d   Thumb Code     6  stm32f4xx_rcc.o(.text)
    RCC_LSEConfig                            0x08001b63   Thumb Code    46  stm32f4xx_rcc.o(.text)
    RCC_LSICmd                               0x08001b91   Thumb Code     6  stm32f4xx_rcc.o(.text)
    RCC_PLLConfig                            0x08001b97   Thumb Code    32  stm32f4xx_rcc.o(.text)
    RCC_PLLCmd                               0x08001bb7   Thumb Code     6  stm32f4xx_rcc.o(.text)
    RCC_PLLI2SConfig                         0x08001bbd   Thumb Code    14  stm32f4xx_rcc.o(.text)
    RCC_PLLI2SCmd                            0x08001bcb   Thumb Code     6  stm32f4xx_rcc.o(.text)
    RCC_PLLSAIConfig                         0x08001bd1   Thumb Code    20  stm32f4xx_rcc.o(.text)
    RCC_PLLSAICmd                            0x08001be5   Thumb Code     6  stm32f4xx_rcc.o(.text)
    RCC_ClockSecuritySystemCmd               0x08001beb   Thumb Code     6  stm32f4xx_rcc.o(.text)
    RCC_MCO1Config                           0x08001bf1   Thumb Code    28  stm32f4xx_rcc.o(.text)
    RCC_MCO2Config                           0x08001c0d   Thumb Code    28  stm32f4xx_rcc.o(.text)
    RCC_SYSCLKConfig                         0x08001c29   Thumb Code    20  stm32f4xx_rcc.o(.text)
    RCC_GetSYSCLKSource                      0x08001c3d   Thumb Code    12  stm32f4xx_rcc.o(.text)
    RCC_HCLKConfig                           0x08001c49   Thumb Code    20  stm32f4xx_rcc.o(.text)
    RCC_PCLK1Config                          0x08001c5d   Thumb Code    20  stm32f4xx_rcc.o(.text)
    RCC_PCLK2Config                          0x08001c71   Thumb Code    22  stm32f4xx_rcc.o(.text)
    RCC_GetClocksFreq                        0x08001c87   Thumb Code   222  stm32f4xx_rcc.o(.text)
    RCC_RTCCLKConfig                         0x08001d65   Thumb Code    54  stm32f4xx_rcc.o(.text)
    RCC_RTCCLKCmd                            0x08001d9b   Thumb Code     8  stm32f4xx_rcc.o(.text)
    RCC_BackupResetCmd                       0x08001da3   Thumb Code     8  stm32f4xx_rcc.o(.text)
    RCC_I2SCLKConfig                         0x08001dab   Thumb Code     6  stm32f4xx_rcc.o(.text)
    RCC_SAIPLLI2SClkDivConfig                0x08001db1   Thumb Code    26  stm32f4xx_rcc.o(.text)
    RCC_SAIPLLSAIClkDivConfig                0x08001dcb   Thumb Code    28  stm32f4xx_rcc.o(.text)
    RCC_SAIBlockACLKConfig                   0x08001de7   Thumb Code    20  stm32f4xx_rcc.o(.text)
    RCC_SAIBlockBCLKConfig                   0x08001dfb   Thumb Code    20  stm32f4xx_rcc.o(.text)
    RCC_LTDCCLKDivConfig                     0x08001e0f   Thumb Code    20  stm32f4xx_rcc.o(.text)
    RCC_TIMCLKPresConfig                     0x08001e23   Thumb Code     6  stm32f4xx_rcc.o(.text)
    RCC_AHB1PeriphClockCmd                   0x08001e29   Thumb Code    34  stm32f4xx_rcc.o(.text)
    RCC_AHB2PeriphClockCmd                   0x08001e4b   Thumb Code    78  stm32f4xx_rcc.o(.text)
    RCC_AHB3PeriphClockCmd                   0x08001e99   Thumb Code    34  stm32f4xx_rcc.o(.text)
    RCC_APB1PeriphClockCmd                   0x08001ebb   Thumb Code    34  stm32f4xx_rcc.o(.text)
    RCC_APB2PeriphClockCmd                   0x08001edd   Thumb Code    34  stm32f4xx_rcc.o(.text)
    RCC_AHB1PeriphResetCmd                   0x08001eff   Thumb Code    34  stm32f4xx_rcc.o(.text)
    RCC_AHB2PeriphResetCmd                   0x08001f21   Thumb Code    34  stm32f4xx_rcc.o(.text)
    RCC_AHB3PeriphResetCmd                   0x08001f43   Thumb Code    34  stm32f4xx_rcc.o(.text)
    RCC_APB1PeriphResetCmd                   0x08001f65   Thumb Code    34  stm32f4xx_rcc.o(.text)
    RCC_APB2PeriphResetCmd                   0x08001f87   Thumb Code    34  stm32f4xx_rcc.o(.text)
    RCC_AHB1PeriphClockLPModeCmd             0x08001fa9   Thumb Code    34  stm32f4xx_rcc.o(.text)
    RCC_AHB2PeriphClockLPModeCmd             0x08001fcb   Thumb Code    34  stm32f4xx_rcc.o(.text)
    RCC_AHB3PeriphClockLPModeCmd             0x08001fed   Thumb Code    34  stm32f4xx_rcc.o(.text)
    RCC_APB1PeriphClockLPModeCmd             0x0800200f   Thumb Code    34  stm32f4xx_rcc.o(.text)
    RCC_APB2PeriphClockLPModeCmd             0x08002031   Thumb Code    34  stm32f4xx_rcc.o(.text)
    RCC_LSEModeConfig                        0x08002053   Thumb Code    40  stm32f4xx_rcc.o(.text)
    RCC_ITConfig                             0x0800207b   Thumb Code    34  stm32f4xx_rcc.o(.text)
    RCC_ClearFlag                            0x0800209d   Thumb Code    18  stm32f4xx_rcc.o(.text)
    RCC_GetITStatus                          0x080020af   Thumb Code    22  stm32f4xx_rcc.o(.text)
    RCC_ClearITPendingBit                    0x080020c5   Thumb Code     8  stm32f4xx_rcc.o(.text)
    USART_DeInit                             0x080020d1   Thumb Code   206  stm32f4xx_usart.o(.text)
    USART_Init                               0x0800219f   Thumb Code   204  stm32f4xx_usart.o(.text)
    USART_StructInit                         0x0800226b   Thumb Code    24  stm32f4xx_usart.o(.text)
    USART_ClockInit                          0x08002283   Thumb Code    32  stm32f4xx_usart.o(.text)
    USART_ClockStructInit                    0x080022a3   Thumb Code    12  stm32f4xx_usart.o(.text)
    USART_Cmd                                0x080022af   Thumb Code    24  stm32f4xx_usart.o(.text)
    USART_SetPrescaler                       0x080022c7   Thumb Code    16  stm32f4xx_usart.o(.text)
    USART_OverSampling8Cmd                   0x080022d7   Thumb Code    22  stm32f4xx_usart.o(.text)
    USART_OneBitMethodCmd                    0x080022ed   Thumb Code    24  stm32f4xx_usart.o(.text)
    USART_SendData                           0x08002305   Thumb Code     8  stm32f4xx_usart.o(.text)
    USART_ReceiveData                        0x0800230d   Thumb Code    10  stm32f4xx_usart.o(.text)
    USART_SetAddress                         0x08002317   Thumb Code    18  stm32f4xx_usart.o(.text)
    USART_ReceiverWakeUpCmd                  0x08002329   Thumb Code    24  stm32f4xx_usart.o(.text)
    USART_WakeUpConfig                       0x08002341   Thumb Code    18  stm32f4xx_usart.o(.text)
    USART_LINBreakDetectLengthConfig         0x08002353   Thumb Code    18  stm32f4xx_usart.o(.text)
    USART_LINCmd                             0x08002365   Thumb Code    24  stm32f4xx_usart.o(.text)
    USART_SendBreak                          0x0800237d   Thumb Code    10  stm32f4xx_usart.o(.text)
    USART_HalfDuplexCmd                      0x08002387   Thumb Code    24  stm32f4xx_usart.o(.text)
    USART_SetGuardTime                       0x0800239f   Thumb Code    16  stm32f4xx_usart.o(.text)
    USART_SmartCardCmd                       0x080023af   Thumb Code    24  stm32f4xx_usart.o(.text)
    USART_SmartCardNACKCmd                   0x080023c7   Thumb Code    24  stm32f4xx_usart.o(.text)
    USART_IrDAConfig                         0x080023df   Thumb Code    18  stm32f4xx_usart.o(.text)
    USART_IrDACmd                            0x080023f1   Thumb Code    24  stm32f4xx_usart.o(.text)
    USART_DMACmd                             0x08002409   Thumb Code    18  stm32f4xx_usart.o(.text)
    USART_ITConfig                           0x0800241b   Thumb Code    74  stm32f4xx_usart.o(.text)
    USART_GetFlagStatus                      0x08002465   Thumb Code    26  stm32f4xx_usart.o(.text)
    USART_ClearFlag                          0x0800247f   Thumb Code    18  stm32f4xx_usart.o(.text)
    USART_GetITStatus                        0x08002491   Thumb Code   118  stm32f4xx_usart.o(.text)
    USART_ClearITPendingBit                  0x08002507   Thumb Code    30  stm32f4xx_usart.o(.text)
    TIM_DeInit                               0x08002525   Thumb Code   346  stm32f4xx_tim.o(.text)
    TIM_TimeBaseInit                         0x0800267f   Thumb Code   104  stm32f4xx_tim.o(.text)
    TIM_TimeBaseStructInit                   0x080026e7   Thumb Code    18  stm32f4xx_tim.o(.text)
    TIM_PrescalerConfig                      0x080026f9   Thumb Code     6  stm32f4xx_tim.o(.text)
    TIM_CounterModeConfig                    0x080026ff   Thumb Code    18  stm32f4xx_tim.o(.text)
    TIM_SetCounter                           0x08002711   Thumb Code     4  stm32f4xx_tim.o(.text)
    TIM_SetAutoreload                        0x08002715   Thumb Code     4  stm32f4xx_tim.o(.text)
    TIM_GetCounter                           0x08002719   Thumb Code     6  stm32f4xx_tim.o(.text)
    TIM_GetPrescaler                         0x0800271f   Thumb Code     6  stm32f4xx_tim.o(.text)
    TIM_UpdateDisableConfig                  0x08002725   Thumb Code    24  stm32f4xx_tim.o(.text)
    TIM_UpdateRequestConfig                  0x0800273d   Thumb Code    24  stm32f4xx_tim.o(.text)
    TIM_ARRPreloadConfig                     0x08002755   Thumb Code    24  stm32f4xx_tim.o(.text)
    TIM_SelectOnePulseMode                   0x0800276d   Thumb Code    18  stm32f4xx_tim.o(.text)
    TIM_SetClockDivision                     0x0800277f   Thumb Code    18  stm32f4xx_tim.o(.text)
    TIM_Cmd                                  0x08002791   Thumb Code    24  stm32f4xx_tim.o(.text)
    TIM_OC1Init                              0x080027a9   Thumb Code   114  stm32f4xx_tim.o(.text)
    TIM_OC2Init                              0x0800281b   Thumb Code   154  stm32f4xx_tim.o(.text)
    TIM_OC3Init                              0x080028b5   Thumb Code   204  stm32f4xx_tim.o(.text)
    TIM_OC4Init                              0x08002981   Thumb Code   112  stm32f4xx_tim.o(.text)
    TIM_OCStructInit                         0x080029f1   Thumb Code    20  stm32f4xx_tim.o(.text)
    TIM_SelectOCxM                           0x08002a05   Thumb Code    86  stm32f4xx_tim.o(.text)
    TIM_SetCompare1                          0x08002a5b   Thumb Code     4  stm32f4xx_tim.o(.text)
    TIM_SetCompare2                          0x08002a5f   Thumb Code     4  stm32f4xx_tim.o(.text)
    TIM_SetCompare3                          0x08002a63   Thumb Code     4  stm32f4xx_tim.o(.text)
    TIM_SetCompare4                          0x08002a67   Thumb Code     4  stm32f4xx_tim.o(.text)
    TIM_ForcedOC1Config                      0x08002a6b   Thumb Code    18  stm32f4xx_tim.o(.text)
    TIM_ForcedOC2Config                      0x08002a7d   Thumb Code    26  stm32f4xx_tim.o(.text)
    TIM_ForcedOC3Config                      0x08002a97   Thumb Code    18  stm32f4xx_tim.o(.text)
    TIM_ForcedOC4Config                      0x08002aa9   Thumb Code    26  stm32f4xx_tim.o(.text)
    TIM_OC1PreloadConfig                     0x08002ac3   Thumb Code    18  stm32f4xx_tim.o(.text)
    TIM_OC2PreloadConfig                     0x08002ad5   Thumb Code    26  stm32f4xx_tim.o(.text)
    TIM_OC3PreloadConfig                     0x08002aef   Thumb Code    18  stm32f4xx_tim.o(.text)
    TIM_OC4PreloadConfig                     0x08002b01   Thumb Code    26  stm32f4xx_tim.o(.text)
    TIM_OC1FastConfig                        0x08002b1b   Thumb Code    18  stm32f4xx_tim.o(.text)
    TIM_OC2FastConfig                        0x08002b2d   Thumb Code    26  stm32f4xx_tim.o(.text)
    TIM_OC3FastConfig                        0x08002b47   Thumb Code    18  stm32f4xx_tim.o(.text)
    TIM_OC4FastConfig                        0x08002b59   Thumb Code    26  stm32f4xx_tim.o(.text)
    TIM_ClearOC1Ref                          0x08002b73   Thumb Code    18  stm32f4xx_tim.o(.text)
    TIM_ClearOC2Ref                          0x08002b85   Thumb Code    24  stm32f4xx_tim.o(.text)
    TIM_ClearOC3Ref                          0x08002b9d   Thumb Code    18  stm32f4xx_tim.o(.text)
    TIM_ClearOC4Ref                          0x08002baf   Thumb Code    24  stm32f4xx_tim.o(.text)
    TIM_OC1PolarityConfig                    0x08002bc7   Thumb Code    18  stm32f4xx_tim.o(.text)
    TIM_OC1NPolarityConfig                   0x08002bd9   Thumb Code    18  stm32f4xx_tim.o(.text)
    TIM_OC2PolarityConfig                    0x08002beb   Thumb Code    26  stm32f4xx_tim.o(.text)
    TIM_OC2NPolarityConfig                   0x08002c05   Thumb Code    26  stm32f4xx_tim.o(.text)
    TIM_OC3PolarityConfig                    0x08002c1f   Thumb Code    26  stm32f4xx_tim.o(.text)
    TIM_OC3NPolarityConfig                   0x08002c39   Thumb Code    26  stm32f4xx_tim.o(.text)
    TIM_OC4PolarityConfig                    0x08002c53   Thumb Code    26  stm32f4xx_tim.o(.text)
    TIM_CCxCmd                               0x08002c6d   Thumb Code    30  stm32f4xx_tim.o(.text)
    TIM_CCxNCmd                              0x08002c8b   Thumb Code    30  stm32f4xx_tim.o(.text)
    TIM_SetIC4Prescaler                      0x08002ca9   Thumb Code    26  stm32f4xx_tim.o(.text)
    TIM_SetIC3Prescaler                      0x08002d13   Thumb Code    18  stm32f4xx_tim.o(.text)
    TIM_SetIC2Prescaler                      0x08002d6d   Thumb Code    26  stm32f4xx_tim.o(.text)
    TIM_SetIC1Prescaler                      0x08002de1   Thumb Code    18  stm32f4xx_tim.o(.text)
    TIM_ICInit                               0x08002e2d   Thumb Code   110  stm32f4xx_tim.o(.text)
    TIM_ICStructInit                         0x08002e9b   Thumb Code    18  stm32f4xx_tim.o(.text)
    TIM_PWMIConfig                           0x08002ead   Thumb Code   124  stm32f4xx_tim.o(.text)
    TIM_GetCapture1                          0x08002f29   Thumb Code     6  stm32f4xx_tim.o(.text)
    TIM_GetCapture2                          0x08002f2f   Thumb Code     6  stm32f4xx_tim.o(.text)
    TIM_GetCapture3                          0x08002f35   Thumb Code     6  stm32f4xx_tim.o(.text)
    TIM_GetCapture4                          0x08002f3b   Thumb Code     6  stm32f4xx_tim.o(.text)
    TIM_BDTRConfig                           0x08002f41   Thumb Code    32  stm32f4xx_tim.o(.text)
    TIM_BDTRStructInit                       0x08002f61   Thumb Code    18  stm32f4xx_tim.o(.text)
    TIM_CtrlPWMOutputs                       0x08002f73   Thumb Code    30  stm32f4xx_tim.o(.text)
    TIM_SelectCOM                            0x08002f91   Thumb Code    24  stm32f4xx_tim.o(.text)
    TIM_CCPreloadControl                     0x08002fa9   Thumb Code    24  stm32f4xx_tim.o(.text)
    TIM_ITConfig                             0x08002fc1   Thumb Code    18  stm32f4xx_tim.o(.text)
    TIM_GenerateEvent                        0x08002fd3   Thumb Code     4  stm32f4xx_tim.o(.text)
    TIM_GetFlagStatus                        0x08002fd7   Thumb Code    18  stm32f4xx_tim.o(.text)
    TIM_ClearFlag                            0x08002fe9   Thumb Code     6  stm32f4xx_tim.o(.text)
    TIM_GetITStatus                          0x08002fef   Thumb Code    34  stm32f4xx_tim.o(.text)
    TIM_ClearITPendingBit                    0x08003011   Thumb Code     6  stm32f4xx_tim.o(.text)
    TIM_DMAConfig                            0x08003017   Thumb Code    10  stm32f4xx_tim.o(.text)
    TIM_DMACmd                               0x08003021   Thumb Code    18  stm32f4xx_tim.o(.text)
    TIM_SelectCCDMA                          0x08003033   Thumb Code    24  stm32f4xx_tim.o(.text)
    TIM_InternalClockConfig                  0x0800304b   Thumb Code    12  stm32f4xx_tim.o(.text)
    TIM_SelectInputTrigger                   0x08003057   Thumb Code    18  stm32f4xx_tim.o(.text)
    TIM_ITRxExternalClockConfig              0x08003069   Thumb Code    24  stm32f4xx_tim.o(.text)
    TIM_TIxExternalClockConfig               0x08003081   Thumb Code    62  stm32f4xx_tim.o(.text)
    TIM_ETRConfig                            0x080030bf   Thumb Code    28  stm32f4xx_tim.o(.text)
    TIM_ETRClockMode1Config                  0x080030db   Thumb Code    54  stm32f4xx_tim.o(.text)
    TIM_ETRClockMode2Config                  0x08003111   Thumb Code    32  stm32f4xx_tim.o(.text)
    TIM_SelectOutputTrigger                  0x08003131   Thumb Code    18  stm32f4xx_tim.o(.text)
    TIM_SelectSlaveMode                      0x08003143   Thumb Code    18  stm32f4xx_tim.o(.text)
    TIM_SelectMasterSlaveMode                0x08003155   Thumb Code    18  stm32f4xx_tim.o(.text)
    TIM_EncoderInterfaceConfig               0x08003167   Thumb Code    66  stm32f4xx_tim.o(.text)
    TIM_SelectHallSensor                     0x080031a9   Thumb Code    24  stm32f4xx_tim.o(.text)
    TIM_RemapConfig                          0x080031c1   Thumb Code     6  stm32f4xx_tim.o(.text)
    usmart_sys_cmd_exe                       0x080031c9   Thumb Code  1554  usmart.o(.text)
    usmart_reset_runtime                     0x080037db   Thumb Code    38  usmart.o(.text)
    usmart_get_runtime                       0x08003801   Thumb Code    60  usmart.o(.text)
    TIM4_IRQHandler                          0x0800383d   Thumb Code    46  usmart.o(.text)
    Timer4_Init                              0x0800386b   Thumb Code    86  usmart.o(.text)
    usmart_init                              0x080038c1   Thumb Code    36  usmart.o(.text)
    usmart_cmd_rec                           0x080038e5   Thumb Code   170  usmart.o(.text)
    usmart_exe                               0x0800398f   Thumb Code   868  usmart.o(.text)
    usmart_scan                              0x08003cf3   Thumb Code   120  usmart.o(.text)
    read_addr                                0x08003d6b   Thumb Code     6  usmart.o(.text)
    write_addr                               0x08003d71   Thumb Code     4  usmart.o(.text)
    usmart_strcmp                            0x08003dfd   Thumb Code    34  usmart_str.o(.text)
    usmart_strcopy                           0x08003e1f   Thumb Code    22  usmart_str.o(.text)
    usmart_strlen                            0x08003e35   Thumb Code    24  usmart_str.o(.text)
    usmart_pow                               0x08003e4d   Thumb Code    22  usmart_str.o(.text)
    usmart_str2num                           0x08003e63   Thumb Code   202  usmart_str.o(.text)
    usmart_get_cmdname                       0x08003f2d   Thumb Code    54  usmart_str.o(.text)
    usmart_search_nextc                      0x08003f63   Thumb Code    22  usmart_str.o(.text)
    usmart_get_fname                         0x08003f79   Thumb Code   440  usmart_str.o(.text)
    usmart_get_aparm                         0x08004131   Thumb Code   200  usmart_str.o(.text)
    usmart_get_parmpos                       0x080041f9   Thumb Code    26  usmart_str.o(.text)
    usmart_get_fparam                        0x08004213   Thumb Code   262  usmart_str.o(.text)
    __use_no_semihosting                     0x08004325   Thumb Code     2  use_no_semi_2.o(.text)
    __c89vsprintf                            0x08004329   Thumb Code    32  c89vsprintf.o(.text)
    __2printf                                0x0800434d   Thumb Code    20  __2printf.o(.text)
    _printf_pre_padding                      0x08004365   Thumb Code    44  _printf_pad.o(.text)
    _printf_post_padding                     0x08004391   Thumb Code    34  _printf_pad.o(.text)
    _printf_str                              0x080043b3   Thumb Code    82  _printf_str.o(.text)
    _printf_int_dec                          0x08004405   Thumb Code   104  _printf_dec.o(.text)
    _printf_longlong_hex                     0x0800447d   Thumb Code    86  _printf_hex_int_ll_ptr.o(.text)
    _printf_int_hex                          0x080044d3   Thumb Code    28  _printf_hex_int_ll_ptr.o(.text)
    _printf_ll_hex                           0x080044ef   Thumb Code    12  _printf_hex_int_ll_ptr.o(.text)
    _printf_hex_ptr                          0x080044fb   Thumb Code    18  _printf_hex_int_ll_ptr.o(.text)
    __printf                                 0x08004511   Thumb Code   388  __printf_flags_ss_wp.o(.text)
    strlen                                   0x08004699   Thumb Code    62  strlen.o(.text)
    __use_two_region_memory                  0x080046d7   Thumb Code     2  heapauxi.o(.text)
    __rt_heap_escrow$2region                 0x080046d9   Thumb Code     2  heapauxi.o(.text)
    __rt_heap_expand$2region                 0x080046db   Thumb Code     2  heapauxi.o(.text)
    __I$use$semihosting                      0x080046dd   Thumb Code     0  use_no_semi.o(.text)
    __use_no_semihosting_swi                 0x080046dd   Thumb Code     2  use_no_semi.o(.text)
    _printf_truncate_signed                  0x080046df   Thumb Code    18  _printf_truncate.o(.text)
    _printf_truncate_unsigned                0x080046f1   Thumb Code    18  _printf_truncate.o(.text)
    _printf_int_common                       0x08004703   Thumb Code   178  _printf_intcommon.o(.text)
    _printf_charcount                        0x080047b5   Thumb Code    40  _printf_charcount.o(.text)
    _printf_char_common                      0x080047e7   Thumb Code    32  _printf_char_common.o(.text)
    _sputc                                   0x0800480d   Thumb Code    10  _sputc.o(.text)
    _printf_cs_common                        0x08004817   Thumb Code    20  _printf_char.o(.text)
    _printf_char                             0x0800482b   Thumb Code    16  _printf_char.o(.text)
    _printf_string                           0x0800483b   Thumb Code     8  _printf_char.o(.text)
    _printf_char_file                        0x08004845   Thumb Code    32  _printf_char_file.o(.text)
    _printf_wctomb                           0x08004869   Thumb Code   182  _printf_wctomb.o(.text)
    _printf_longlong_dec                     0x08004925   Thumb Code   108  _printf_longlong_dec.o(.text)
    _printf_longlong_oct                     0x080049a1   Thumb Code    66  _printf_oct_int_ll.o(.text)
    _printf_int_oct                          0x080049e3   Thumb Code    24  _printf_oct_int_ll.o(.text)
    _printf_ll_oct                           0x080049fb   Thumb Code    12  _printf_oct_int_ll.o(.text)
    _ll_udiv10                               0x08004a11   Thumb Code   138  lludiv10.o(.text)
    __lib_sel_fp_printf                      0x08004a9b   Thumb Code     2  _printf_fp_dec.o(.text)
    _printf_fp_dec_real                      0x08004c4d   Thumb Code   620  _printf_fp_dec.o(.text)
    _printf_lcs_common                       0x08004eb9   Thumb Code    20  _printf_wchar.o(.text)
    _printf_wchar                            0x08004ecd   Thumb Code    16  _printf_wchar.o(.text)
    _printf_wstring                          0x08004edd   Thumb Code     8  _printf_wchar.o(.text)
    ferror                                   0x08004ee5   Thumb Code     8  ferror.o(.text)
    _wcrtomb                                 0x08004eed   Thumb Code    64  _wcrtomb.o(.text)
    __user_setup_stackheap                   0x08004f2d   Thumb Code    74  sys_stackheap_outer.o(.text)
    __rt_ctype_table                         0x08004f79   Thumb Code    16  rt_ctype_table.o(.text)
    __rt_locale                              0x08004f89   Thumb Code     8  rt_locale_intlibspace.o(.text)
    _printf_fp_infnan                        0x08004f91   Thumb Code   112  _printf_fp_infnan.o(.text)
    _btod_etento                             0x08005011   Thumb Code   224  bigflt0.o(.text)
    exit                                     0x080050f5   Thumb Code    18  exit.o(.text)
    __user_libspace                          0x08005109   Thumb Code     8  libspace.o(.text)
    __user_perproc_libspace                  0x08005109   Thumb Code     0  libspace.o(.text)
    __user_perthread_libspace                0x08005109   Thumb Code     0  libspace.o(.text)
    strcmp                                   0x08005111   Thumb Code   128  strcmpv7m.o(.text)
    _btod_d2e                                0x08005191   Thumb Code    62  btod.o(CL$$btod_d2e)
    _d2e_denorm_low                          0x080051cf   Thumb Code    70  btod.o(CL$$btod_d2e_denorm_low)
    _d2e_norm_op1                            0x08005215   Thumb Code    96  btod.o(CL$$btod_d2e_norm_op1)
    __btod_div_common                        0x08005275   Thumb Code   696  btod.o(CL$$btod_div_common)
    _e2e                                     0x080055ad   Thumb Code   220  btod.o(CL$$btod_e2e)
    _btod_ediv                               0x08005689   Thumb Code    42  btod.o(CL$$btod_ediv)
    _btod_emul                               0x080056b3   Thumb Code    42  btod.o(CL$$btod_emul)
    __btod_mult_common                       0x080056dd   Thumb Code   580  btod.o(CL$$btod_mult_common)
    __ARM_fpclassify                         0x08005921   Thumb Code    48  fpclassify.o(i.__ARM_fpclassify)
    _is_digit                                0x08005951   Thumb Code    14  __printf_wp.o(i._is_digit)
    _get_lc_numeric                          0x08005961   Thumb Code    44  lc_numeric_c.o(locale$$code)
    _get_lc_ctype                            0x0800598d   Thumb Code    44  lc_ctype_c.o(locale$$code)
    _fp_init                                 0x080059b9   Thumb Code    10  fpinit.o(x$fpl$fpinit)
    __fplib_config_fpu_vfp                   0x080059c1   Thumb Code     0  fpinit.o(x$fpl$fpinit)
    __fplib_config_pureend_doubles           0x080059c1   Thumb Code     0  fpinit.o(x$fpl$fpinit)
    _printf_fp_dec                           0x080059c3   Thumb Code     4  printf1.o(x$fpl$printf1)
    __I$use$fp                               0x080059c6   Number         0  usenofp.o(x$fpl$usenofp)
    asc2_1206                                0x080059c6   Data        1140  oled.o(.constdata)
    asc2_1608                                0x08005e3a   Data        1520  oled.o(.constdata)
    asc2_2412                                0x0800642a   Data        3420  oled.o(.constdata)
    Region$$Table$$Base                      0x080072f4   Number         0  anon$$obj.o(Region$$Table)
    Region$$Table$$Limit                     0x08007314   Number         0  anon$$obj.o(Region$$Table)
    __ctype                                  0x0800733d   Data           0  lc_ctype_c.o(locale$$data)
    SystemCoreClock                          0x20000000   Data           4  system_stm32f4xx.o(.data)
    AHBPrescTable                            0x20000004   Data          16  system_stm32f4xx.o(.data)
    integer                                  0x20000014   Data           1  usart3.o(.data)
    decimal                                  0x20000015   Data           1  usart3.o(.data)
    ad                                       0x20000018   Data           4  usart3.o(.data)
    ad_RX_BUF                                0x2000001c   Data           3  usart3.o(.data)
    USART3_RX_STA                            0x20000020   Data           2  usart3.o(.data)
    flag                                     0x20000024   Data           4  usart3.o(.data)
    i                                        0x20000028   Data           4  usart3.o(.data)
    f                                        0x2000002c   Data           4  usart3.o(.data)
    Hzk1                                     0x20000030   Data         352  oled.o(.data)
    Hzk2                                     0x20000190   Data         216  oled.o(.data)
    Hzk3                                     0x20000268   Data         512  oled.o(.data)
    Hzk4                                     0x20000468   Data        4096  oled.o(.data)
    __stdout                                 0x2000146c   Data           4  usart.o(.data)
    USART_RX_STA                             0x20001470   Data           2  usart.o(.data)
    sys_cmd_tab                              0x20001484   Data          28  usmart.o(.data)
    usmart_nametab                           0x200014a0   Data          32  usmart_config.o(.data)
    usmart_dev                               0x200014c0   Data         244  usmart_config.o(.data)
    USART3_TX_BUF                            0x200015b8   Data         400  usart3.o(.bss)
    USART3_RX_BUF                            0x20001748   Data         400  usart3.o(.bss)
    OLED_GRAM                                0x200018d8   Data        1152  oled.o(.bss)
    USART_RX_BUF                             0x20001d58   Data         200  usart.o(.bss)
    __libspace_start                         0x20001e20   Data          96  libspace.o(.bss)
    __temporary_stack_top$libspace           0x20001e80   Data           0  libspace.o(.bss)



==============================================================================

Memory Map of the image

  Image Entry point : 0x08000189

  Load Region LR_IROM1 (Base: 0x08000000, Size: 0x000089f4, Max: 0x00080000, ABSOLUTE, COMPRESSED[0x00007658])

    Execution Region ER_IROM1 (Exec base: 0x08000000, Load base: 0x08000000, Size: 0x00007440, Max: 0x00080000, ABSOLUTE)

    Exec Addr    Load Addr    Size         Type   Attr      Idx    E Section Name        Object

    0x08000000   0x08000000   0x00000188   Data   RO          657    RESET               startup_stm32f40_41xxx.o
    0x08000188   0x08000188   0x00000008   Code   RO          988  * !!!main             c_w.l(__main.o)
    0x08000190   0x08000190   0x00000034   Code   RO         1251    !!!scatter          c_w.l(__scatter.o)
    0x080001c4   0x080001c4   0x0000005a   Code   RO         1249    !!dczerorl2         c_w.l(__dczerorl2.o)
    0x0800021e   0x0800021e   0x00000002   PAD
    0x08000220   0x08000220   0x0000001c   Code   RO         1253    !!handler_zi        c_w.l(__scatter_zi.o)
    0x0800023c   0x0800023c   0x00000000   Code   RO          983    .ARM.Collect$$_printf_percent$$00000000  c_w.l(_printf_percent.o)
    0x0800023c   0x0800023c   0x00000006   Code   RO         1018    .ARM.Collect$$_printf_percent$$00000001  c_w.l(_printf_n.o)
    0x08000242   0x08000242   0x00000006   Code   RO         1019    .ARM.Collect$$_printf_percent$$00000002  c_w.l(_printf_p.o)
    0x08000248   0x08000248   0x00000006   Code   RO         1022    .ARM.Collect$$_printf_percent$$00000003  c_w.l(_printf_f.o)
    0x0800024e   0x0800024e   0x00000006   Code   RO         1023    .ARM.Collect$$_printf_percent$$00000004  c_w.l(_printf_e.o)
    0x08000254   0x08000254   0x00000006   Code   RO         1024    .ARM.Collect$$_printf_percent$$00000005  c_w.l(_printf_g.o)
    0x0800025a   0x0800025a   0x00000006   Code   RO         1025    .ARM.Collect$$_printf_percent$$00000006  c_w.l(_printf_a.o)
    0x08000260   0x08000260   0x0000000a   Code   RO         1030    .ARM.Collect$$_printf_percent$$00000007  c_w.l(_printf_ll.o)
    0x0800026a   0x0800026a   0x00000006   Code   RO         1021    .ARM.Collect$$_printf_percent$$00000008  c_w.l(_printf_i.o)
    0x08000270   0x08000270   0x00000006   Code   RO          981    .ARM.Collect$$_printf_percent$$00000009  c_w.l(_printf_d.o)
    0x08000276   0x08000276   0x00000006   Code   RO          982    .ARM.Collect$$_printf_percent$$0000000A  c_w.l(_printf_u.o)
    0x0800027c   0x0800027c   0x00000006   Code   RO         1020    .ARM.Collect$$_printf_percent$$0000000B  c_w.l(_printf_o.o)
    0x08000282   0x08000282   0x00000006   Code   RO          980    .ARM.Collect$$_printf_percent$$0000000C  c_w.l(_printf_x.o)
    0x08000288   0x08000288   0x00000006   Code   RO         1027    .ARM.Collect$$_printf_percent$$0000000D  c_w.l(_printf_lli.o)
    0x0800028e   0x0800028e   0x00000006   Code   RO         1028    .ARM.Collect$$_printf_percent$$0000000E  c_w.l(_printf_lld.o)
    0x08000294   0x08000294   0x00000006   Code   RO         1029    .ARM.Collect$$_printf_percent$$0000000F  c_w.l(_printf_llu.o)
    0x0800029a   0x0800029a   0x00000006   Code   RO         1034    .ARM.Collect$$_printf_percent$$00000010  c_w.l(_printf_llo.o)
    0x080002a0   0x080002a0   0x00000006   Code   RO         1035    .ARM.Collect$$_printf_percent$$00000011  c_w.l(_printf_llx.o)
    0x080002a6   0x080002a6   0x0000000a   Code   RO         1031    .ARM.Collect$$_printf_percent$$00000012  c_w.l(_printf_l.o)
    0x080002b0   0x080002b0   0x00000006   Code   RO          978    .ARM.Collect$$_printf_percent$$00000013  c_w.l(_printf_c.o)
    0x080002b6   0x080002b6   0x00000006   Code   RO          979    .ARM.Collect$$_printf_percent$$00000014  c_w.l(_printf_s.o)
    0x080002bc   0x080002bc   0x00000006   Code   RO         1032    .ARM.Collect$$_printf_percent$$00000015  c_w.l(_printf_lc.o)
    0x080002c2   0x080002c2   0x00000006   Code   RO         1033    .ARM.Collect$$_printf_percent$$00000016  c_w.l(_printf_ls.o)
    0x080002c8   0x080002c8   0x00000004   Code   RO         1026    .ARM.Collect$$_printf_percent$$00000017  c_w.l(_printf_percent_end.o)
    0x080002cc   0x080002cc   0x00000002   Code   RO         1113    .ARM.Collect$$libinit$$00000000  c_w.l(libinit.o)
    0x080002ce   0x080002ce   0x00000004   Code   RO         1129    .ARM.Collect$$libinit$$00000001  c_w.l(libinit2.o)
    0x080002d2   0x080002d2   0x00000000   Code   RO         1132    .ARM.Collect$$libinit$$00000004  c_w.l(libinit2.o)
    0x080002d2   0x080002d2   0x00000000   Code   RO         1135    .ARM.Collect$$libinit$$0000000A  c_w.l(libinit2.o)
    0x080002d2   0x080002d2   0x00000000   Code   RO         1137    .ARM.Collect$$libinit$$0000000C  c_w.l(libinit2.o)
    0x080002d2   0x080002d2   0x00000000   Code   RO         1139    .ARM.Collect$$libinit$$0000000E  c_w.l(libinit2.o)
    0x080002d2   0x080002d2   0x00000006   Code   RO         1140    .ARM.Collect$$libinit$$0000000F  c_w.l(libinit2.o)
    0x080002d8   0x080002d8   0x00000000   Code   RO         1142    .ARM.Collect$$libinit$$00000011  c_w.l(libinit2.o)
    0x080002d8   0x080002d8   0x0000000c   Code   RO         1143    .ARM.Collect$$libinit$$00000012  c_w.l(libinit2.o)
    0x080002e4   0x080002e4   0x00000000   Code   RO         1144    .ARM.Collect$$libinit$$00000013  c_w.l(libinit2.o)
    0x080002e4   0x080002e4   0x00000000   Code   RO         1146    .ARM.Collect$$libinit$$00000015  c_w.l(libinit2.o)
    0x080002e4   0x080002e4   0x0000000a   Code   RO         1147    .ARM.Collect$$libinit$$00000016  c_w.l(libinit2.o)
    0x080002ee   0x080002ee   0x00000000   Code   RO         1148    .ARM.Collect$$libinit$$00000017  c_w.l(libinit2.o)
    0x080002ee   0x080002ee   0x00000000   Code   RO         1150    .ARM.Collect$$libinit$$00000019  c_w.l(libinit2.o)
    0x080002ee   0x080002ee   0x00000000   Code   RO         1152    .ARM.Collect$$libinit$$0000001B  c_w.l(libinit2.o)
    0x080002ee   0x080002ee   0x00000000   Code   RO         1154    .ARM.Collect$$libinit$$0000001D  c_w.l(libinit2.o)
    0x080002ee   0x080002ee   0x00000000   Code   RO         1156    .ARM.Collect$$libinit$$0000001F  c_w.l(libinit2.o)
    0x080002ee   0x080002ee   0x00000000   Code   RO         1158    .ARM.Collect$$libinit$$00000021  c_w.l(libinit2.o)
    0x080002ee   0x080002ee   0x00000000   Code   RO         1160    .ARM.Collect$$libinit$$00000023  c_w.l(libinit2.o)
    0x080002ee   0x080002ee   0x00000000   Code   RO         1162    .ARM.Collect$$libinit$$00000025  c_w.l(libinit2.o)
    0x080002ee   0x080002ee   0x00000000   Code   RO         1166    .ARM.Collect$$libinit$$0000002C  c_w.l(libinit2.o)
    0x080002ee   0x080002ee   0x00000000   Code   RO         1168    .ARM.Collect$$libinit$$0000002E  c_w.l(libinit2.o)
    0x080002ee   0x080002ee   0x00000000   Code   RO         1170    .ARM.Collect$$libinit$$00000030  c_w.l(libinit2.o)
    0x080002ee   0x080002ee   0x00000000   Code   RO         1172    .ARM.Collect$$libinit$$00000032  c_w.l(libinit2.o)
    0x080002ee   0x080002ee   0x00000002   Code   RO         1173    .ARM.Collect$$libinit$$00000033  c_w.l(libinit2.o)
    0x080002f0   0x080002f0   0x00000002   Code   RO         1191    .ARM.Collect$$libshutdown$$00000000  c_w.l(libshutdown.o)
    0x080002f2   0x080002f2   0x00000000   Code   RO         1201    .ARM.Collect$$libshutdown$$00000002  c_w.l(libshutdown2.o)
    0x080002f2   0x080002f2   0x00000000   Code   RO         1203    .ARM.Collect$$libshutdown$$00000004  c_w.l(libshutdown2.o)
    0x080002f2   0x080002f2   0x00000000   Code   RO         1206    .ARM.Collect$$libshutdown$$00000007  c_w.l(libshutdown2.o)
    0x080002f2   0x080002f2   0x00000000   Code   RO         1209    .ARM.Collect$$libshutdown$$0000000A  c_w.l(libshutdown2.o)
    0x080002f2   0x080002f2   0x00000000   Code   RO         1211    .ARM.Collect$$libshutdown$$0000000C  c_w.l(libshutdown2.o)
    0x080002f2   0x080002f2   0x00000000   Code   RO         1214    .ARM.Collect$$libshutdown$$0000000F  c_w.l(libshutdown2.o)
    0x080002f2   0x080002f2   0x00000002   Code   RO         1215    .ARM.Collect$$libshutdown$$00000010  c_w.l(libshutdown2.o)
    0x080002f4   0x080002f4   0x00000000   Code   RO          992    .ARM.Collect$$rtentry$$00000000  c_w.l(__rtentry.o)
    0x080002f4   0x080002f4   0x00000000   Code   RO         1039    .ARM.Collect$$rtentry$$00000002  c_w.l(__rtentry2.o)
    0x080002f4   0x080002f4   0x00000006   Code   RO         1051    .ARM.Collect$$rtentry$$00000004  c_w.l(__rtentry4.o)
    0x080002fa   0x080002fa   0x00000000   Code   RO         1041    .ARM.Collect$$rtentry$$00000009  c_w.l(__rtentry2.o)
    0x080002fa   0x080002fa   0x00000004   Code   RO         1042    .ARM.Collect$$rtentry$$0000000A  c_w.l(__rtentry2.o)
    0x080002fe   0x080002fe   0x00000000   Code   RO         1044    .ARM.Collect$$rtentry$$0000000C  c_w.l(__rtentry2.o)
    0x080002fe   0x080002fe   0x00000008   Code   RO         1045    .ARM.Collect$$rtentry$$0000000D  c_w.l(__rtentry2.o)
    0x08000306   0x08000306   0x00000002   Code   RO         1122    .ARM.Collect$$rtexit$$00000000  c_w.l(rtexit.o)
    0x08000308   0x08000308   0x00000000   Code   RO         1175    .ARM.Collect$$rtexit$$00000002  c_w.l(rtexit2.o)
    0x08000308   0x08000308   0x00000004   Code   RO         1176    .ARM.Collect$$rtexit$$00000003  c_w.l(rtexit2.o)
    0x0800030c   0x0800030c   0x00000006   Code   RO         1177    .ARM.Collect$$rtexit$$00000004  c_w.l(rtexit2.o)
    0x08000312   0x08000312   0x00000002   PAD
    0x08000314   0x08000314   0x00000158   Code   RO            4    .text               main.o
    0x0800046c   0x0800046c   0x0000001a   Code   RO          184    .text               stm32f4xx_it.o
    0x08000486   0x08000486   0x00000002   PAD
    0x08000488   0x08000488   0x00000210   Code   RO          312    .text               system_stm32f4xx.o
    0x08000698   0x08000698   0x00000088   Code   RO          429    .text               timer.o
    0x08000720   0x08000720   0x000002b8   Code   RO          457    .text               usart3.o
    0x080009d8   0x080009d8   0x000001f8   Code   RO          498    .text               hc05.o
    0x08000bd0   0x08000bd0   0x00000898   Code   RO          537    .text               oled.o
    0x08001468   0x08001468   0x00000104   Code   RO          575    .text               delay.o
    0x0800156c   0x0800156c   0x00000154   Code   RO          623    .text               usart.o
    0x080016c0   0x080016c0   0x00000040   Code   RO          658    .text               startup_stm32f40_41xxx.o
    0x08001700   0x08001700   0x000000e0   Code   RO          665    .text               misc.o
    0x080017e0   0x080017e0   0x00000294   Code   RO          689    .text               stm32f4xx_gpio.o
    0x08001a74   0x08001a74   0x0000065c   Code   RO          740    .text               stm32f4xx_rcc.o
    0x080020d0   0x080020d0   0x00000454   Code   RO          790    .text               stm32f4xx_usart.o
    0x08002524   0x08002524   0x00000ca2   Code   RO          814    .text               stm32f4xx_tim.o
    0x080031c6   0x080031c6   0x00000002   PAD
    0x080031c8   0x080031c8   0x00000c34   Code   RO          838    .text               usmart.o
    0x08003dfc   0x08003dfc   0x00000528   Code   RO          898    .text               usmart_str.o
    0x08004324   0x08004324   0x00000002   Code   RO          921    .text               c_w.l(use_no_semi_2.o)
    0x08004326   0x08004326   0x00000002   PAD
    0x08004328   0x08004328   0x00000024   Code   RO          923    .text               c_w.l(c89vsprintf.o)
    0x0800434c   0x0800434c   0x00000018   Code   RO          925    .text               c_w.l(__2printf.o)
    0x08004364   0x08004364   0x0000004e   Code   RO          931    .text               c_w.l(_printf_pad.o)
    0x080043b2   0x080043b2   0x00000052   Code   RO          933    .text               c_w.l(_printf_str.o)
    0x08004404   0x08004404   0x00000078   Code   RO          935    .text               c_w.l(_printf_dec.o)
    0x0800447c   0x0800447c   0x00000094   Code   RO          955    .text               c_w.l(_printf_hex_int_ll_ptr.o)
    0x08004510   0x08004510   0x00000188   Code   RO          975    .text               c_w.l(__printf_flags_ss_wp.o)
    0x08004698   0x08004698   0x0000003e   Code   RO          984    .text               c_w.l(strlen.o)
    0x080046d6   0x080046d6   0x00000006   Code   RO          986    .text               c_w.l(heapauxi.o)
    0x080046dc   0x080046dc   0x00000002   Code   RO          990    .text               c_w.l(use_no_semi.o)
    0x080046de   0x080046de   0x00000024   Code   RO          993    .text               c_w.l(_printf_truncate.o)
    0x08004702   0x08004702   0x000000b2   Code   RO          995    .text               c_w.l(_printf_intcommon.o)
    0x080047b4   0x080047b4   0x00000028   Code   RO          997    .text               c_w.l(_printf_charcount.o)
    0x080047dc   0x080047dc   0x00000030   Code   RO          999    .text               c_w.l(_printf_char_common.o)
    0x0800480c   0x0800480c   0x0000000a   Code   RO         1001    .text               c_w.l(_sputc.o)
    0x08004816   0x08004816   0x0000002c   Code   RO         1003    .text               c_w.l(_printf_char.o)
    0x08004842   0x08004842   0x00000002   PAD
    0x08004844   0x08004844   0x00000024   Code   RO         1005    .text               c_w.l(_printf_char_file.o)
    0x08004868   0x08004868   0x000000bc   Code   RO         1007    .text               c_w.l(_printf_wctomb.o)
    0x08004924   0x08004924   0x0000007c   Code   RO         1010    .text               c_w.l(_printf_longlong_dec.o)
    0x080049a0   0x080049a0   0x00000070   Code   RO         1016    .text               c_w.l(_printf_oct_int_ll.o)
    0x08004a10   0x08004a10   0x0000008a   Code   RO         1053    .text               c_w.l(lludiv10.o)
    0x08004a9a   0x08004a9a   0x0000041e   Code   RO         1055    .text               c_w.l(_printf_fp_dec.o)
    0x08004eb8   0x08004eb8   0x0000002c   Code   RO         1059    .text               c_w.l(_printf_wchar.o)
    0x08004ee4   0x08004ee4   0x00000008   Code   RO         1061    .text               c_w.l(ferror.o)
    0x08004eec   0x08004eec   0x00000040   Code   RO         1065    .text               c_w.l(_wcrtomb.o)
    0x08004f2c   0x08004f2c   0x0000004a   Code   RO         1067    .text               c_w.l(sys_stackheap_outer.o)
    0x08004f76   0x08004f76   0x00000002   PAD
    0x08004f78   0x08004f78   0x00000010   Code   RO         1069    .text               c_w.l(rt_ctype_table.o)
    0x08004f88   0x08004f88   0x00000008   Code   RO         1074    .text               c_w.l(rt_locale_intlibspace.o)
    0x08004f90   0x08004f90   0x00000080   Code   RO         1076    .text               c_w.l(_printf_fp_infnan.o)
    0x08005010   0x08005010   0x000000e4   Code   RO         1078    .text               c_w.l(bigflt0.o)
    0x080050f4   0x080050f4   0x00000012   Code   RO         1106    .text               c_w.l(exit.o)
    0x08005106   0x08005106   0x00000002   PAD
    0x08005108   0x08005108   0x00000008   Code   RO         1119    .text               c_w.l(libspace.o)
    0x08005110   0x08005110   0x00000080   Code   RO         1127    .text               c_w.l(strcmpv7m.o)
    0x08005190   0x08005190   0x0000003e   Code   RO         1081    CL$$btod_d2e        c_w.l(btod.o)
    0x080051ce   0x080051ce   0x00000046   Code   RO         1083    CL$$btod_d2e_denorm_low  c_w.l(btod.o)
    0x08005214   0x08005214   0x00000060   Code   RO         1082    CL$$btod_d2e_norm_op1  c_w.l(btod.o)
    0x08005274   0x08005274   0x00000338   Code   RO         1091    CL$$btod_div_common  c_w.l(btod.o)
    0x080055ac   0x080055ac   0x000000dc   Code   RO         1088    CL$$btod_e2e        c_w.l(btod.o)
    0x08005688   0x08005688   0x0000002a   Code   RO         1085    CL$$btod_ediv       c_w.l(btod.o)
    0x080056b2   0x080056b2   0x0000002a   Code   RO         1084    CL$$btod_emul       c_w.l(btod.o)
    0x080056dc   0x080056dc   0x00000244   Code   RO         1090    CL$$btod_mult_common  c_w.l(btod.o)
    0x08005920   0x08005920   0x00000030   Code   RO         1117    i.__ARM_fpclassify  m_wm.l(fpclassify.o)
    0x08005950   0x08005950   0x0000000e   Code   RO          968    i._is_digit         c_w.l(__printf_wp.o)
    0x0800595e   0x0800595e   0x00000002   PAD
    0x08005960   0x08005960   0x0000002c   Code   RO         1104    locale$$code        c_w.l(lc_numeric_c.o)
    0x0800598c   0x0800598c   0x0000002c   Code   RO         1125    locale$$code        c_w.l(lc_ctype_c.o)
    0x080059b8   0x080059b8   0x0000000a   Code   RO         1183    x$fpl$fpinit        fz_wm.l(fpinit.o)
    0x080059c2   0x080059c2   0x00000004   Code   RO         1036    x$fpl$printf1       fz_wm.l(printf1.o)
    0x080059c6   0x080059c6   0x00000000   Code   RO         1116    x$fpl$usenofp       fz_wm.l(usenofp.o)
    0x080059c6   0x080059c6   0x000017c0   Data   RO          539    .constdata          oled.o
    0x08007186   0x08007186   0x00000028   Data   RO          956    .constdata          c_w.l(_printf_hex_int_ll_ptr.o)
    0x080071ae   0x080071ae   0x00000011   Data   RO          976    .constdata          c_w.l(__printf_flags_ss_wp.o)
    0x080071bf   0x080071bf   0x00000001   PAD
    0x080071c0   0x080071c0   0x00000008   Data   RO         1008    .constdata          c_w.l(_printf_wctomb.o)
    0x080071c8   0x080071c8   0x00000094   Data   RO         1079    .constdata          c_w.l(bigflt0.o)
    0x0800725c   0x0800725c   0x00000028   Data   RO          839    .conststring        usmart.o
    0x08007284   0x08007284   0x0000006f   Data   RO          873    .conststring        usmart_config.o
    0x080072f3   0x080072f3   0x00000001   PAD
    0x080072f4   0x080072f4   0x00000020   Data   RO         1247    Region$$Table       anon$$obj.o
    0x08007314   0x08007314   0x0000001c   Data   RO         1103    locale$$data        c_w.l(lc_numeric_c.o)
    0x08007330   0x08007330   0x00000110   Data   RO         1124    locale$$data        c_w.l(lc_ctype_c.o)


    Execution Region RW_IRAM1 (Exec base: 0x20000000, Load base: 0x08007440, Size: 0x00002480, Max: 0x00020000, ABSOLUTE, COMPRESSED[0x00000218])

    Exec Addr    Load Addr    Size         Type   Attr      Idx    E Section Name        Object

    0x20000000   COMPRESSED   0x00000014   Data   RW          313    .data               system_stm32f4xx.o
    0x20000014   COMPRESSED   0x0000001c   Data   RW          459    .data               usart3.o
    0x20000030   COMPRESSED   0x00001438   Data   RW          540    .data               oled.o
    0x20001468   COMPRESSED   0x00000004   Data   RW          576    .data               delay.o
    0x2000146c   COMPRESSED   0x00000006   Data   RW          625    .data               usart.o
    0x20001472   COMPRESSED   0x00000010   Data   RW          741    .data               stm32f4xx_rcc.o
    0x20001482   COMPRESSED   0x00000002   PAD
    0x20001484   COMPRESSED   0x0000001c   Data   RW          840    .data               usmart.o
    0x200014a0   COMPRESSED   0x00000114   Data   RW          874    .data               usmart_config.o
    0x200015b4   COMPRESSED   0x00000004   PAD
    0x200015b8        -       0x00000320   Zero   RW          458    .bss                usart3.o
    0x200018d8        -       0x00000480   Zero   RW          538    .bss                oled.o
    0x20001d58        -       0x000000c8   Zero   RW          624    .bss                usart.o
    0x20001e20        -       0x00000060   Zero   RW         1120    .bss                c_w.l(libspace.o)
    0x20001e80        -       0x00000200   Zero   RW          656    HEAP                startup_stm32f40_41xxx.o
    0x20002080        -       0x00000400   Zero   RW          655    STACK               startup_stm32f40_41xxx.o


==============================================================================

Image component sizes


      Code (inc. data)   RO Data    RW Data    ZI Data      Debug   Object Name

       260          8          0          4          0       1653   delay.o
       504         52          0          0          0       2240   hc05.o
         0          0          0          0          0     229316   led.o
       344        124          0          0          0     247536   main.o
       224         20          0          0          0       1989   misc.o
      2200         50       6080       5176       1152       8717   oled.o
        64         26        392          0       1536        896   startup_stm32f40_41xxx.o
       660         44          0          0          0       4329   stm32f4xx_gpio.o
        26          0          0          0          0      49522   stm32f4xx_it.o
      1628         52          0         16          0      13292   stm32f4xx_rcc.o
      3234         60          0          0          0      23188   stm32f4xx_tim.o
      1108         34          0          0          0       8056   stm32f4xx_usart.o
       528         46          0         20          0       2035   system_stm32f4xx.o
       136          8          0          0          0        908   timer.o
       340         18          0          6        200       3602   usart.o
       696         92          0         28        800       3128   usart3.o
      3124       1286         40         28          0       4678   usmart.o
         0          0        111        276          0       1784   usmart_config.o
      1320         12          0          0          0       5513   usmart_str.o

    ----------------------------------------------------------------------
     16400       1932       6656       5556       3692     612382   Object Totals
         0          0         32          0          0          0   (incl. Generated)
         4          0          1          2          4          0   (incl. Padding)

    ----------------------------------------------------------------------

      Code (inc. data)   RO Data    RW Data    ZI Data      Debug   Library Member Name

        24          4          0          0          0         84   __2printf.o
        90          0          0          0          0          0   __dczerorl2.o
         8          0          0          0          0         68   __main.o
       392          4         17          0          0         92   __printf_flags_ss_wp.o
        14          0          0          0          0         68   __printf_wp.o
         0          0          0          0          0          0   __rtentry.o
        12          0          0          0          0          0   __rtentry2.o
         6          0          0          0          0          0   __rtentry4.o
        52          8          0          0          0          0   __scatter.o
        28          0          0          0          0          0   __scatter_zi.o
         6          0          0          0          0          0   _printf_a.o
         6          0          0          0          0          0   _printf_c.o
        44          0          0          0          0        108   _printf_char.o
        48          6          0          0          0         96   _printf_char_common.o
        36          4          0          0          0         80   _printf_char_file.o
        40          0          0          0          0         68   _printf_charcount.o
         6          0          0          0          0          0   _printf_d.o
       120         16          0          0          0         92   _printf_dec.o
         6          0          0          0          0          0   _printf_e.o
         6          0          0          0          0          0   _printf_f.o
      1054          0          0          0          0        216   _printf_fp_dec.o
       128         16          0          0          0         84   _printf_fp_infnan.o
         6          0          0          0          0          0   _printf_g.o
       148          4         40          0          0        160   _printf_hex_int_ll_ptr.o
         6          0          0          0          0          0   _printf_i.o
       178          0          0          0          0         88   _printf_intcommon.o
        10          0          0          0          0          0   _printf_l.o
         6          0          0          0          0          0   _printf_lc.o
        10          0          0          0          0          0   _printf_ll.o
         6          0          0          0          0          0   _printf_lld.o
         6          0          0          0          0          0   _printf_lli.o
         6          0          0          0          0          0   _printf_llo.o
         6          0          0          0          0          0   _printf_llu.o
         6          0          0          0          0          0   _printf_llx.o
       124         16          0          0          0         92   _printf_longlong_dec.o
         6          0          0          0          0          0   _printf_ls.o
         6          0          0          0          0          0   _printf_n.o
         6          0          0          0          0          0   _printf_o.o
       112         10          0          0          0        124   _printf_oct_int_ll.o
         6          0          0          0          0          0   _printf_p.o
        78          0          0          0          0        108   _printf_pad.o
         0          0          0          0          0          0   _printf_percent.o
         4          0          0          0          0          0   _printf_percent_end.o
         6          0          0          0          0          0   _printf_s.o
        82          0          0          0          0         80   _printf_str.o
        36          0          0          0          0         84   _printf_truncate.o
         6          0          0          0          0          0   _printf_u.o
        44          0          0          0          0        108   _printf_wchar.o
       188          6          8          0          0         92   _printf_wctomb.o
         6          0          0          0          0          0   _printf_x.o
        10          0          0          0          0         68   _sputc.o
        64          0          0          0          0         92   _wcrtomb.o
       228          4        148          0          0         96   bigflt0.o
      1936        128          0          0          0        672   btod.o
        36          4          0          0          0         76   c89vsprintf.o
        18          0          0          0          0         80   exit.o
         8          0          0          0          0         68   ferror.o
         6          0          0          0          0        152   heapauxi.o
        44         10        272          0          0         76   lc_ctype_c.o
        44         10         28          0          0         76   lc_numeric_c.o
         2          0          0          0          0          0   libinit.o
        34          0          0          0          0          0   libinit2.o
         2          0          0          0          0          0   libshutdown.o
         2          0          0          0          0          0   libshutdown2.o
         8          4          0          0         96         68   libspace.o
       138          0          0          0          0         80   lludiv10.o
        16          4          0          0          0         76   rt_ctype_table.o
         8          4          0          0          0         68   rt_locale_intlibspace.o
         2          0          0          0          0          0   rtexit.o
        10          0          0          0          0          0   rtexit2.o
       128          0          0          0          0         68   strcmpv7m.o
        62          0          0          0          0         76   strlen.o
        74          0          0          0          0         80   sys_stackheap_outer.o
         2          0          0          0          0         68   use_no_semi.o
         2          0          0          0          0         68   use_no_semi_2.o
        10          0          0          0          0        116   fpinit.o
         4          0          0          0          0        116   printf1.o
         0          0          0          0          0          0   usenofp.o
        48          0          0          0          0        124   fpclassify.o

    ----------------------------------------------------------------------
      6190        262        514          0         96       4456   Library Totals
        14          0          1          0          0          0   (incl. Padding)

    ----------------------------------------------------------------------

      Code (inc. data)   RO Data    RW Data    ZI Data      Debug   Library Name

      6114        262        513          0         96       4100   c_w.l
        14          0          0          0          0        232   fz_wm.l
        48          0          0          0          0        124   m_wm.l

    ----------------------------------------------------------------------
      6190        262        514          0         96       4456   Library Totals

    ----------------------------------------------------------------------

==============================================================================


      Code (inc. data)   RO Data    RW Data    ZI Data      Debug   

     22590       2194       7170       5556       3788     611302   Grand Totals
     22590       2194       7170        536       3788     611302   ELF Image Totals (compressed)
     22590       2194       7170        536          0          0   ROM Totals

==============================================================================

    Total RO  Size (Code + RO Data)                29760 (  29.06kB)
    Total RW  Size (RW Data + ZI Data)              9344 (   9.13kB)
    Total ROM Size (Code + RO Data + RW Data)      30296 (  29.59kB)

==============================================================================

