<html>
<body>
<pre>
<h1>礦ision Build Log</h1>
<h2>Tool Versions:</h2>
IDE-Version: μVision V5.28.0.0
Copyright (C) 2019 ARM Ltd and ARM Germany GmbH. All rights reserved.
License Information: c 陈宝轩, c, LIC=NHY8T-R5W4A-152TV-PZWGV-PA1ND-GQDK9
 
Tool Versions:
Toolchain:       MDK-ARM Professional  Version: 5.28.0.0
Toolchain Path:  D:\Keil_v5\ARM\ARMCC\Bin
C Compiler:      Armcc.exe V5.06 update 6 (build 750)
Assembler:       Armasm.exe V5.06 update 6 (build 750)
Linker/Locator:  ArmLink.exe V5.06 update 6 (build 750)
Library Manager: ArmAr.exe V5.06 update 6 (build 750)
Hex Converter:   FromElf.exe V5.06 update 6 (build 750)
CPU DLL:         SARMCM3.DLL V5.28.0.0
Dialog DLL:      DCM.DLL V1.17.3.0
Target DLL:      Segger\JL2CM3.dll V2.99.18.0
Dialog DLL:      TCM.DLL V1.36.2.0
 
<h2>Project:</h2>
D:\陈宝轩文件\节能减排比赛\节能减排_32蓝牙HC08主机部分\USER\ATK-HC05.uvprojx
Project File Date:  05/15/2020

<h2>Output:</h2>
*** Using Compiler 'V5.06 update 6 (build 750)', folder: 'D:\Keil_v5\ARM\ARMCC\Bin'
Build target 'ATK-HC05'
compiling menu.c...
..\HARDWARE\CORD\menu.c(91): warning:  #1035-D: single-precision operand implicitly converted to double-precision
  		if(ad_123[i]<0.5)
..\HARDWARE\CORD\menu.c(108): warning:  #1035-D: single-precision operand implicitly converted to double-precision
  	if(ad_123[1]<0.5)
..\HARDWARE\CORD\menu.c(121): warning:  #1035-D: single-precision operand implicitly converted to double-precision
  	if(ad_123[0]<0.5 && ad_123[1]<0.5 && ad_123[2]<0.5)
..\HARDWARE\CORD\menu.c(121): warning:  #1035-D: single-precision operand implicitly converted to double-precision
  	if(ad_123[0]<0.5 && ad_123[1]<0.5 && ad_123[2]<0.5)
..\HARDWARE\CORD\menu.c(121): warning:  #1035-D: single-precision operand implicitly converted to double-precision
  	if(ad_123[0]<0.5 && ad_123[1]<0.5 && ad_123[2]<0.5)
..\HARDWARE\CORD\menu.c: 5 warnings, 0 errors
linking...
Program Size: Code=24028 RO-data=7172 RW-data=7600 ZI-data=3808  
FromELF: creating hex file...
"..\OBJ\ATK-HC05.axf" - 0 Error(s), 5 Warning(s).

<h2>Software Packages used:</h2>

Package Vendor: Keil
                http://www.keil.com/pack/Keil.STM32F4xx_DFP.1.0.8.pack
                Keil.STM32F4xx_DFP.1.0.8
                STMicroelectronics STM32F4 Series Device Support, Drivers and Examples

<h2>Collection of Component include folders:</h2>
  .\RTE\_ATK-HC05
  D:\Keil_v5\ARM\PACK\Keil\STM32F4xx_DFP\1.0.8\Device\Include

<h2>Collection of Component Files used:</h2>
Build Time Elapsed:  00:00:01
</pre>
</body>
</html>
